level=debug ts=2022-03-13T15:41:46.2397191Z caller=writer.go:94 component=receive component=receive-writer msg="Out of bounds metric" lset="{__name__=\"tikv_config_raftstore\", cluster=\"basic\", component=\"tikv\", instance=\"basic-tikv-0\", job=\"default-basic-tikv\", kubernetes_namespace=\"default\", name=\"lock_cf_compact_bytes_threshold\", prometheus_replica=\"default_basic-monitor-0\", tidb_cluster=\"default-basic\"}" sample="unsupported value type"
level=debug ts=2022-03-13T15:41:46.2398692Z caller=writer.go:94 component=receive component=receive-writer msg="Out of bounds metric" lset="{__name__=\"tikv_config_rocksdb\", cf=\"lock\", cluster=\"basic\", component=\"tikv\", instance=\"basic-tikv-0\", job=\"default-basic-tikv\", kubernetes_namespace=\"default\", name=\"max_bytes_for_level_multiplier\", prometheus_replica=\"default_basic-monitor-0\", tidb_cluster=\"default-basic\"}" sample="unsupported value type"
level=debug ts=2022-03-13T15:41:46.2399076Z caller=writer.go:94 component=receive component=receive-writer msg="Out of bounds metric" lset="{__name__=\"tikv_coprocessor_executor_count\", cluster=\"basic\", component=\"tikv\", instance=\"basic-tikv-0\", job=\"default-basic-tikv\", kubernetes_namespace=\"default\", prometheus_replica=\"default_basic-monitor-0\", tidb_cluster=\"default-basic\", type=\"selection\"}" sample="unsupported value type"
level=debug ts=2022-03-13T15:41:46.2399451Z caller=writer.go:94 component=receive component=receive-writer msg="Out of bounds metric" lset="{__name__=\"tikv_coprocessor_request_duration_seconds_bucket\", cluster=\"basic\", component=\"tikv\", instance=\"basic-tikv-0\", job=\"default-basic-tikv\", kubernetes_namespace=\"default\", le=\"0.001\", prometheus_replica=\"default_basic-monitor-0\", req=\"checksum_index\", tidb_cluster=\"default-basic\"}" sample="unsupported value type"
level=debug ts=2022-03-13T15:41:46.239982Z caller=writer.go:94 component=receive component=receive-writer msg="Out of bounds metric" lset="{__name__=\"tikv_coprocessor_request_duration_seconds_bucket\", cluster=\"basic\", component=\"tikv\", instance=\"basic-tikv-0\", job=\"default-basic-tikv\", kubernetes_namespace=\"default\", le=\"0.256\", prometheus_replica=\"default_basic-monitor-0\", req=\"test\", tidb_cluster=\"default-basic\"}" sample="unsupported value type"
level=debug ts=2022-03-13T15:41:46.2400255Z caller=writer.go:94 component=receive component=receive-writer msg="Out of bounds metric" lset="{__name__=\"tikv_coprocessor_request_handle_seconds_bucket\", cluster=\"basic\", component=\"tikv\", instance=\"basic-tikv-0\", job=\"default-basic-tikv\", kubernetes_namespace=\"default\", le=\"65.536\", prometheus_replica=\"default_basic-monitor-0\", req=\"checksum_index\", tidb_cluster=\"default-basic\"}" sample="unsupported value type"
level=debug ts=2022-03-13T15:41:46.2400686Z caller=writer.go:94 component=receive component=receive-writer msg="Out of bounds metric" lset="{__name__=\"tikv_coprocessor_request_handler_build_seconds_bucket\", cluster=\"basic\", component=\"tikv\", instance=\"basic-tikv-0\", job=\"default-basic-tikv\", kubernetes_namespace=\"default\", le=\"0.002\", prometheus_replica=\"default_basic-monitor-0\", req=\"analyze_full_sampling\", tidb_cluster=\"default-basic\"}" sample="unsupported value type"
level=debug ts=2022-03-13T15:41:46.2401472Z caller=writer.go:94 component=receive component=receive-writer msg="Out of bounds metric" lset="{__name__=\"tikv_coprocessor_request_handler_build_seconds_bucket\", cluster=\"basic\", component=\"tikv\", instance=\"basic-tikv-0\", job=\"default-basic-tikv\", kubernetes_namespace=\"default\", le=\"0.512\", prometheus_replica=\"default_basic-monitor-0\", req=\"checksum_table\", tidb_cluster=\"default-basic\"}" sample="unsupported value type"
level=debug ts=2022-03-13T15:41:46.2401906Z caller=writer.go:94 component=receive component=receive-writer msg="Out of bounds metric" lset="{__name__=\"tikv_coprocessor_request_wait_seconds_bucket\", cluster=\"basic\", component=\"tikv\", instance=\"basic-tikv-0\", job=\"default-basic-tikv\", kubernetes_namespace=\"default\", le=\"131.072\", prometheus_replica=\"default_basic-monitor-0\", req=\"analyze_full_sampling\", tidb_cluster=\"default-basic\", type=\"all\"}" sample="unsupported value type"
level=debug ts=2022-03-13T15:41:46.2402349Z caller=writer.go:94 component=receive component=receive-writer msg="Out of bounds metric" lset="{__name__=\"tikv_coprocessor_request_wait_seconds_bucket\", cluster=\"basic\", component=\"tikv\", instance=\"basic-tikv-0\", job=\"default-basic-tikv\", kubernetes_namespace=\"default\", le=\"0.004\", prometheus_replica=\"default_basic-monitor-0\", req=\"analyze_index\", tidb_cluster=\"default-basic\", type=\"snapshot\"}" sample="unsupported value type"
level=debug ts=2022-03-13T15:41:46.2403134Z caller=writer.go:94 component=receive component=receive-writer msg="Out of bounds metric" lset="{__name__=\"tikv_coprocessor_request_wait_seconds_bucket\", cluster=\"basic\", component=\"tikv\", instance=\"basic-tikv-0\", job=\"default-basic-tikv\", kubernetes_namespace=\"default\", le=\"1.024\", prometheus_replica=\"default_basic-monitor-0\", req=\"checksum_index\", tidb_cluster=\"default-basic\", type=\"all\"}" sample="unsupported value type"
level=debug ts=2022-03-13T15:41:46.2403708Z caller=writer.go:94 component=receive component=receive-writer msg="Out of bounds metric" lset="{__name__=\"tikv_coprocessor_request_wait_seconds_bucket\", cluster=\"basic\", component=\"tikv\", instance=\"basic-tikv-0\", job=\"default-basic-tikv\", kubernetes_namespace=\"default\", le=\"262.144\", prometheus_replica=\"default_basic-monitor-0\", req=\"checksum_table\", tidb_cluster=\"default-basic\", type=\"schedule\"}" sample="unsupported value type"
level=debug ts=2022-03-13T15:41:46.2404417Z caller=writer.go:94 component=receive component=receive-writer msg="Out of bounds metric" lset="{__name__=\"tikv_coprocessor_request_wait_seconds_bucket\", cluster=\"basic\", component=\"tikv\", instance=\"basic-tikv-0\", job=\"default-basic-tikv\", kubernetes_namespace=\"default\", le=\"0.008\", prometheus_replica=\"default_basic-monitor-0\", req=\"select\", tidb_cluster=\"default-basic\", type=\"all\"}" sample="unsupported value type"
level=debug ts=2022-03-13T15:41:46.240498Z caller=writer.go:94 component=receive component=receive-writer msg="Out of bounds metric" lset="{__name__=\"tikv_coprocessor_request_wait_seconds_bucket\", cluster=\"basic\", component=\"tikv\", instance=\"basic-tikv-0\", job=\"default-basic-tikv\", kubernetes_namespace=\"default\", le=\"2.048\", prometheus_replica=\"default_basic-monitor-0\", req=\"test\", tidb_cluster=\"default-basic\", type=\"schedule\"}" sample="unsupported value type"
level=debug ts=2022-03-13T15:41:46.2405499Z caller=writer.go:94 component=receive component=receive-writer msg="Out of bounds metric" lset="{__name__=\"tikv_coprocessor_rocksdb_perf\", cluster=\"basic\", component=\"tikv\", instance=\"basic-tikv-0\", job=\"default-basic-tikv\", kubernetes_namespace=\"default\", metric=\"block_seek_nanos\", prometheus_replica=\"default_basic-monitor-0\", req=\"analyze_index\", tidb_cluster=\"default-basic\"}" sample="unsupported value type"
level=debug ts=2022-03-13T15:41:46.2406059Z caller=writer.go:94 component=receive component=receive-writer msg="Out of bounds metric" lset="{__name__=\"tikv_coprocessor_rocksdb_perf\", cluster=\"basic\", component=\"tikv\", instance=\"basic-tikv-0\", job=\"default-basic-tikv\", kubernetes_namespace=\"default\", metric=\"get_from_memtable_count\", prometheus_replica=\"default_basic-monitor-0\", req=\"index\", tidb_cluster=\"default-basic\"}" sample="unsupported value type"
level=debug ts=2022-03-13T15:41:46.2407932Z caller=writer.go:94 component=receive component=receive-writer msg="Out of bounds metric" lset="{__name__=\"tikv_coprocessor_rocksdb_perf\", cluster=\"basic\", component=\"tikv\", instance=\"basic-tikv-0\", job=\"default-basic-tikv\", kubernetes_namespace=\"default\", metric=\"iter_seek_cpu_nanos\", prometheus_replica=\"default_basic-monitor-0\", req=\"analyze_index\", tidb_cluster=\"default-basic\"}" sample="unsupported value type"
level=debug ts=2022-03-13T15:41:46.2408523Z caller=writer.go:94 component=receive component=receive-writer msg="Out of bounds metric" lset="{__name__=\"tikv_coprocessor_rocksdb_perf\", cluster=\"basic\", component=\"tikv\", instance=\"basic-tikv-0\", job=\"default-basic-tikv\", kubernetes_namespace=\"default\", metric=\"seek_on_memtable_count\", prometheus_replica=\"default_basic-monitor-0\", req=\"index\", tidb_cluster=\"default-basic\"}" sample="unsupported value type"
level=debug ts=2022-03-13T15:41:46.240934Z caller=writer.go:94 component=receive component=receive-writer msg="Out of bounds metric" lset="{__name__=\"tikv_coprocessor_scan_details\", cf=\"default\", cluster=\"basic\", component=\"tikv\", instance=\"basic-tikv-0\", job=\"default-basic-tikv\", kubernetes_namespace=\"default\", prometheus_replica=\"default_basic-monitor-0\", req=\"select\", tag=\"seek_for_prev_tombstone\", tidb_cluster=\"default-basic\"}" sample="unsupported value type"
level=debug ts=2022-03-13T15:41:46.2409803Z caller=writer.go:94 component=receive component=receive-writer msg="Out of bounds metric" lset="{__name__=\"tikv_coprocessor_scan_details\", cf=\"lock\", cluster=\"basic\", component=\"tikv\", instance=\"basic-tikv-0\", job=\"default-basic-tikv\", kubernetes_namespace=\"default\", prometheus_replica=\"default_basic-monitor-0\", req=\"test\", tag=\"next\", tidb_cluster=\"default-basic\"}" sample="unsupported value type"
level=debug ts=2022-03-13T15:41:46.241051Z caller=writer.go:94 component=receive component=receive-writer msg="Out of bounds metric" lset="{__name__=\"tikv_coprocessor_scan_details\", cf=\"write\", cluster=\"basic\", component=\"tikv\", instance=\"basic-tikv-0\", job=\"default-basic-tikv\", kubernetes_namespace=\"default\", prometheus_replica=\"default_basic-monitor-0\", req=\"test\", tag=\"prev_tombstone\", tidb_cluster=\"default-basic\"}" sample="unsupported value type"
level=debug ts=2022-03-13T15:41:46.2410901Z caller=writer.go:94 component=receive component=receive-writer msg="Out of bounds metric" lset="{__name__=\"tikv_coprocessor_scan_keys_bucket\", cluster=\"basic\", component=\"tikv\", instance=\"basic-tikv-0\", job=\"default-basic-tikv\", kind=\"processed_keys\", kubernetes_namespace=\"default\", le=\"2\", prometheus_replica=\"default_basic-monitor-0\", req=\"checksum_table\", tidb_cluster=\"default-basic\"}" sample="unsupported value type"
level=debug ts=2022-03-13T15:41:46.241125Z caller=writer.go:94 component=receive component=receive-writer msg="Out of bounds metric" lset="{__name__=\"tikv_coprocessor_scan_keys_bucket\", cluster=\"basic\", component=\"tikv\", instance=\"basic-tikv-0\", job=\"default-basic-tikv\", kind=\"total\", kubernetes_namespace=\"default\", le=\"512\", prometheus_replica=\"default_basic-monitor-0\", req=\"analyze_full_sampling\", tidb_cluster=\"default-basic\"}" sample="unsupported value type"
level=debug ts=2022-03-13T15:41:46.2411635Z caller=writer.go:94 component=receive component=receive-writer msg="Out of bounds metric" lset="{__name__=\"tikv_coprocessor_scan_keys_bucket\", cluster=\"basic\", component=\"tikv\", instance=\"basic-tikv-0\", job=\"default-basic-tikv\", kind=\"total\", kubernetes_namespace=\"default\", le=\"131072\", prometheus_replica=\"default_basic-monitor-0\", req=\"checksum_table\", tidb_cluster=\"default-basic\"}" sample="unsupported value type"
level=debug ts=2022-03-13T15:41:46.2412205Z caller=writer.go:94 component=receive component=receive-writer msg="Out of bounds metric" lset="{__name__=\"tikv_engine_bloom_efficiency\", cluster=\"basic\", component=\"tikv\", db=\"kv\", instance=\"basic-tikv-0\", job=\"default-basic-tikv\", kubernetes_namespace=\"default\", prometheus_replica=\"default_basic-monitor-0\", tidb_cluster=\"default-basic\", type=\"blob_cache_miss\"}" sample="unsupported value type"
level=debug ts=2022-03-13T15:41:46.241253Z caller=writer.go:94 component=receive component=receive-writer msg="Out of bounds metric" lset="{__name__=\"tikv_engine_bloom_efficiency\", cluster=\"basic\", component=\"tikv\", db=\"raft\", instance=\"basic-tikv-0\", job=\"default-basic-tikv\", kubernetes_namespace=\"default\", prometheus_replica=\"default_basic-monitor-0\", tidb_cluster=\"default-basic\", type=\"bytes_overwritten\"}" sample="unsupported value type"
level=debug ts=2022-03-13T15:41:46.2412964Z caller=writer.go:94 component=receive component=receive-writer msg="Out of bounds metric" lset="{__name__=\"tikv_engine_cache_efficiency\", cluster=\"basic\", component=\"tikv\", db=\"kv\", instance=\"basic-tikv-0\", job=\"default-basic-tikv\", kubernetes_namespace=\"default\", prometheus_replica=\"default_basic-monitor-0\", tidb_cluster=\"default-basic\", type=\"blob_cache_miss\"}" sample="unsupported value type"
level=debug ts=2022-03-13T15:41:46.2413341Z caller=writer.go:94 component=receive component=receive-writer msg="Out of bounds metric" lset="{__name__=\"tikv_engine_cache_efficiency\", cluster=\"basic\", component=\"tikv\", db=\"raft\", instance=\"basic-tikv-0\", job=\"default-basic-tikv\", kubernetes_namespace=\"default\", prometheus_replica=\"default_basic-monitor-0\", tidb_cluster=\"default-basic\", type=\"bytes_overwritten\"}" sample="unsupported value type"
level=debug ts=2022-03-13T15:41:46.2413657Z caller=writer.go:94 component=receive component=receive-writer msg="Out of bounds metric" lset="{__name__=\"tikv_engine_compaction_flow_bytes\", cluster=\"basic\", component=\"tikv\", db=\"kv\", instance=\"basic-tikv-0\", job=\"default-basic-tikv\", kubernetes_namespace=\"default\", prometheus_replica=\"default_basic-monitor-0\", tidb_cluster=\"default-basic\", type=\"no_file_errors\"}" sample="unsupported value type"
level=debug ts=2022-03-13T15:41:46.241396Z caller=writer.go:94 component=receive component=receive-writer msg="Out of bounds metric" lset="{__name__=\"tikv_engine_compaction_flow_bytes\", cluster=\"basic\", component=\"tikv\", db=\"raft\", instance=\"basic-tikv-0\", job=\"default-basic-tikv\", kubernetes_namespace=\"default\", prometheus_replica=\"default_basic-monitor-0\", tidb_cluster=\"default-basic\", type=\"write_done_by_self\"}" sample="unsupported value type"
level=debug ts=2022-03-13T15:41:46.2414408Z caller=writer.go:94 component=receive component=receive-writer msg="Out of bounds metric" lset="{__name__=\"tikv_engine_compaction_key_drop\", cluster=\"basic\", component=\"tikv\", db=\"raft\", instance=\"basic-tikv-0\", job=\"default-basic-tikv\", kubernetes_namespace=\"default\", prometheus_replica=\"default_basic-monitor-0\", tidb_cluster=\"default-basic\", type=\"block_cache_miss\"}" sample="unsupported value type"
level=debug ts=2022-03-13T15:41:46.2414663Z caller=writer.go:94 component=receive component=receive-writer msg="Out of bounds metric" lset="{__name__=\"tikv_engine_decompression_time_nanos\", cluster=\"basic\", component=\"tikv\", db=\"raft\", instance=\"basic-tikv-0\", job=\"default-basic-tikv\", kubernetes_namespace=\"default\", prometheus_replica=\"default_basic-monitor-0\", tidb_cluster=\"default-basic\", type=\"decompression_time_nanos_percentile95\"}" sample="unsupported value type"
level=debug ts=2022-03-13T15:41:46.2415015Z caller=writer.go:94 component=receive component=receive-writer msg="Out of bounds metric" lset="{__name__=\"tikv_engine_file_status\", cluster=\"basic\", component=\"tikv\", db=\"raft\", instance=\"basic-tikv-0\", job=\"default-basic-tikv\", kubernetes_namespace=\"default\", prometheus_replica=\"default_basic-monitor-0\", tidb_cluster=\"default-basic\", type=\"block_cache_index_add\"}" sample="unsupported value type"
level=debug ts=2022-03-13T15:41:46.2415364Z caller=writer.go:94 component=receive component=receive-writer msg="Out of bounds metric" lset="{__name__=\"tikv_engine_flow_bytes\", cluster=\"basic\", component=\"tikv\", db=\"kv\", instance=\"basic-tikv-0\", job=\"default-basic-tikv\", kubernetes_namespace=\"default\", prometheus_replica=\"default_basic-monitor-0\", tidb_cluster=\"default-basic\", type=\"iter_bytes_read\"}" sample="unsupported value type"
level=debug ts=2022-03-13T15:41:46.241563Z caller=writer.go:94 component=receive component=receive-writer msg="Out of bounds metric" lset="{__name__=\"tikv_engine_flow_bytes\", cluster=\"basic\", component=\"tikv\", db=\"raft\", instance=\"basic-tikv-0\", job=\"default-basic-tikv\", kubernetes_namespace=\"default\", prometheus_replica=\"default_basic-monitor-0\", tidb_cluster=\"default-basic\", type=\"read_amp_estimate_useful_bytes\"}" sample="unsupported value type"
level=debug ts=2022-03-13T15:41:46.2415892Z caller=writer.go:94 component=receive component=receive-writer msg="Out of bounds metric" lset="{__name__=\"tikv_engine_get_served\", cluster=\"basic\", component=\"tikv\", db=\"raft\", instance=\"basic-tikv-0\", job=\"default-basic-tikv\", kubernetes_namespace=\"default\", prometheus_replica=\"default_basic-monitor-0\", tidb_cluster=\"default-basic\", type=\"blob_cache_hit\"}" sample="unsupported value type"
level=debug ts=2022-03-13T15:41:46.2416149Z caller=writer.go:94 component=receive component=receive-writer msg="Out of bounds metric" lset="{__name__=\"tikv_engine_locate\", cluster=\"basic\", component=\"tikv\", db=\"kv\", instance=\"basic-tikv-0\", job=\"default-basic-tikv\", kubernetes_namespace=\"default\", prometheus_replica=\"default_basic-monitor-0\", tidb_cluster=\"default-basic\", type=\"block_cache_filter_bytes_insert\"}" sample="unsupported value type"
level=debug ts=2022-03-13T15:41:46.2416643Z caller=writer.go:94 component=receive component=receive-writer msg="Out of bounds metric" lset="{__name__=\"tikv_engine_locate\", cluster=\"basic\", component=\"tikv\", db=\"raft\", instance=\"basic-tikv-0\", job=\"default-basic-tikv\", kubernetes_namespace=\"default\", prometheus_replica=\"default_basic-monitor-0\", tidb_cluster=\"default-basic\", type=\"gc_output_files_count\"}" sample="unsupported value type"
level=debug ts=2022-03-13T15:41:46.241702Z caller=writer.go:94 component=receive component=receive-writer msg="Out of bounds metric" lset="{__name__=\"tikv_engine_memtable_efficiency\", cluster=\"basic\", component=\"tikv\", db=\"kv\", instance=\"basic-tikv-0\", job=\"default-basic-tikv\", kubernetes_namespace=\"default\", prometheus_replica=\"default_basic-monitor-0\", tidb_cluster=\"default-basic\", type=\"get_hit_l1\"}" sample="unsupported value type"
level=debug ts=2022-03-13T15:41:46.2417325Z caller=writer.go:94 component=receive component=receive-writer msg="Out of bounds metric" lset="{__name__=\"tikv_engine_memtable_efficiency\", cluster=\"basic\", component=\"tikv\", db=\"raft\", instance=\"basic-tikv-0\", job=\"default-basic-tikv\", kubernetes_namespace=\"default\", prometheus_replica=\"default_basic-monitor-0\", tidb_cluster=\"default-basic\", type=\"optimized_del_drop_obsolete\"}" sample="unsupported value type"
level=debug ts=2022-03-13T15:41:46.2417667Z caller=writer.go:94 component=receive component=receive-writer msg="Out of bounds metric" lset="{__name__=\"tikv_engine_read_amp_flow_bytes\", cluster=\"basic\", component=\"tikv\", db=\"kv\", instance=\"basic-tikv-0\", job=\"default-basic-tikv\", kubernetes_namespace=\"default\", prometheus_replica=\"default_basic-monitor-0\", tidb_cluster=\"default-basic\", type=\"block_cache_filter_hit\"}" sample="unsupported value type"
level=debug ts=2022-03-13T15:41:46.2418604Z caller=writer.go:94 component=receive component=receive-writer msg="Out of bounds metric" lset="{__name__=\"tikv_engine_read_amp_flow_bytes\", cluster=\"basic\", component=\"tikv\", db=\"raft\", instance=\"basic-tikv-0\", job=\"default-basic-tikv\", kubernetes_namespace=\"default\", prometheus_replica=\"default_basic-monitor-0\", tidb_cluster=\"default-basic\", type=\"get_hit_l0\"}" sample="unsupported value type"
level=debug ts=2022-03-13T15:41:46.2418891Z caller=writer.go:94 component=receive component=receive-writer msg="Out of bounds metric" lset="{__name__=\"tikv_engine_stall_l0_slowdown_count\", cluster=\"basic\", component=\"tikv\", db=\"raft\", instance=\"basic-tikv-0\", job=\"default-basic-tikv\", kubernetes_namespace=\"default\", prometheus_replica=\"default_basic-monitor-0\", tidb_cluster=\"default-basic\", type=\"stall_l0_slowdown_count_median\"}" sample="unsupported value type"
level=debug ts=2022-03-13T15:41:46.2419198Z caller=writer.go:94 component=receive component=receive-writer msg="Out of bounds metric" lset="{__name__=\"tikv_engine_write_served\", cluster=\"basic\", component=\"tikv\", db=\"kv\", instance=\"basic-tikv-0\", job=\"default-basic-tikv\", kubernetes_namespace=\"default\", prometheus_replica=\"default_basic-monitor-0\", tidb_cluster=\"default-basic\", type=\"keys_updated\"}" sample="unsupported value type"
level=debug ts=2022-03-13T15:41:46.2419513Z caller=writer.go:94 component=receive component=receive-writer msg="Out of bounds metric" lset="{__name__=\"tikv_engine_write_served\", cluster=\"basic\", component=\"tikv\", db=\"raft\", instance=\"basic-tikv-0\", job=\"default-basic-tikv\", kubernetes_namespace=\"default\", prometheus_replica=\"default_basic-monitor-0\", tidb_cluster=\"default-basic\", type=\"small_file\"}" sample="unsupported value type"
level=debug ts=2022-03-13T15:41:46.2419755Z caller=writer.go:94 component=receive component=receive-writer msg="Out of bounds metric" lset="{__name__=\"tikv_grpc_msg_duration_seconds_bucket\", cluster=\"basic\", component=\"tikv\", instance=\"basic-tikv-0\", job=\"default-basic-tikv\", kubernetes_namespace=\"default\", le=\"+Inf\", prometheus_replica=\"default_basic-monitor-0\", tidb_cluster=\"default-basic\", type=\"coprocessor\"}" sample="unsupported value type"
level=debug ts=2022-03-13T15:41:46.2420119Z caller=writer.go:94 component=receive component=receive-writer msg="Out of bounds metric" lset="{__name__=\"tikv_grpc_msg_duration_seconds_bucket\", cluster=\"basic\", component=\"tikv\", instance=\"basic-tikv-0\", job=\"default-basic-tikv\", kubernetes_namespace=\"default\", le=\"0.016\", prometheus_replica=\"default_basic-monitor-0\", tidb_cluster=\"default-basic\", type=\"kv_batch_rollback\"}" sample="unsupported value type"
level=debug ts=2022-03-13T15:41:46.2420413Z caller=writer.go:94 component=receive component=receive-writer msg="Out of bounds metric" lset="{__name__=\"tikv_grpc_msg_duration_seconds_bucket\", cluster=\"basic\", component=\"tikv\", instance=\"basic-tikv-0\", job=\"default-basic-tikv\", kubernetes_namespace=\"default\", le=\"4.096\", prometheus_replica=\"default_basic-monitor-0\", tidb_cluster=\"default-basic\", type=\"kv_commit\"}" sample="unsupported value type"
level=debug ts=2022-03-13T15:41:46.2420679Z caller=writer.go:94 component=receive component=receive-writer msg="Out of bounds metric" lset="{__name__=\"tikv_grpc_msg_duration_seconds_sum\", cluster=\"basic\", component=\"tikv\", instance=\"basic-tikv-0\", job=\"default-basic-tikv\", kubernetes_namespace=\"default\", prometheus_replica=\"default_basic-monitor-0\", tidb_cluster=\"default-basic\", type=\"kv_pessimistic_lock\"}" sample="unsupported value type"
level=debug ts=2022-03-13T15:41:46.2420936Z caller=writer.go:94 component=receive component=receive-writer msg="Out of bounds metric" lset="{__name__=\"tikv_grpc_msg_duration_seconds_bucket\", cluster=\"basic\", component=\"tikv\", instance=\"basic-tikv-0\", job=\"default-basic-tikv\", kubernetes_namespace=\"default\", le=\"0.032\", prometheus_replica=\"default_basic-monitor-0\", tidb_cluster=\"default-basic\", type=\"kv_scan_lock\"}" sample="unsupported value type"
level=debug ts=2022-03-13T15:41:46.2421256Z caller=writer.go:94 component=receive component=receive-writer msg="Out of bounds metric" lset="{__name__=\"tikv_grpc_msg_duration_seconds_bucket\", cluster=\"basic\", component=\"tikv\", instance=\"basic-tikv-0\", job=\"default-basic-tikv\", kubernetes_namespace=\"default\", le=\"8.192\", prometheus_replica=\"default_basic-monitor-0\", tidb_cluster=\"default-basic\", type=\"physical_scan_lock\"}" sample="unsupported value type"
level=debug ts=2022-03-13T15:41:46.2421646Z caller=writer.go:94 component=receive component=receive-writer msg="Out of bounds metric" lset="{__name__=\"tikv_grpc_msg_duration_seconds_count\", cluster=\"basic\", component=\"tikv\", instance=\"basic-tikv-0\", job=\"default-basic-tikv\", kubernetes_namespace=\"default\", prometheus_replica=\"default_basic-monitor-0\", tidb_cluster=\"default-basic\", type=\"raw_batch_put\"}" sample="unsupported value type"
level=debug ts=2022-03-13T15:41:46.2421938Z caller=writer.go:94 component=receive component=receive-writer msg="Out of bounds metric" lset="{__name__=\"tikv_grpc_msg_duration_seconds_bucket\", cluster=\"basic\", component=\"tikv\", instance=\"basic-tikv-0\", job=\"default-basic-tikv\", kubernetes_namespace=\"default\", le=\"0.064\", prometheus_replica=\"default_basic-monitor-0\", tidb_cluster=\"default-basic\", type=\"raw_delete\"}" sample="unsupported value type"
level=debug ts=2022-03-13T15:41:46.2422319Z caller=writer.go:94 component=receive component=receive-writer msg="Out of bounds metric" lset="{__name__=\"tikv_grpc_msg_duration_seconds_bucket\", cluster=\"basic\", component=\"tikv\", instance=\"basic-tikv-0\", job=\"default-basic-tikv\", kubernetes_namespace=\"default\", le=\"16.384\", prometheus_replica=\"default_basic-monitor-0\", tidb_cluster=\"default-basic\", type=\"raw_put\"}" sample="unsupported value type"
level=debug ts=2022-03-13T15:41:46.2422703Z caller=writer.go:94 component=receive component=receive-writer msg="Out of bounds metric" lset="{__name__=\"tikv_grpc_msg_duration_seconds_bucket\", cluster=\"basic\", component=\"tikv\", instance=\"basic-tikv-0\", job=\"default-basic-tikv\", kubernetes_namespace=\"default\", le=\"0.0005\", prometheus_replica=\"default_basic-monitor-0\", tidb_cluster=\"default-basic\", type=\"split_region\"}" sample="unsupported value type"
level=debug ts=2022-03-13T15:41:46.2423007Z caller=writer.go:94 component=receive component=receive-writer msg="Out of bounds metric" lset="{__name__=\"tikv_io_bytes\", cluster=\"basic\", component=\"tikv\", instance=\"basic-tikv-0\", job=\"default-basic-tikv\", kubernetes_namespace=\"default\", op=\"write\", prometheus_replica=\"default_basic-monitor-0\", tidb_cluster=\"default-basic\", type=\"compaction\"}" sample="unsupported value type"
level=debug ts=2022-03-13T15:41:46.2423286Z caller=writer.go:94 component=receive component=receive-writer msg="Out of bounds metric" lset="{__name__=\"tikv_pd_request_duration_seconds_bucket\", cluster=\"basic\", component=\"tikv\", instance=\"basic-tikv-0\", job=\"default-basic-tikv\", kubernetes_namespace=\"default\", le=\"+Inf\", prometheus_replica=\"default_basic-monitor-0\", tidb_cluster=\"default-basic\", type=\"put_store\"}" sample="unsupported value type"
level=debug ts=2022-03-13T15:41:46.2423602Z caller=writer.go:94 component=receive component=receive-writer msg="Out of bounds metric" lset="{__name__=\"tikv_query_region_count\", cluster=\"basic\", component=\"tikv\", instance=\"basic-tikv-0\", job=\"default-basic-tikv\", kubernetes_namespace=\"default\", prometheus_replica=\"default_basic-monitor-0\", tidb_cluster=\"default-basic\", type=\"read\"}" sample="unsupported value type"
level=debug ts=2022-03-13T15:41:46.2423919Z caller=writer.go:94 component=receive component=receive-writer msg="Out of bounds metric" lset="{__name__=\"tikv_raftstore_apply_log_duration_seconds_bucket\", cluster=\"basic\", component=\"tikv\", instance=\"basic-tikv-0\", job=\"default-basic-tikv\", kubernetes_namespace=\"default\", le=\"0.256\", prometheus_replica=\"default_basic-monitor-0\", tidb_cluster=\"default-basic\"}" sample="unsupported value type"
level=debug ts=2022-03-13T15:41:46.2424211Z caller=writer.go:94 component=receive component=receive-writer msg="Out of bounds metric" lset="{__name__=\"tikv_raftstore_apply_perf_context_time_duration_secs_bucket\", cluster=\"basic\", component=\"tikv\", instance=\"basic-tikv-0\", job=\"default-basic-tikv\", kubernetes_namespace=\"default\", le=\"65.536\", prometheus_replica=\"default_basic-monitor-0\", tidb_cluster=\"default-basic\", type=\"write_delay_time\"}" sample="unsupported value type"
level=debug ts=2022-03-13T15:41:46.2424807Z caller=writer.go:94 component=receive component=receive-writer msg="Out of bounds metric" lset="{__name__=\"tikv_raftstore_apply_proposal_bucket\", cluster=\"basic\", component=\"tikv\", instance=\"basic-tikv-0\", job=\"default-basic-tikv\", kubernetes_namespace=\"default\", le=\"4\", prometheus_replica=\"default_basic-monitor-0\", tidb_cluster=\"default-basic\"}" sample="unsupported value type"
level=debug ts=2022-03-13T15:41:46.2425185Z caller=writer.go:94 component=receive component=receive-writer msg="Out of bounds metric" lset="{__name__=\"tikv_raftstore_event_duration_bucket\", cluster=\"basic\", component=\"tikv\", instance=\"basic-tikv-0\", job=\"default-basic-tikv\", kubernetes_namespace=\"default\", le=\"0.0025281\", prometheus_replica=\"default_basic-monitor-0\", tidb_cluster=\"default-basic\", type=\"compact_check\"}" sample="unsupported value type"
level=debug ts=2022-03-13T15:41:46.2425496Z caller=writer.go:94 component=receive component=receive-writer msg="Out of bounds metric" lset="{__name__=\"tikv_raftstore_event_duration_bucket\", cluster=\"basic\", component=\"tikv\", instance=\"basic-tikv-0\", job=\"default-basic-tikv\", kubernetes_namespace=\"default\", le=\"0.10326930237613186\", prometheus_replica=\"default_basic-monitor-0\", tidb_cluster=\"default-basic\", type=\"raft_engine_purge\"}" sample="unsupported value type"
level=debug ts=2022-03-13T15:41:46.2425811Z caller=writer.go:94 component=receive component=receive-writer msg="Out of bounds metric" lset="{__name__=\"tikv_raftstore_inspect_duration_seconds_bucket\", cluster=\"basic\", component=\"tikv\", instance=\"basic-tikv-0\", job=\"default-basic-tikv\", kubernetes_namespace=\"default\", le=\"32.768\", prometheus_replica=\"default_basic-monitor-0\", tidb_cluster=\"default-basic\", type=\"store_wait\"}" sample="unsupported value type"
level=debug ts=2022-03-13T15:41:46.2426169Z caller=writer.go:94 component=receive component=receive-writer msg="Out of bounds metric" lset="{__name__=\"tikv_raftstore_raft_log_gc_deleted_keys_bucket\", cluster=\"basic\", component=\"tikv\", instance=\"basic-tikv-0\", job=\"default-basic-tikv\", kubernetes_namespace=\"default\", le=\"32768\", prometheus_replica=\"default_basic-monitor-0\", tidb_cluster=\"default-basic\"}" sample="unsupported value type"
level=debug ts=2022-03-13T15:41:46.2426507Z caller=writer.go:94 component=receive component=receive-writer msg="Out of bounds metric" lset="{__name__=\"tikv_raftstore_region_size_bucket\", cluster=\"basic\", component=\"tikv\", instance=\"basic-tikv-0\", job=\"default-basic-tikv\", kubernetes_namespace=\"default\", le=\"2097152\", prometheus_replica=\"default_basic-monitor-0\", tidb_cluster=\"default-basic\"}" sample="unsupported value type"
level=debug ts=2022-03-13T15:41:46.2426808Z caller=writer.go:94 component=receive component=receive-writer msg="Out of bounds metric" lset="{__name__=\"tikv_raftstore_store_perf_context_time_duration_secs_bucket\", cluster=\"basic\", component=\"tikv\", instance=\"basic-tikv-0\", job=\"default-basic-tikv\", kubernetes_namespace=\"default\", le=\"0.0005\", prometheus_replica=\"default_basic-monitor-0\", tidb_cluster=\"default-basic\", type=\"db_mutex_lock_nanos\"}" sample="unsupported value type"
level=debug ts=2022-03-13T15:41:46.2427275Z caller=writer.go:94 component=receive component=receive-writer msg="Out of bounds metric" lset="{__name__=\"tikv_raftstore_store_perf_context_time_duration_secs_bucket\", cluster=\"basic\", component=\"tikv\", instance=\"basic-tikv-0\", job=\"default-basic-tikv\", kubernetes_namespace=\"default\", le=\"0.128\", prometheus_replica=\"default_basic-monitor-0\", tidb_cluster=\"default-basic\", type=\"write_scheduling_flushes_compactions_time\"}" sample="unsupported value type"
level=debug ts=2022-03-13T15:41:46.2428275Z caller=writer.go:94 component=receive component=receive-writer msg="Out of bounds metric" lset="{__name__=\"tikv_raftstore_store_wf_before_write_duration_seconds_bucket\", cluster=\"basic\", component=\"tikv\", instance=\"basic-tikv-0\", job=\"default-basic-tikv\", kubernetes_namespace=\"default\", le=\"0.01024\", prometheus_replica=\"default_basic-monitor-0\", tidb_cluster=\"default-basic\"}" sample="unsupported value type"
level=debug ts=2022-03-13T15:41:46.2428597Z caller=writer.go:94 component=receive component=receive-writer msg="Out of bounds metric" lset="{__name__=\"tikv_raftstore_store_wf_persist_duration_seconds_bucket\", cluster=\"basic\", component=\"tikv\", instance=\"basic-tikv-0\", job=\"default-basic-tikv\", kubernetes_namespace=\"default\", le=\"83.88608\", prometheus_replica=\"default_basic-monitor-0\", tidb_cluster=\"default-basic\"}" sample="unsupported value type"
level=debug ts=2022-03-13T15:41:46.2429019Z caller=writer.go:94 component=receive component=receive-writer msg="Out of bounds metric" lset="{__name__=\"tikv_raftstore_store_write_msg_block_wait_duration_seconds_bucket\", cluster=\"basic\", component=\"tikv\", instance=\"basic-tikv-0\", job=\"default-basic-tikv\", kubernetes_namespace=\"default\", le=\"0.00128\", prometheus_replica=\"default_basic-monitor-0\", tidb_cluster=\"default-basic\"}" sample="unsupported value type"
level=debug ts=2022-03-13T15:41:46.2429412Z caller=writer.go:94 component=receive component=receive-writer msg="Out of bounds metric" lset="{__name__=\"tikv_raftstore_store_write_task_wait_duration_secs_bucket\", cluster=\"basic\", component=\"tikv\", instance=\"basic-tikv-0\", job=\"default-basic-tikv\", kubernetes_namespace=\"default\", le=\"10.48576\", prometheus_replica=\"default_basic-monitor-0\", tidb_cluster=\"default-basic\"}" sample="unsupported value type"
level=debug ts=2022-03-13T15:41:46.2429804Z caller=writer.go:94 component=receive component=receive-writer msg="Out of bounds metric" lset="{__name__=\"tikv_region_written_keys_bucket\", cluster=\"basic\", component=\"tikv\", instance=\"basic-tikv-0\", job=\"default-basic-tikv\", kubernetes_namespace=\"default\", le=\"512\", prometheus_replica=\"default_basic-monitor-0\", tidb_cluster=\"default-basic\"}" sample="unsupported value type"
level=debug ts=2022-03-13T15:41:46.2430122Z caller=writer.go:94 component=receive component=receive-writer msg="Out of bounds metric" lset="{__name__=\"tikv_scheduler_command_duration_seconds_bucket\", cluster=\"basic\", component=\"tikv\", instance=\"basic-tikv-0\", job=\"default-basic-tikv\", kubernetes_namespace=\"default\", le=\"2.048\", prometheus_replica=\"default_basic-monitor-0\", tidb_cluster=\"default-basic\", type=\"acquire_pessimistic_lock\"}" sample="unsupported value type"
level=debug ts=2022-03-13T15:41:46.2430418Z caller=writer.go:94 component=receive component=receive-writer msg="Out of bounds metric" lset="{__name__=\"tikv_scheduler_command_duration_seconds_bucket\", cluster=\"basic\", component=\"tikv\", instance=\"basic-tikv-0\", job=\"default-basic-tikv\", kubernetes_namespace=\"default\", le=\"+Inf\", prometheus_replica=\"default_basic-monitor-0\", tidb_cluster=\"default-basic\", type=\"check_txn_status\"}" sample="unsupported value type"
level=debug ts=2022-03-13T15:41:46.2430995Z caller=writer.go:94 component=receive component=receive-writer msg="Out of bounds metric" lset="{__name__=\"tikv_scheduler_command_duration_seconds_bucket\", cluster=\"basic\", component=\"tikv\", instance=\"basic-tikv-0\", job=\"default-basic-tikv\", kubernetes_namespace=\"default\", le=\"0.016\", prometheus_replica=\"default_basic-monitor-0\", tidb_cluster=\"default-basic\", type=\"key_mvcc\"}" sample="unsupported value type"
level=debug ts=2022-03-13T15:41:46.2431323Z caller=writer.go:94 component=receive component=receive-writer msg="Out of bounds metric" lset="{__name__=\"tikv_scheduler_command_duration_seconds_bucket\", cluster=\"basic\", component=\"tikv\", instance=\"basic-tikv-0\", job=\"default-basic-tikv\", kubernetes_namespace=\"default\", le=\"4.096\", prometheus_replica=\"default_basic-monitor-0\", tidb_cluster=\"default-basic\", type=\"raw_atomic_store\"}" sample="unsupported value type"
level=debug ts=2022-03-13T15:41:46.2431686Z caller=writer.go:94 component=receive component=receive-writer msg="Out of bounds metric" lset="{__name__=\"tikv_scheduler_command_duration_seconds_sum\", cluster=\"basic\", component=\"tikv\", instance=\"basic-tikv-0\", job=\"default-basic-tikv\", kubernetes_namespace=\"default\", prometheus_replica=\"default_basic-monitor-0\", tidb_cluster=\"default-basic\", type=\"raw_batch_put\"}" sample="unsupported value type"
level=debug ts=2022-03-13T15:41:46.2432046Z caller=writer.go:94 component=receive component=receive-writer msg="Out of bounds metric" lset="{__name__=\"tikv_scheduler_command_duration_seconds_bucket\", cluster=\"basic\", component=\"tikv\", instance=\"basic-tikv-0\", job=\"default-basic-tikv\", kubernetes_namespace=\"default\", le=\"0.032\", prometheus_replica=\"default_basic-monitor-0\", tidb_cluster=\"default-basic\", type=\"raw_delete_range\"}" sample="unsupported value type"
level=debug ts=2022-03-13T15:41:46.2432431Z caller=writer.go:94 component=receive component=receive-writer msg="Out of bounds metric" lset="{__name__=\"tikv_scheduler_command_duration_seconds_bucket\", cluster=\"basic\", component=\"tikv\", instance=\"basic-tikv-0\", job=\"default-basic-tikv\", kubernetes_namespace=\"default\", le=\"8.192\", prometheus_replica=\"default_basic-monitor-0\", tidb_cluster=\"default-basic\", type=\"raw_scan\"}" sample="unsupported value type"
level=debug ts=2022-03-13T15:41:46.243274Z caller=writer.go:94 component=receive component=receive-writer msg="Out of bounds metric" lset="{__name__=\"tikv_scheduler_command_duration_seconds_count\", cluster=\"basic\", component=\"tikv\", instance=\"basic-tikv-0\", job=\"default-basic-tikv\", kubernetes_namespace=\"default\", prometheus_replica=\"default_basic-monitor-0\", tidb_cluster=\"default-basic\", type=\"scan\"}" sample="unsupported value type"
level=debug ts=2022-03-13T15:41:46.2433076Z caller=writer.go:94 component=receive component=receive-writer msg="Out of bounds metric" lset="{__name__=\"tikv_scheduler_kv_command_key_read_bucket\", cluster=\"basic\", component=\"tikv\", instance=\"basic-tikv-0\", job=\"default-basic-tikv\", kubernetes_namespace=\"default\", le=\"4\", prometheus_replica=\"default_basic-monitor-0\", tidb_cluster=\"default-basic\", type=\"batch_get\"}" sample="unsupported value type"
level=debug ts=2022-03-13T15:41:46.2433679Z caller=writer.go:94 component=receive component=receive-writer msg="Out of bounds metric" lset="{__name__=\"tikv_scheduler_kv_command_key_read_bucket\", cluster=\"basic\", component=\"tikv\", instance=\"basic-tikv-0\", job=\"default-basic-tikv\", kubernetes_namespace=\"default\", le=\"64\", prometheus_replica=\"default_basic-monitor-0\", tidb_cluster=\"default-basic\", type=\"cleanup\"}" sample="unsupported value type"
level=debug ts=2022-03-13T15:41:46.2434051Z caller=writer.go:94 component=receive component=receive-writer msg="Out of bounds metric" lset="{__name__=\"tikv_scheduler_kv_command_key_read_bucket\", cluster=\"basic\", component=\"tikv\", instance=\"basic-tikv-0\", job=\"default-basic-tikv\", kubernetes_namespace=\"default\", le=\"1024\", prometheus_replica=\"default_basic-monitor-0\", tidb_cluster=\"default-basic\", type=\"key_mvcc\"}" sample="unsupported value type"
level=debug ts=2022-03-13T15:41:46.2434439Z caller=writer.go:94 component=receive component=receive-writer msg="Out of bounds metric" lset="{__name__=\"tikv_scheduler_kv_command_key_read_bucket\", cluster=\"basic\", component=\"tikv\", instance=\"basic-tikv-0\", job=\"default-basic-tikv\", kubernetes_namespace=\"default\", le=\"16384\", prometheus_replica=\"default_basic-monitor-0\", tidb_cluster=\"default-basic\", type=\"raw_atomic_store\"}" sample="unsupported value type"
level=debug ts=2022-03-13T15:41:46.2434753Z caller=writer.go:94 component=receive component=receive-writer msg="Out of bounds metric" lset="{__name__=\"tikv_scheduler_kv_command_key_read_bucket\", cluster=\"basic\", component=\"tikv\", instance=\"basic-tikv-0\", job=\"default-basic-tikv\", kubernetes_namespace=\"default\", le=\"262144\", prometheus_replica=\"default_basic-monitor-0\", tidb_cluster=\"default-basic\", type=\"raw_batch_put\"}" sample="unsupported value type"
level=debug ts=2022-03-13T15:41:46.2435147Z caller=writer.go:94 component=receive component=receive-writer msg="Out of bounds metric" lset="{__name__=\"tikv_scheduler_kv_command_key_read_sum\", cluster=\"basic\", component=\"tikv\", instance=\"basic-tikv-0\", job=\"default-basic-tikv\", kubernetes_namespace=\"default\", prometheus_replica=\"default_basic-monitor-0\", tidb_cluster=\"default-basic\", type=\"raw_delete\"}" sample="unsupported value type"
level=debug ts=2022-03-13T15:41:46.2435515Z caller=writer.go:94 component=receive component=receive-writer msg="Out of bounds metric" lset="{__name__=\"tikv_scheduler_kv_command_key_read_bucket\", cluster=\"basic\", component=\"tikv\", instance=\"basic-tikv-0\", job=\"default-basic-tikv\", kubernetes_namespace=\"default\", le=\"4\", prometheus_replica=\"default_basic-monitor-0\", tidb_cluster=\"default-basic\", type=\"raw_scan\"}" sample="unsupported value type"
level=debug ts=2022-03-13T15:41:46.2435839Z caller=writer.go:94 component=receive component=receive-writer msg="Out of bounds metric" lset="{__name__=\"tikv_scheduler_kv_command_key_read_bucket\", cluster=\"basic\", component=\"tikv\", instance=\"basic-tikv-0\", job=\"default-basic-tikv\", kubernetes_namespace=\"default\", le=\"64\", prometheus_replica=\"default_basic-monitor-0\", tidb_cluster=\"default-basic\", type=\"scan\"}" sample="unsupported value type"
level=debug ts=2022-03-13T15:41:46.2436144Z caller=writer.go:94 component=receive component=receive-writer msg="Out of bounds metric" lset="{__name__=\"tikv_scheduler_kv_command_key_write_bucket\", cluster=\"basic\", component=\"tikv\", instance=\"basic-tikv-0\", job=\"default-basic-tikv\", kubernetes_namespace=\"default\", le=\"1024\", prometheus_replica=\"default_basic-monitor-0\", tidb_cluster=\"default-basic\", type=\"acquire_pessimistic_lock\"}" sample="unsupported value type"
level=debug ts=2022-03-13T15:41:46.2436501Z caller=writer.go:94 component=receive component=receive-writer msg="Out of bounds metric" lset="{__name__=\"tikv_scheduler_kv_command_key_write_bucket\", cluster=\"basic\", component=\"tikv\", instance=\"basic-tikv-0\", job=\"default-basic-tikv\", kubernetes_namespace=\"default\", le=\"16384\", prometheus_replica=\"default_basic-monitor-0\", tidb_cluster=\"default-basic\", type=\"check_txn_status\"}" sample="unsupported value type"
level=debug ts=2022-03-13T15:41:46.2436736Z caller=writer.go:94 component=receive component=receive-writer msg="Out of bounds metric" lset="{__name__=\"tikv_scheduler_kv_command_key_write_bucket\", cluster=\"basic\", component=\"tikv\", instance=\"basic-tikv-0\", job=\"default-basic-tikv\", kubernetes_namespace=\"default\", le=\"262144\", prometheus_replica=\"default_basic-monitor-0\", tidb_cluster=\"default-basic\", type=\"get\"}" sample="unsupported value type"
level=debug ts=2022-03-13T15:41:46.2437085Z caller=writer.go:94 component=receive component=receive-writer msg="Out of bounds metric" lset="{__name__=\"tikv_scheduler_kv_command_key_write_sum\", cluster=\"basic\", component=\"tikv\", instance=\"basic-tikv-0\", job=\"default-basic-tikv\", kubernetes_namespace=\"default\", prometheus_replica=\"default_basic-monitor-0\", tidb_cluster=\"default-basic\", type=\"prewrite\"}" sample="unsupported value type"
level=debug ts=2022-03-13T15:41:46.2438023Z caller=writer.go:94 component=receive component=receive-writer msg="Out of bounds metric" lset="{__name__=\"tikv_scheduler_kv_command_key_write_bucket\", cluster=\"basic\", component=\"tikv\", instance=\"basic-tikv-0\", job=\"default-basic-tikv\", kubernetes_namespace=\"default\", le=\"4\", prometheus_replica=\"default_basic-monitor-0\", tidb_cluster=\"default-basic\", type=\"raw_batch_put\"}" sample="unsupported value type"
level=debug ts=2022-03-13T15:41:46.2438401Z caller=writer.go:94 component=receive component=receive-writer msg="Out of bounds metric" lset="{__name__=\"tikv_scheduler_kv_command_key_write_bucket\", cluster=\"basic\", component=\"tikv\", instance=\"basic-tikv-0\", job=\"default-basic-tikv\", kubernetes_namespace=\"default\", le=\"64\", prometheus_replica=\"default_basic-monitor-0\", tidb_cluster=\"default-basic\", type=\"raw_delete\"}" sample="unsupported value type"
level=debug ts=2022-03-13T15:41:46.243869Z caller=writer.go:94 component=receive component=receive-writer msg="Out of bounds metric" lset="{__name__=\"tikv_scheduler_kv_command_key_write_bucket\", cluster=\"basic\", component=\"tikv\", instance=\"basic-tikv-0\", job=\"default-basic-tikv\", kubernetes_namespace=\"default\", le=\"1024\", prometheus_replica=\"default_basic-monitor-0\", tidb_cluster=\"default-basic\", type=\"raw_put\"}" sample="unsupported value type"
level=debug ts=2022-03-13T15:41:46.2439005Z caller=writer.go:94 component=receive component=receive-writer msg="Out of bounds metric" lset="{__name__=\"tikv_scheduler_kv_command_key_write_bucket\", cluster=\"basic\", component=\"tikv\", instance=\"basic-tikv-0\", job=\"default-basic-tikv\", kubernetes_namespace=\"default\", le=\"16384\", prometheus_replica=\"default_basic-monitor-0\", tidb_cluster=\"default-basic\", type=\"rollback\"}" sample="unsupported value type"
level=debug ts=2022-03-13T15:41:46.2439388Z caller=writer.go:94 component=receive component=receive-writer msg="Out of bounds metric" lset="{__name__=\"tikv_scheduler_kv_command_key_write_bucket\", cluster=\"basic\", component=\"tikv\", instance=\"basic-tikv-0\", job=\"default-basic-tikv\", kubernetes_namespace=\"default\", le=\"262144\", prometheus_replica=\"default_basic-monitor-0\", tidb_cluster=\"default-basic\", type=\"txn_heart_beat\"}" sample="unsupported value type"
level=debug ts=2022-03-13T15:41:46.2439771Z caller=writer.go:94 component=receive component=receive-writer msg="Out of bounds metric" lset="{__name__=\"tikv_scheduler_kv_scan_details\", cf=\"default\", cluster=\"basic\", component=\"tikv\", instance=\"basic-tikv-0\", job=\"default-basic-tikv\", kubernetes_namespace=\"default\", prometheus_replica=\"default_basic-monitor-0\", req=\"delete_range\", tag=\"seek_tombstone\", tidb_cluster=\"default-basic\"}" sample="unsupported value type"
level=debug ts=2022-03-13T15:41:46.2440067Z caller=writer.go:94 component=receive component=receive-writer msg="Out of bounds metric" lset="{__name__=\"tikv_scheduler_kv_scan_details\", cf=\"default\", cluster=\"basic\", component=\"tikv\", instance=\"basic-tikv-0\", job=\"default-basic-tikv\", kubernetes_namespace=\"default\", prometheus_replica=\"default_basic-monitor-0\", req=\"raw_batch_get_command\", tag=\"next_tombstone\", tidb_cluster=\"default-basic\"}" sample="unsupported value type"
level=warn ts=2022-03-13T15:41:46.2440325Z caller=writer.go:139 component=receive component=receive-writer msg="Error on ingesting samples that are too old or are too far into the future" numDropped=100
level=debug ts=2022-03-13T15:41:46.2440883Z caller=handler.go:491 component=receive component=receive-handler
level=debug ts=2022-03-13T15:41:46.2441763Z caller=handler.go:351 component=receive component=receive-handler msg="failed to handle request" err="store locally for endpoint thanos-receiver-0.thanos-receiver.default.svc.cluster.local:10901: conflict"
level=debug ts=2022-03-13T15:41:46.26041Z caller=writer.go:94 component=receive component=receive-writer msg="Out of bounds metric" lset="{__name__=\"tikv_config_raftstore\", cluster=\"basic\", component=\"tikv\", instance=\"basic-tikv-0\", job=\"default-basic-tikv\", kubernetes_namespace=\"default\", name=\"pd_heartbeat_tick_interval\", prometheus_replica=\"default_basic-monitor-0\", tidb_cluster=\"default-basic\"}" sample="unsupported value type"
level=debug ts=2022-03-13T15:41:46.2605002Z caller=writer.go:94 component=receive component=receive-writer msg="Out of bounds metric" lset="{__name__=\"tikv_config_rocksdb\", cf=\"lock\", cluster=\"basic\", component=\"tikv\", instance=\"basic-tikv-0\", job=\"default-basic-tikv\", kubernetes_namespace=\"default\", name=\"soft_pending_compaction_bytes_limit\", prometheus_replica=\"default_basic-monitor-0\", tidb_cluster=\"default-basic\"}" sample="unsupported value type"
level=debug ts=2022-03-13T15:41:46.2605342Z caller=writer.go:94 component=receive component=receive-writer msg="Out of bounds metric" lset="{__name__=\"tikv_coprocessor_mem_lock_check_duration_seconds_bucket\", cluster=\"basic\", component=\"tikv\", instance=\"basic-tikv-0\", job=\"default-basic-tikv\", kubernetes_namespace=\"default\", le=\"0.000256\", prometheus_replica=\"default_basic-monitor-0\", result=\"locked\", tidb_cluster=\"default-basic\"}" sample="unsupported value type"
level=debug ts=2022-03-13T15:41:46.260579Z caller=writer.go:94 component=receive component=receive-writer msg="Out of bounds metric" lset="{__name__=\"tikv_coprocessor_request_duration_seconds_bucket\", cluster=\"basic\", component=\"tikv\", instance=\"basic-tikv-0\", job=\"default-basic-tikv\", kubernetes_namespace=\"default\", le=\"0.256\", prometheus_replica=\"default_basic-monitor-0\", req=\"checksum_index\", tidb_cluster=\"default-basic\"}" sample="unsupported value type"
level=debug ts=2022-03-13T15:41:46.2606183Z caller=writer.go:94 component=receive component=receive-writer msg="Out of bounds metric" lset="{__name__=\"tikv_coprocessor_request_duration_seconds_bucket\", cluster=\"basic\", component=\"tikv\", instance=\"basic-tikv-0\", job=\"default-basic-tikv\", kubernetes_namespace=\"default\", le=\"65.536\", prometheus_replica=\"default_basic-monitor-0\", req=\"test\", tidb_cluster=\"default-basic\"}" sample="unsupported value type"
level=debug ts=2022-03-13T15:41:46.2606554Z caller=writer.go:94 component=receive component=receive-writer msg="Out of bounds metric" lset="{__name__=\"tikv_coprocessor_request_handle_seconds_bucket\", cluster=\"basic\", component=\"tikv\", instance=\"basic-tikv-0\", job=\"default-basic-tikv\", kubernetes_namespace=\"default\", le=\"0.002\", prometheus_replica=\"default_basic-monitor-0\", req=\"checksum_table\", tidb_cluster=\"default-basic\"}" sample="unsupported value type"
level=debug ts=2022-03-13T15:41:46.260692Z caller=writer.go:94 component=receive component=receive-writer msg="Out of bounds metric" lset="{__name__=\"tikv_coprocessor_request_handler_build_seconds_bucket\", cluster=\"basic\", component=\"tikv\", instance=\"basic-tikv-0\", job=\"default-basic-tikv\", kubernetes_namespace=\"default\", le=\"0.512\", prometheus_replica=\"default_basic-monitor-0\", req=\"analyze_full_sampling\", tidb_cluster=\"default-basic\"}" sample="unsupported value type"
level=debug ts=2022-03-13T15:41:46.2607233Z caller=writer.go:94 component=receive component=receive-writer msg="Out of bounds metric" lset="{__name__=\"tikv_coprocessor_request_handler_build_seconds_bucket\", cluster=\"basic\", component=\"tikv\", instance=\"basic-tikv-0\", job=\"default-basic-tikv\", kubernetes_namespace=\"default\", le=\"131.072\", prometheus_replica=\"default_basic-monitor-0\", req=\"checksum_table\", tidb_cluster=\"default-basic\"}" sample="unsupported value type"
level=debug ts=2022-03-13T15:41:46.2607539Z caller=writer.go:94 component=receive component=receive-writer msg="Out of bounds metric" lset="{__name__=\"tikv_coprocessor_request_wait_seconds_bucket\", cluster=\"basic\", component=\"tikv\", instance=\"basic-tikv-0\", job=\"default-basic-tikv\", kubernetes_namespace=\"default\", le=\"0.004\", prometheus_replica=\"default_basic-monitor-0\", req=\"analyze_full_sampling\", tidb_cluster=\"default-basic\", type=\"schedule\"}" sample="unsupported value type"
level=debug ts=2022-03-13T15:41:46.2608459Z caller=writer.go:94 component=receive component=receive-writer msg="Out of bounds metric" lset="{__name__=\"tikv_coprocessor_request_wait_seconds_bucket\", cluster=\"basic\", component=\"tikv\", instance=\"basic-tikv-0\", job=\"default-basic-tikv\", kubernetes_namespace=\"default\", le=\"1.024\", prometheus_replica=\"default_basic-monitor-0\", req=\"analyze_index\", tidb_cluster=\"default-basic\", type=\"snapshot\"}" sample="unsupported value type"
level=debug ts=2022-03-13T15:41:46.2608842Z caller=writer.go:94 component=receive component=receive-writer msg="Out of bounds metric" lset="{__name__=\"tikv_coprocessor_request_wait_seconds_bucket\", cluster=\"basic\", component=\"tikv\", instance=\"basic-tikv-0\", job=\"default-basic-tikv\", kubernetes_namespace=\"default\", le=\"262.144\", prometheus_replica=\"default_basic-monitor-0\", req=\"checksum_index\", tidb_cluster=\"default-basic\", type=\"all\"}" sample="unsupported value type"
level=debug ts=2022-03-13T15:41:46.2609291Z caller=writer.go:94 component=receive component=receive-writer msg="Out of bounds metric" lset="{__name__=\"tikv_coprocessor_request_wait_seconds_bucket\", cluster=\"basic\", component=\"tikv\", instance=\"basic-tikv-0\", job=\"default-basic-tikv\", kubernetes_namespace=\"default\", le=\"0.008\", prometheus_replica=\"default_basic-monitor-0\", req=\"checksum_table\", tidb_cluster=\"default-basic\", type=\"snapshot\"}" sample="unsupported value type"
level=debug ts=2022-03-13T15:41:46.2609662Z caller=writer.go:94 component=receive component=receive-writer msg="Out of bounds metric" lset="{__name__=\"tikv_coprocessor_request_wait_seconds_bucket\", cluster=\"basic\", component=\"tikv\", instance=\"basic-tikv-0\", job=\"default-basic-tikv\", kubernetes_namespace=\"default\", le=\"2.048\", prometheus_replica=\"default_basic-monitor-0\", req=\"select\", tidb_cluster=\"default-basic\", type=\"all\"}" sample="unsupported value type"
level=debug ts=2022-03-13T15:41:46.261Z caller=writer.go:94 component=receive component=receive-writer msg="Out of bounds metric" lset="{__name__=\"tikv_coprocessor_request_wait_seconds_bucket\", cluster=\"basic\", component=\"tikv\", instance=\"basic-tikv-0\", job=\"default-basic-tikv\", kubernetes_namespace=\"default\", le=\"+Inf\", prometheus_replica=\"default_basic-monitor-0\", req=\"test\", tidb_cluster=\"default-basic\", type=\"schedule\"}" sample="unsupported value type"
level=debug ts=2022-03-13T15:41:46.2610331Z caller=writer.go:94 component=receive component=receive-writer msg="Out of bounds metric" lset="{__name__=\"tikv_coprocessor_rocksdb_perf\", cluster=\"basic\", component=\"tikv\", instance=\"basic-tikv-0\", job=\"default-basic-tikv\", kubernetes_namespace=\"default\", metric=\"bloom_memtable_hit_count\", prometheus_replica=\"default_basic-monitor-0\", req=\"analyze_index\", tidb_cluster=\"default-basic\"}" sample="unsupported value type"
level=debug ts=2022-03-13T15:41:46.2610656Z caller=writer.go:94 component=receive component=receive-writer msg="Out of bounds metric" lset="{__name__=\"tikv_coprocessor_rocksdb_perf\", cluster=\"basic\", component=\"tikv\", instance=\"basic-tikv-0\", job=\"default-basic-tikv\", kubernetes_namespace=\"default\", metric=\"get_from_memtable_time\", prometheus_replica=\"default_basic-monitor-0\", req=\"index\", tidb_cluster=\"default-basic\"}" sample="unsupported value type"
level=debug ts=2022-03-13T15:41:46.2610997Z caller=writer.go:94 component=receive component=receive-writer msg="Out of bounds metric" lset="{__name__=\"tikv_coprocessor_rocksdb_perf\", cluster=\"basic\", component=\"tikv\", instance=\"basic-tikv-0\", job=\"default-basic-tikv\", kubernetes_namespace=\"default\", metric=\"new_table_block_iter_nanos\", prometheus_replica=\"default_basic-monitor-0\", req=\"analyze_index\", tidb_cluster=\"default-basic\"}" sample="unsupported value type"
level=debug ts=2022-03-13T15:41:46.2611295Z caller=writer.go:94 component=receive component=receive-writer msg="Out of bounds metric" lset="{__name__=\"tikv_coprocessor_rocksdb_perf\", cluster=\"basic\", component=\"tikv\", instance=\"basic-tikv-0\", job=\"default-basic-tikv\", kubernetes_namespace=\"default\", metric=\"seek_on_memtable_time\", prometheus_replica=\"default_basic-monitor-0\", req=\"index\", tidb_cluster=\"default-basic\"}" sample="unsupported value type"
level=debug ts=2022-03-13T15:41:46.2611587Z caller=writer.go:94 component=receive component=receive-writer msg="Out of bounds metric" lset="{__name__=\"tikv_coprocessor_scan_details\", cf=\"default\", cluster=\"basic\", component=\"tikv\", instance=\"basic-tikv-0\", job=\"default-basic-tikv\", kubernetes_namespace=\"default\", prometheus_replica=\"default_basic-monitor-0\", req=\"test\", tag=\"prev_tombstone\", tidb_cluster=\"default-basic\"}" sample="unsupported value type"
level=debug ts=2022-03-13T15:41:46.2611891Z caller=writer.go:94 component=receive component=receive-writer msg="Out of bounds metric" lset="{__name__=\"tikv_coprocessor_scan_details\", cf=\"lock\", cluster=\"basic\", component=\"tikv\", instance=\"basic-tikv-0\", job=\"default-basic-tikv\", kubernetes_namespace=\"default\", prometheus_replica=\"default_basic-monitor-0\", req=\"test\", tag=\"seek_for_prev_tombstone\", tidb_cluster=\"default-basic\"}" sample="unsupported value type"
level=debug ts=2022-03-13T15:41:46.2612206Z caller=writer.go:94 component=receive component=receive-writer msg="Out of bounds metric" lset="{__name__=\"tikv_coprocessor_scan_keys_bucket\", cluster=\"basic\", component=\"tikv\", instance=\"basic-tikv-0\", job=\"default-basic-tikv\", kind=\"processed_keys\", kubernetes_namespace=\"default\", le=\"2\", prometheus_replica=\"default_basic-monitor-0\", req=\"analyze_full_sampling\", tidb_cluster=\"default-basic\"}" sample="unsupported value type"
level=debug ts=2022-03-13T15:41:46.2612515Z caller=writer.go:94 component=receive component=receive-writer msg="Out of bounds metric" lset="{__name__=\"tikv_coprocessor_scan_keys_bucket\", cluster=\"basic\", component=\"tikv\", instance=\"basic-tikv-0\", job=\"default-basic-tikv\", kind=\"processed_keys\", kubernetes_namespace=\"default\", le=\"512\", prometheus_replica=\"default_basic-monitor-0\", req=\"checksum_table\", tidb_cluster=\"default-basic\"}" sample="unsupported value type"
level=debug ts=2022-03-13T15:41:46.2612909Z caller=writer.go:94 component=receive component=receive-writer msg="Out of bounds metric" lset="{__name__=\"tikv_coprocessor_scan_keys_bucket\", cluster=\"basic\", component=\"tikv\", instance=\"basic-tikv-0\", job=\"default-basic-tikv\", kind=\"total\", kubernetes_namespace=\"default\", le=\"131072\", prometheus_replica=\"default_basic-monitor-0\", req=\"analyze_full_sampling\", tidb_cluster=\"default-basic\"}" sample="unsupported value type"
level=debug ts=2022-03-13T15:41:46.2613804Z caller=writer.go:94 component=receive component=receive-writer msg="Out of bounds metric" lset="{__name__=\"tikv_coprocessor_scan_keys_bucket\", cluster=\"basic\", component=\"tikv\", instance=\"basic-tikv-0\", job=\"default-basic-tikv\", kind=\"total\", kubernetes_namespace=\"default\", le=\"4\", prometheus_replica=\"default_basic-monitor-0\", req=\"index\", tidb_cluster=\"default-basic\"}" sample="unsupported value type"
level=debug ts=2022-03-13T15:41:46.2614174Z caller=writer.go:94 component=receive component=receive-writer msg="Out of bounds metric" lset="{__name__=\"tikv_engine_bloom_efficiency\", cluster=\"basic\", component=\"tikv\", db=\"kv\", instance=\"basic-tikv-0\", job=\"default-basic-tikv\", kubernetes_namespace=\"default\", prometheus_replica=\"default_basic-monitor-0\", tidb_cluster=\"default-basic\", type=\"block_cache_data_miss\"}" sample="unsupported value type"
level=debug ts=2022-03-13T15:41:46.2614489Z caller=writer.go:94 component=receive component=receive-writer msg="Out of bounds metric" lset="{__name__=\"tikv_engine_bloom_efficiency\", cluster=\"basic\", component=\"tikv\", db=\"raft\", instance=\"basic-tikv-0\", job=\"default-basic-tikv\", kubernetes_namespace=\"default\", prometheus_replica=\"default_basic-monitor-0\", tidb_cluster=\"default-basic\", type=\"failure\"}" sample="unsupported value type"
level=debug ts=2022-03-13T15:41:46.261477Z caller=writer.go:94 component=receive component=receive-writer msg="Out of bounds metric" lset="{__name__=\"tikv_engine_cache_efficiency\", cluster=\"basic\", component=\"tikv\", db=\"kv\", instance=\"basic-tikv-0\", job=\"default-basic-tikv\", kubernetes_namespace=\"default\", prometheus_replica=\"default_basic-monitor-0\", tidb_cluster=\"default-basic\", type=\"block_cache_data_miss\"}" sample="unsupported value type"
level=debug ts=2022-03-13T15:41:46.2615157Z caller=writer.go:94 component=receive component=receive-writer msg="Out of bounds metric" lset="{__name__=\"tikv_engine_cache_efficiency\", cluster=\"basic\", component=\"tikv\", db=\"raft\", instance=\"basic-tikv-0\", job=\"default-basic-tikv\", kubernetes_namespace=\"default\", prometheus_replica=\"default_basic-monitor-0\", tidb_cluster=\"default-basic\", type=\"failure\"}" sample="unsupported value type"
level=debug ts=2022-03-13T15:41:46.2615456Z caller=writer.go:94 component=receive component=receive-writer msg="Out of bounds metric" lset="{__name__=\"tikv_engine_compaction_flow_bytes\", cluster=\"basic\", component=\"tikv\", db=\"kv\", instance=\"basic-tikv-0\", job=\"default-basic-tikv\", kubernetes_namespace=\"default\", prometheus_replica=\"default_basic-monitor-0\", tidb_cluster=\"default-basic\", type=\"number_db_next_found\"}" sample="unsupported value type"
level=debug ts=2022-03-13T15:41:46.2615843Z caller=writer.go:94 component=receive component=receive-writer msg="Out of bounds metric" lset="{__name__=\"tikv_engine_compaction_key_drop\", cluster=\"basic\", component=\"tikv\", db=\"kv\", instance=\"basic-tikv-0\", job=\"default-basic-tikv\", kubernetes_namespace=\"default\", prometheus_replica=\"default_basic-monitor-0\", tidb_cluster=\"default-basic\", type=\"block_cache_byte_write\"}" sample="unsupported value type"
level=debug ts=2022-03-13T15:41:46.2616143Z caller=writer.go:94 component=receive component=receive-writer msg="Out of bounds metric" lset="{__name__=\"tikv_engine_compaction_key_drop\", cluster=\"basic\", component=\"tikv\", db=\"raft\", instance=\"basic-tikv-0\", job=\"default-basic-tikv\", kubernetes_namespace=\"default\", prometheus_replica=\"default_basic-monitor-0\", tidb_cluster=\"default-basic\", type=\"compaction_key_drop_newer_entry\"}" sample="unsupported value type"
level=debug ts=2022-03-13T15:41:46.2616536Z caller=writer.go:94 component=receive component=receive-writer msg="Out of bounds metric" lset="{__name__=\"tikv_engine_file_status\", cluster=\"basic\", component=\"tikv\", db=\"kv\", instance=\"basic-tikv-0\", job=\"default-basic-tikv\", kubernetes_namespace=\"default\", prometheus_replica=\"default_basic-monitor-0\", tidb_cluster=\"default-basic\", type=\"blob_cache_hit\"}" sample="unsupported value type"
level=debug ts=2022-03-13T15:41:46.2616987Z caller=writer.go:94 component=receive component=receive-writer msg="Out of bounds metric" lset="{__name__=\"tikv_engine_file_status\", cluster=\"basic\", component=\"tikv\", db=\"raft\", instance=\"basic-tikv-0\", job=\"default-basic-tikv\", kubernetes_namespace=\"default\", prometheus_replica=\"default_basic-monitor-0\", tidb_cluster=\"default-basic\", type=\"bloom_useful\"}" sample="unsupported value type"
level=debug ts=2022-03-13T15:41:46.261794Z caller=writer.go:94 component=receive component=receive-writer msg="Out of bounds metric" lset="{__name__=\"tikv_engine_flow_bytes\", cluster=\"basic\", component=\"tikv\", db=\"kv\", instance=\"basic-tikv-0\", job=\"default-basic-tikv\", kubernetes_namespace=\"default\", prometheus_replica=\"default_basic-monitor-0\", tidb_cluster=\"default-basic\", type=\"no_file_closes\"}" sample="unsupported value type"
level=debug ts=2022-03-13T15:41:46.2618472Z caller=writer.go:94 component=receive component=receive-writer msg="Out of bounds metric" lset="{__name__=\"tikv_engine_flow_bytes\", cluster=\"basic\", component=\"tikv\", db=\"raft\", instance=\"basic-tikv-0\", job=\"default-basic-tikv\", kubernetes_namespace=\"default\", prometheus_replica=\"default_basic-monitor-0\", tidb_cluster=\"default-basic\", type=\"write_done_by_other\"}" sample="unsupported value type"
level=debug ts=2022-03-13T15:41:46.2618985Z caller=writer.go:94 component=receive component=receive-writer msg="Out of bounds metric" lset="{__name__=\"tikv_engine_get_served\", cluster=\"basic\", component=\"tikv\", db=\"raft\", instance=\"basic-tikv-0\", job=\"default-basic-tikv\", kubernetes_namespace=\"default\", prometheus_replica=\"default_basic-monitor-0\", tidb_cluster=\"default-basic\", type=\"block_cache_data_hit\"}" sample="unsupported value type"
level=debug ts=2022-03-13T15:41:46.2619437Z caller=writer.go:94 component=receive component=receive-writer msg="Out of bounds metric" lset="{__name__=\"tikv_engine_locate\", cluster=\"basic\", component=\"tikv\", db=\"kv\", instance=\"basic-tikv-0\", job=\"default-basic-tikv\", kubernetes_namespace=\"default\", prometheus_replica=\"default_basic-monitor-0\", tidb_cluster=\"default-basic\", type=\"block_cache_index_miss\"}" sample="unsupported value type"
level=debug ts=2022-03-13T15:41:46.261997Z caller=writer.go:94 component=receive component=receive-writer msg="Out of bounds metric" lset="{__name__=\"tikv_engine_locate\", cluster=\"basic\", component=\"tikv\", db=\"raft\", instance=\"basic-tikv-0\", job=\"default-basic-tikv\", kubernetes_namespace=\"default\", prometheus_replica=\"default_basic-monitor-0\", tidb_cluster=\"default-basic\", type=\"keys_updated\"}" sample="unsupported value type"
level=debug ts=2022-03-13T15:41:46.2620412Z caller=writer.go:94 component=receive component=receive-writer msg="Out of bounds metric" lset="{__name__=\"tikv_engine_memtable_efficiency\", cluster=\"basic\", component=\"tikv\", db=\"kv\", instance=\"basic-tikv-0\", job=\"default-basic-tikv\", kubernetes_namespace=\"default\", prometheus_replica=\"default_basic-monitor-0\", tidb_cluster=\"default-basic\", type=\"memtable_hit\"}" sample="unsupported value type"
level=debug ts=2022-03-13T15:41:46.2620931Z caller=writer.go:94 component=receive component=receive-writer msg="Out of bounds metric" lset="{__name__=\"tikv_engine_memtable_efficiency\", cluster=\"basic\", component=\"tikv\", db=\"raft\", instance=\"basic-tikv-0\", job=\"default-basic-tikv\", kubernetes_namespace=\"default\", prometheus_replica=\"default_basic-monitor-0\", tidb_cluster=\"default-basic\", type=\"trigger_next\"}" sample="unsupported value type"
level=debug ts=2022-03-13T15:41:46.2621709Z caller=writer.go:94 component=receive component=receive-writer msg="Out of bounds metric" lset="{__name__=\"tikv_engine_read_amp_flow_bytes\", cluster=\"basic\", component=\"tikv\", db=\"kv\", instance=\"basic-tikv-0\", job=\"default-basic-tikv\", kubernetes_namespace=\"default\", prometheus_replica=\"default_basic-monitor-0\", tidb_cluster=\"default-basic\", type=\"block_cache_miss\"}" sample="unsupported value type"
level=debug ts=2022-03-13T15:41:46.262222Z caller=writer.go:94 component=receive component=receive-writer msg="Out of bounds metric" lset="{__name__=\"tikv_engine_read_amp_flow_bytes\", cluster=\"basic\", component=\"tikv\", db=\"raft\", instance=\"basic-tikv-0\", job=\"default-basic-tikv\", kubernetes_namespace=\"default\", prometheus_replica=\"default_basic-monitor-0\", tidb_cluster=\"default-basic\", type=\"keys_written\"}" sample="unsupported value type"
level=debug ts=2022-03-13T15:41:46.2622659Z caller=writer.go:94 component=receive component=receive-writer msg="Out of bounds metric" lset="{__name__=\"tikv_engine_stall_memtable_compaction_count\", cluster=\"basic\", component=\"tikv\", db=\"kv\", instance=\"basic-tikv-0\", job=\"default-basic-tikv\", kubernetes_namespace=\"default\", prometheus_replica=\"default_basic-monitor-0\", tidb_cluster=\"default-basic\", type=\"stall_memtable_compaction_count_percentile99\"}" sample="unsupported value type"
level=debug ts=2022-03-13T15:41:46.262311Z caller=writer.go:94 component=receive component=receive-writer msg="Out of bounds metric" lset="{__name__=\"tikv_engine_write_served\", cluster=\"basic\", component=\"tikv\", db=\"kv\", instance=\"basic-tikv-0\", job=\"default-basic-tikv\", kubernetes_namespace=\"default\", prometheus_replica=\"default_basic-monitor-0\", tidb_cluster=\"default-basic\", type=\"number_blob_get\"}" sample="unsupported value type"
level=debug ts=2022-03-13T15:41:46.2623567Z caller=writer.go:94 component=receive component=receive-writer msg="Out of bounds metric" lset="{__name__=\"tikv_engine_write_stall\", cluster=\"basic\", component=\"tikv\", db=\"kv\", instance=\"basic-tikv-0\", job=\"default-basic-tikv\", kubernetes_namespace=\"default\", prometheus_replica=\"default_basic-monitor-0\", tidb_cluster=\"default-basic\", type=\"write_stall_average\"}" sample="unsupported value type"
level=debug ts=2022-03-13T15:41:46.2624068Z caller=writer.go:94 component=receive component=receive-writer msg="Out of bounds metric" lset="{__name__=\"tikv_grpc_msg_duration_seconds_bucket\", cluster=\"basic\", component=\"tikv\", instance=\"basic-tikv-0\", job=\"default-basic-tikv\", kubernetes_namespace=\"default\", le=\"0.016\", prometheus_replica=\"default_basic-monitor-0\", tidb_cluster=\"default-basic\", type=\"coprocessor_stream\"}" sample="unsupported value type"
level=debug ts=2022-03-13T15:41:46.2624523Z caller=writer.go:94 component=receive component=receive-writer msg="Out of bounds metric" lset="{__name__=\"tikv_grpc_msg_duration_seconds_bucket\", cluster=\"basic\", component=\"tikv\", instance=\"basic-tikv-0\", job=\"default-basic-tikv\", kubernetes_namespace=\"default\", le=\"4.096\", prometheus_replica=\"default_basic-monitor-0\", tidb_cluster=\"default-basic\", type=\"kv_batch_rollback\"}" sample="unsupported value type"
level=debug ts=2022-03-13T15:41:46.2625044Z caller=writer.go:94 component=receive component=receive-writer msg="Out of bounds metric" lset="{__name__=\"tikv_grpc_msg_duration_seconds_sum\", cluster=\"basic\", component=\"tikv\", instance=\"basic-tikv-0\", job=\"default-basic-tikv\", kubernetes_namespace=\"default\", prometheus_replica=\"default_basic-monitor-0\", tidb_cluster=\"default-basic\", type=\"kv_commit\"}" sample="unsupported value type"
level=debug ts=2022-03-13T15:41:46.2625466Z caller=writer.go:94 component=receive component=receive-writer msg="Out of bounds metric" lset="{__name__=\"tikv_grpc_msg_duration_seconds_bucket\", cluster=\"basic\", component=\"tikv\", instance=\"basic-tikv-0\", job=\"default-basic-tikv\", kubernetes_namespace=\"default\", le=\"0.032\", prometheus_replica=\"default_basic-monitor-0\", tidb_cluster=\"default-basic\", type=\"kv_pessimistic_rollback\"}" sample="unsupported value type"
level=debug ts=2022-03-13T15:41:46.2626224Z caller=writer.go:94 component=receive component=receive-writer msg="Out of bounds metric" lset="{__name__=\"tikv_grpc_msg_duration_seconds_bucket\", cluster=\"basic\", component=\"tikv\", instance=\"basic-tikv-0\", job=\"default-basic-tikv\", kubernetes_namespace=\"default\", le=\"8.192\", prometheus_replica=\"default_basic-monitor-0\", tidb_cluster=\"default-basic\", type=\"kv_scan_lock\"}" sample="unsupported value type"
level=debug ts=2022-03-13T15:41:46.2626695Z caller=writer.go:94 component=receive component=receive-writer msg="Out of bounds metric" lset="{__name__=\"tikv_grpc_msg_duration_seconds_count\", cluster=\"basic\", component=\"tikv\", instance=\"basic-tikv-0\", job=\"default-basic-tikv\", kubernetes_namespace=\"default\", prometheus_replica=\"default_basic-monitor-0\", tidb_cluster=\"default-basic\", type=\"physical_scan_lock\"}" sample="unsupported value type"
level=debug ts=2022-03-13T15:41:46.2628009Z caller=writer.go:94 component=receive component=receive-writer msg="Out of bounds metric" lset="{__name__=\"tikv_grpc_msg_duration_seconds_bucket\", cluster=\"basic\", component=\"tikv\", instance=\"basic-tikv-0\", job=\"default-basic-tikv\", kubernetes_namespace=\"default\", le=\"0.064\", prometheus_replica=\"default_basic-monitor-0\", tidb_cluster=\"default-basic\", type=\"raw_batch_scan\"}" sample="unsupported value type"
level=debug ts=2022-03-13T15:41:46.2628542Z caller=writer.go:94 component=receive component=receive-writer msg="Out of bounds metric" lset="{__name__=\"tikv_grpc_msg_duration_seconds_bucket\", cluster=\"basic\", component=\"tikv\", instance=\"basic-tikv-0\", job=\"default-basic-tikv\", kubernetes_namespace=\"default\", le=\"16.384\", prometheus_replica=\"default_basic-monitor-0\", tidb_cluster=\"default-basic\", type=\"raw_delete\"}" sample="unsupported value type"
level=debug ts=2022-03-13T15:41:46.2629003Z caller=writer.go:94 component=receive component=receive-writer msg="Out of bounds metric" lset="{__name__=\"tikv_grpc_msg_duration_seconds_bucket\", cluster=\"basic\", component=\"tikv\", instance=\"basic-tikv-0\", job=\"default-basic-tikv\", kubernetes_namespace=\"default\", le=\"0.0005\", prometheus_replica=\"default_basic-monitor-0\", tidb_cluster=\"default-basic\", type=\"raw_scan\"}" sample="unsupported value type"
level=debug ts=2022-03-13T15:41:46.2629405Z caller=writer.go:94 component=receive component=receive-writer msg="Out of bounds metric" lset="{__name__=\"tikv_grpc_msg_duration_seconds_bucket\", cluster=\"basic\", component=\"tikv\", instance=\"basic-tikv-0\", job=\"default-basic-tikv\", kubernetes_namespace=\"default\", le=\"0.128\", prometheus_replica=\"default_basic-monitor-0\", tidb_cluster=\"default-basic\", type=\"split_region\"}" sample="unsupported value type"
level=debug ts=2022-03-13T15:41:46.2629918Z caller=writer.go:94 component=receive component=receive-writer msg="Out of bounds metric" lset="{__name__=\"tikv_io_bytes\", cluster=\"basic\", component=\"tikv\", instance=\"basic-tikv-0\", job=\"default-basic-tikv\", kubernetes_namespace=\"default\", op=\"write\", prometheus_replica=\"default_basic-monitor-0\", tidb_cluster=\"default-basic\", type=\"load_balance\"}" sample="unsupported value type"
level=debug ts=2022-03-13T15:41:46.2630436Z caller=writer.go:94 component=receive component=receive-writer msg="Out of bounds metric" lset="{__name__=\"tikv_pd_request_duration_seconds_bucket\", cluster=\"basic\", component=\"tikv\", instance=\"basic-tikv-0\", job=\"default-basic-tikv\", kubernetes_namespace=\"default\", le=\"0.25\", prometheus_replica=\"default_basic-monitor-0\", tidb_cluster=\"default-basic\", type=\"store_heartbeat\"}" sample="unsupported value type"
level=debug ts=2022-03-13T15:41:46.2630935Z caller=writer.go:94 component=receive component=receive-writer msg="Out of bounds metric" lset="{__name__=\"tikv_raftstore_admin_cmd_total\", cluster=\"basic\", component=\"tikv\", instance=\"basic-tikv-0\", job=\"default-basic-tikv\", kubernetes_namespace=\"default\", prometheus_replica=\"default_basic-monitor-0\", status=\"all\", tidb_cluster=\"default-basic\", type=\"remove_peer\"}" sample="unsupported value type"
level=debug ts=2022-03-13T15:41:46.2631328Z caller=writer.go:94 component=receive component=receive-writer msg="Out of bounds metric" lset="{__name__=\"tikv_raftstore_apply_log_duration_seconds_bucket\", cluster=\"basic\", component=\"tikv\", instance=\"basic-tikv-0\", job=\"default-basic-tikv\", kubernetes_namespace=\"default\", le=\"65.536\", prometheus_replica=\"default_basic-monitor-0\", tidb_cluster=\"default-basic\"}" sample="unsupported value type"
level=debug ts=2022-03-13T15:41:46.2631733Z caller=writer.go:94 component=receive component=receive-writer msg="Out of bounds metric" lset="{__name__=\"tikv_raftstore_apply_perf_context_time_duration_secs_bucket\", cluster=\"basic\", component=\"tikv\", instance=\"basic-tikv-0\", job=\"default-basic-tikv\", kubernetes_namespace=\"default\", le=\"0.002\", prometheus_replica=\"default_basic-monitor-0\", tidb_cluster=\"default-basic\", type=\"write_memtable_time\"}" sample="unsupported value type"
level=debug ts=2022-03-13T15:41:46.2632218Z caller=writer.go:94 component=receive component=receive-writer msg="Out of bounds metric" lset="{__name__=\"tikv_raftstore_apply_proposal_bucket\", cluster=\"basic\", component=\"tikv\", instance=\"basic-tikv-0\", job=\"default-basic-tikv\", kubernetes_namespace=\"default\", le=\"1024\", prometheus_replica=\"default_basic-monitor-0\", tidb_cluster=\"default-basic\"}" sample="unsupported value type"
level=debug ts=2022-03-13T15:41:46.2632657Z caller=writer.go:94 component=receive component=receive-writer msg="Out of bounds metric" lset="{__name__=\"tikv_raftstore_event_duration_bucket\", cluster=\"basic\", component=\"tikv\", instance=\"basic-tikv-0\", job=\"default-basic-tikv\", kubernetes_namespace=\"default\", le=\"0.10326930237613186\", prometheus_replica=\"default_basic-monitor-0\", tidb_cluster=\"default-basic\", type=\"compact_check\"}" sample="unsupported value type"
level=debug ts=2022-03-13T15:41:46.2632981Z caller=writer.go:94 component=receive component=receive-writer msg="Out of bounds metric" lset="{__name__=\"tikv_raftstore_event_duration_bucket\", cluster=\"basic\", component=\"tikv\", instance=\"basic-tikv-0\", job=\"default-basic-tikv\", kubernetes_namespace=\"default\", le=\"4.218404656956983\", prometheus_replica=\"default_basic-monitor-0\", tidb_cluster=\"default-basic\", type=\"raft_engine_purge\"}" sample="unsupported value type"
level=debug ts=2022-03-13T15:41:46.2633322Z caller=writer.go:94 component=receive component=receive-writer msg="Out of bounds metric" lset="{__name__=\"tikv_raftstore_log_lag_bucket\", cluster=\"basic\", component=\"tikv\", instance=\"basic-tikv-0\", job=\"default-basic-tikv\", kubernetes_namespace=\"default\", le=\"2\", prometheus_replica=\"default_basic-monitor-0\", tidb_cluster=\"default-basic\"}" sample="unsupported value type"
level=debug ts=2022-03-13T15:41:46.2633626Z caller=writer.go:94 component=receive component=receive-writer msg="Out of bounds metric" lset="{__name__=\"tikv_raftstore_raft_log_gc_seek_operations_count\", cluster=\"basic\", component=\"tikv\", instance=\"basic-tikv-0\", job=\"default-basic-tikv\", kubernetes_namespace=\"default\", prometheus_replica=\"default_basic-monitor-0\", tidb_cluster=\"default-basic\"}" sample="unsupported value type"
level=debug ts=2022-03-13T15:41:46.2634593Z caller=writer.go:94 component=receive component=receive-writer msg="Out of bounds metric" lset="{__name__=\"tikv_raftstore_region_size_bucket\", cluster=\"basic\", component=\"tikv\", instance=\"basic-tikv-0\", job=\"default-basic-tikv\", kubernetes_namespace=\"default\", le=\"536870912\", prometheus_replica=\"default_basic-monitor-0\", tidb_cluster=\"default-basic\"}" sample="unsupported value type"
level=debug ts=2022-03-13T15:41:46.2634957Z caller=writer.go:94 component=receive component=receive-writer msg="Out of bounds metric" lset="{__name__=\"tikv_raftstore_store_perf_context_time_duration_secs_bucket\", cluster=\"basic\", component=\"tikv\", instance=\"basic-tikv-0\", job=\"default-basic-tikv\", kubernetes_namespace=\"default\", le=\"0.128\", prometheus_replica=\"default_basic-monitor-0\", tidb_cluster=\"default-basic\", type=\"db_mutex_lock_nanos\"}" sample="unsupported value type"
level=debug ts=2022-03-13T15:41:46.2635295Z caller=writer.go:94 component=receive component=receive-writer msg="Out of bounds metric" lset="{__name__=\"tikv_raftstore_store_perf_context_time_duration_secs_bucket\", cluster=\"basic\", component=\"tikv\", instance=\"basic-tikv-0\", job=\"default-basic-tikv\", kubernetes_namespace=\"default\", le=\"32.768\", prometheus_replica=\"default_basic-monitor-0\", tidb_cluster=\"default-basic\", type=\"write_scheduling_flushes_compactions_time\"}" sample="unsupported value type"
level=debug ts=2022-03-13T15:41:46.2635625Z caller=writer.go:94 component=receive component=receive-writer msg="Out of bounds metric" lset="{__name__=\"tikv_raftstore_store_wf_before_write_duration_seconds_bucket\", cluster=\"basic\", component=\"tikv\", instance=\"basic-tikv-0\", job=\"default-basic-tikv\", kubernetes_namespace=\"default\", le=\"2.62144\", prometheus_replica=\"default_basic-monitor-0\", tidb_cluster=\"default-basic\"}" sample="unsupported value type"
level=debug ts=2022-03-13T15:41:46.2635917Z caller=writer.go:94 component=receive component=receive-writer msg="Out of bounds metric" lset="{__name__=\"tikv_raftstore_store_wf_send_to_queue_duration_seconds_bucket\", cluster=\"basic\", component=\"tikv\", instance=\"basic-tikv-0\", job=\"default-basic-tikv\", kubernetes_namespace=\"default\", le=\"0.00004\", prometheus_replica=\"default_basic-monitor-0\", tidb_cluster=\"default-basic\"}" sample="unsupported value type"
level=debug ts=2022-03-13T15:41:46.2639318Z caller=writer.go:94 component=receive component=receive-writer msg="Out of bounds metric" lset="{__name__=\"tikv_raftstore_store_write_msg_block_wait_duration_seconds_bucket\", cluster=\"basic\", component=\"tikv\", instance=\"basic-tikv-0\", job=\"default-basic-tikv\", kubernetes_namespace=\"default\", le=\"0.32768\", prometheus_replica=\"default_basic-monitor-0\", tidb_cluster=\"default-basic\"}" sample="unsupported value type"
level=debug ts=2022-03-13T15:41:46.2640725Z caller=writer.go:94 component=receive component=receive-writer msg="Out of bounds metric" lset="{__name__=\"tikv_raftstore_store_write_task_wait_duration_secs_count\", cluster=\"basic\", component=\"tikv\", instance=\"basic-tikv-0\", job=\"default-basic-tikv\", kubernetes_namespace=\"default\", prometheus_replica=\"default_basic-monitor-0\", tidb_cluster=\"default-basic\"}" sample="unsupported value type"
level=debug ts=2022-03-13T15:41:46.2641119Z caller=writer.go:94 component=receive component=receive-writer msg="Out of bounds metric" lset="{__name__=\"tikv_region_written_keys_bucket\", cluster=\"basic\", component=\"tikv\", instance=\"basic-tikv-0\", job=\"default-basic-tikv\", kubernetes_namespace=\"default\", le=\"131072\", prometheus_replica=\"default_basic-monitor-0\", tidb_cluster=\"default-basic\"}" sample="unsupported value type"
level=debug ts=2022-03-13T15:41:46.2642573Z caller=writer.go:94 component=receive component=receive-writer msg="Out of bounds metric" lset="{__name__=\"tikv_scheduler_command_duration_seconds_bucket\", cluster=\"basic\", component=\"tikv\", instance=\"basic-tikv-0\", job=\"default-basic-tikv\", kubernetes_namespace=\"default\", le=\"+Inf\", prometheus_replica=\"default_basic-monitor-0\", tidb_cluster=\"default-basic\", type=\"acquire_pessimistic_lock\"}" sample="unsupported value type"
level=debug ts=2022-03-13T15:41:46.2643841Z caller=writer.go:94 component=receive component=receive-writer msg="Out of bounds metric" lset="{__name__=\"tikv_scheduler_command_duration_seconds_bucket\", cluster=\"basic\", component=\"tikv\", instance=\"basic-tikv-0\", job=\"default-basic-tikv\", kubernetes_namespace=\"default\", le=\"0.016\", prometheus_replica=\"default_basic-monitor-0\", tidb_cluster=\"default-basic\", type=\"cleanup\"}" sample="unsupported value type"
level=debug ts=2022-03-13T15:41:46.2644351Z caller=writer.go:94 component=receive component=receive-writer msg="Out of bounds metric" lset="{__name__=\"tikv_scheduler_command_duration_seconds_bucket\", cluster=\"basic\", component=\"tikv\", instance=\"basic-tikv-0\", job=\"default-basic-tikv\", kubernetes_namespace=\"default\", le=\"4.096\", prometheus_replica=\"default_basic-monitor-0\", tidb_cluster=\"default-basic\", type=\"key_mvcc\"}" sample="unsupported value type"
level=debug ts=2022-03-13T15:41:46.2644723Z caller=writer.go:94 component=receive component=receive-writer msg="Out of bounds metric" lset="{__name__=\"tikv_scheduler_command_duration_seconds_sum\", cluster=\"basic\", component=\"tikv\", instance=\"basic-tikv-0\", job=\"default-basic-tikv\", kubernetes_namespace=\"default\", prometheus_replica=\"default_basic-monitor-0\", tidb_cluster=\"default-basic\", type=\"raw_atomic_store\"}" sample="unsupported value type"
level=debug ts=2022-03-13T15:41:46.2645051Z caller=writer.go:94 component=receive component=receive-writer msg="Out of bounds metric" lset="{__name__=\"tikv_scheduler_command_duration_seconds_bucket\", cluster=\"basic\", component=\"tikv\", instance=\"basic-tikv-0\", job=\"default-basic-tikv\", kubernetes_namespace=\"default\", le=\"0.032\", prometheus_replica=\"default_basic-monitor-0\", tidb_cluster=\"default-basic\", type=\"raw_batch_scan\"}" sample="unsupported value type"
level=debug ts=2022-03-13T15:41:46.2645347Z caller=writer.go:94 component=receive component=receive-writer msg="Out of bounds metric" lset="{__name__=\"tikv_scheduler_command_duration_seconds_bucket\", cluster=\"basic\", component=\"tikv\", instance=\"basic-tikv-0\", job=\"default-basic-tikv\", kubernetes_namespace=\"default\", le=\"8.192\", prometheus_replica=\"default_basic-monitor-0\", tidb_cluster=\"default-basic\", type=\"raw_delete_range\"}" sample="unsupported value type"
level=debug ts=2022-03-13T15:41:46.2645719Z caller=writer.go:94 component=receive component=receive-writer msg="Out of bounds metric" lset="{__name__=\"tikv_scheduler_command_duration_seconds_count\", cluster=\"basic\", component=\"tikv\", instance=\"basic-tikv-0\", job=\"default-basic-tikv\", kubernetes_namespace=\"default\", prometheus_replica=\"default_basic-monitor-0\", tidb_cluster=\"default-basic\", type=\"raw_scan\"}" sample="unsupported value type"
level=debug ts=2022-03-13T15:41:46.2646056Z caller=writer.go:94 component=receive component=receive-writer msg="Out of bounds metric" lset="{__name__=\"tikv_scheduler_command_duration_seconds_bucket\", cluster=\"basic\", component=\"tikv\", instance=\"basic-tikv-0\", job=\"default-basic-tikv\", kubernetes_namespace=\"default\", le=\"0.064\", prometheus_replica=\"default_basic-monitor-0\", tidb_cluster=\"default-basic\", type=\"scan_lock\"}" sample="unsupported value type"
level=debug ts=2022-03-13T15:41:46.2646499Z caller=writer.go:94 component=receive component=receive-writer msg="Out of bounds metric" lset="{__name__=\"tikv_scheduler_kv_command_key_read_bucket\", cluster=\"basic\", component=\"tikv\", instance=\"basic-tikv-0\", job=\"default-basic-tikv\", kubernetes_namespace=\"default\", le=\"1024\", prometheus_replica=\"default_basic-monitor-0\", tidb_cluster=\"default-basic\", type=\"batch_get\"}" sample="unsupported value type"
level=debug ts=2022-03-13T15:41:46.2650345Z caller=writer.go:94 component=receive component=receive-writer msg="Out of bounds metric" lset="{__name__=\"tikv_scheduler_kv_command_key_read_bucket\", cluster=\"basic\", component=\"tikv\", instance=\"basic-tikv-0\", job=\"default-basic-tikv\", kubernetes_namespace=\"default\", le=\"16384\", prometheus_replica=\"default_basic-monitor-0\", tidb_cluster=\"default-basic\", type=\"cleanup\"}" sample="unsupported value type"
level=debug ts=2022-03-13T15:41:46.265067Z caller=writer.go:94 component=receive component=receive-writer msg="Out of bounds metric" lset="{__name__=\"tikv_scheduler_kv_command_key_read_bucket\", cluster=\"basic\", component=\"tikv\", instance=\"basic-tikv-0\", job=\"default-basic-tikv\", kubernetes_namespace=\"default\", le=\"262144\", prometheus_replica=\"default_basic-monitor-0\", tidb_cluster=\"default-basic\", type=\"key_mvcc\"}" sample="unsupported value type"
level=debug ts=2022-03-13T15:41:46.2651352Z caller=writer.go:94 component=receive component=receive-writer msg="Out of bounds metric" lset="{__name__=\"tikv_scheduler_kv_command_key_read_sum\", cluster=\"basic\", component=\"tikv\", instance=\"basic-tikv-0\", job=\"default-basic-tikv\", kubernetes_namespace=\"default\", prometheus_replica=\"default_basic-monitor-0\", tidb_cluster=\"default-basic\", type=\"raw_atomic_store\"}" sample="unsupported value type"
level=debug ts=2022-03-13T15:41:46.2652259Z caller=writer.go:94 component=receive component=receive-writer msg="Out of bounds metric" lset="{__name__=\"tikv_scheduler_kv_command_key_read_bucket\", cluster=\"basic\", component=\"tikv\", instance=\"basic-tikv-0\", job=\"default-basic-tikv\", kubernetes_namespace=\"default\", le=\"4\", prometheus_replica=\"default_basic-monitor-0\", tidb_cluster=\"default-basic\", type=\"raw_batch_scan\"}" sample="unsupported value type"
level=debug ts=2022-03-13T15:41:46.2652665Z caller=writer.go:94 component=receive component=receive-writer msg="Out of bounds metric" lset="{__name__=\"tikv_scheduler_kv_command_key_read_bucket\", cluster=\"basic\", component=\"tikv\", instance=\"basic-tikv-0\", job=\"default-basic-tikv\", kubernetes_namespace=\"default\", le=\"64\", prometheus_replica=\"default_basic-monitor-0\", tidb_cluster=\"default-basic\", type=\"raw_delete_range\"}" sample="unsupported value type"
level=debug ts=2022-03-13T15:41:46.2653041Z caller=writer.go:94 component=receive component=receive-writer msg="Out of bounds metric" lset="{__name__=\"tikv_scheduler_kv_command_key_read_bucket\", cluster=\"basic\", component=\"tikv\", instance=\"basic-tikv-0\", job=\"default-basic-tikv\", kubernetes_namespace=\"default\", le=\"1024\", prometheus_replica=\"default_basic-monitor-0\", tidb_cluster=\"default-basic\", type=\"raw_scan\"}" sample="unsupported value type"
level=debug ts=2022-03-13T15:41:46.2653365Z caller=writer.go:94 component=receive component=receive-writer msg="Out of bounds metric" lset="{__name__=\"tikv_scheduler_kv_command_key_read_bucket\", cluster=\"basic\", component=\"tikv\", instance=\"basic-tikv-0\", job=\"default-basic-tikv\", kubernetes_namespace=\"default\", le=\"16384\", prometheus_replica=\"default_basic-monitor-0\", tidb_cluster=\"default-basic\", type=\"scan\"}" sample="unsupported value type"
level=debug ts=2022-03-13T15:41:46.2653701Z caller=writer.go:94 component=receive component=receive-writer msg="Out of bounds metric" lset="{__name__=\"tikv_scheduler_kv_command_key_write_bucket\", cluster=\"basic\", component=\"tikv\", instance=\"basic-tikv-0\", job=\"default-basic-tikv\", kubernetes_namespace=\"default\", le=\"262144\", prometheus_replica=\"default_basic-monitor-0\", tidb_cluster=\"default-basic\", type=\"acquire_pessimistic_lock\"}" sample="unsupported value type"
level=debug ts=2022-03-13T15:41:46.2654024Z caller=writer.go:94 component=receive component=receive-writer msg="Out of bounds metric" lset="{__name__=\"tikv_scheduler_kv_command_key_write_sum\", cluster=\"basic\", component=\"tikv\", instance=\"basic-tikv-0\", job=\"default-basic-tikv\", kubernetes_namespace=\"default\", prometheus_replica=\"default_basic-monitor-0\", tidb_cluster=\"default-basic\", type=\"check_txn_status\"}" sample="unsupported value type"
level=debug ts=2022-03-13T15:41:46.2654348Z caller=writer.go:94 component=receive component=receive-writer msg="Out of bounds metric" lset="{__name__=\"tikv_scheduler_kv_command_key_write_bucket\", cluster=\"basic\", component=\"tikv\", instance=\"basic-tikv-0\", job=\"default-basic-tikv\", kubernetes_namespace=\"default\", le=\"4\", prometheus_replica=\"default_basic-monitor-0\", tidb_cluster=\"default-basic\", type=\"key_mvcc\"}" sample="unsupported value type"
level=debug ts=2022-03-13T15:41:46.2654901Z caller=writer.go:94 component=receive component=receive-writer msg="Out of bounds metric" lset="{__name__=\"tikv_scheduler_kv_command_key_write_bucket\", cluster=\"basic\", component=\"tikv\", instance=\"basic-tikv-0\", job=\"default-basic-tikv\", kubernetes_namespace=\"default\", le=\"64\", prometheus_replica=\"default_basic-monitor-0\", tidb_cluster=\"default-basic\", type=\"raw_atomic_store\"}" sample="unsupported value type"
level=debug ts=2022-03-13T15:41:46.2655244Z caller=writer.go:94 component=receive component=receive-writer msg="Out of bounds metric" lset="{__name__=\"tikv_scheduler_kv_command_key_write_bucket\", cluster=\"basic\", component=\"tikv\", instance=\"basic-tikv-0\", job=\"default-basic-tikv\", kubernetes_namespace=\"default\", le=\"1024\", prometheus_replica=\"default_basic-monitor-0\", tidb_cluster=\"default-basic\", type=\"raw_batch_put\"}" sample="unsupported value type"
level=debug ts=2022-03-13T15:41:46.2655807Z caller=writer.go:94 component=receive component=receive-writer msg="Out of bounds metric" lset="{__name__=\"tikv_scheduler_kv_command_key_write_bucket\", cluster=\"basic\", component=\"tikv\", instance=\"basic-tikv-0\", job=\"default-basic-tikv\", kubernetes_namespace=\"default\", le=\"16384\", prometheus_replica=\"default_basic-monitor-0\", tidb_cluster=\"default-basic\", type=\"raw_delete\"}" sample="unsupported value type"
level=debug ts=2022-03-13T15:41:46.2656154Z caller=writer.go:94 component=receive component=receive-writer msg="Out of bounds metric" lset="{__name__=\"tikv_scheduler_kv_command_key_write_bucket\", cluster=\"basic\", component=\"tikv\", instance=\"basic-tikv-0\", job=\"default-basic-tikv\", kubernetes_namespace=\"default\", le=\"262144\", prometheus_replica=\"default_basic-monitor-0\", tidb_cluster=\"default-basic\", type=\"raw_put\"}" sample="unsupported value type"
level=debug ts=2022-03-13T15:41:46.2656447Z caller=writer.go:94 component=receive component=receive-writer msg="Out of bounds metric" lset="{__name__=\"tikv_scheduler_kv_command_key_write_sum\", cluster=\"basic\", component=\"tikv\", instance=\"basic-tikv-0\", job=\"default-basic-tikv\", kubernetes_namespace=\"default\", prometheus_replica=\"default_basic-monitor-0\", tidb_cluster=\"default-basic\", type=\"rollback\"}" sample="unsupported value type"
level=debug ts=2022-03-13T15:41:46.2656772Z caller=writer.go:94 component=receive component=receive-writer msg="Out of bounds metric" lset="{__name__=\"tikv_scheduler_kv_scan_details\", cf=\"default\", cluster=\"basic\", component=\"tikv\", instance=\"basic-tikv-0\", job=\"default-basic-tikv\", kubernetes_namespace=\"default\", prometheus_replica=\"default_basic-monitor-0\", req=\"acquire_pessimistic_lock\", tag=\"next_tombstone\", tidb_cluster=\"default-basic\"}" sample="unsupported value type"
level=debug ts=2022-03-13T15:41:46.2657171Z caller=writer.go:94 component=receive component=receive-writer msg="Out of bounds metric" lset="{__name__=\"tikv_scheduler_kv_scan_details\", cf=\"default\", cluster=\"basic\", component=\"tikv\", instance=\"basic-tikv-0\", job=\"default-basic-tikv\", kubernetes_namespace=\"default\", prometheus_replica=\"default_basic-monitor-0\", req=\"get\", tag=\"processed_keys\", tidb_cluster=\"default-basic\"}" sample="unsupported value type"
level=debug ts=2022-03-13T15:41:46.2658002Z caller=writer.go:94 component=receive component=receive-writer msg="Out of bounds metric" lset="{__name__=\"tikv_scheduler_kv_scan_details\", cf=\"default\", cluster=\"basic\", component=\"tikv\", instance=\"basic-tikv-0\", job=\"default-basic-tikv\", kubernetes_namespace=\"default\", prometheus_replica=\"default_basic-monitor-0\", req=\"raw_batch_get_command\", tag=\"seek_tombstone\", tidb_cluster=\"default-basic\"}" sample="unsupported value type"
level=warn ts=2022-03-13T15:41:46.2658318Z caller=writer.go:139 component=receive component=receive-writer msg="Error on ingesting samples that are too old or are too far into the future" numDropped=100
level=debug ts=2022-03-13T15:41:46.2658946Z caller=handler.go:491 component=receive component=receive-handler
level=debug ts=2022-03-13T15:41:46.2660107Z caller=writer.go:94 component=receive component=receive-writer msg="Out of bounds metric" lset="{__name__=\"tikv_config_raftstore\", cluster=\"basic\", component=\"tikv\", instance=\"basic-tikv-0\", job=\"default-basic-tikv\", kubernetes_namespace=\"default\", name=\"report_region_flow_interval\", prometheus_replica=\"default_basic-monitor-0\", tidb_cluster=\"default-basic\"}" sample="unsupported value type"
level=debug ts=2022-03-13T15:41:46.2660439Z caller=writer.go:94 component=receive component=receive-writer msg="Out of bounds metric" lset="{__name__=\"tikv_config_rocksdb\", cf=\"raft\", cluster=\"basic\", component=\"tikv\", instance=\"basic-tikv-0\", job=\"default-basic-tikv\", kubernetes_namespace=\"default\", name=\"max_bytes_for_level_base\", prometheus_replica=\"default_basic-monitor-0\", tidb_cluster=\"default-basic\"}" sample="unsupported value type"
level=debug ts=2022-03-13T15:41:46.2660734Z caller=writer.go:94 component=receive component=receive-writer msg="Out of bounds metric" lset="{__name__=\"tikv_coprocessor_request_duration_seconds_bucket\", cluster=\"basic\", component=\"tikv\", instance=\"basic-tikv-0\", job=\"default-basic-tikv\", kubernetes_namespace=\"default\", le=\"0.016\", prometheus_replica=\"default_basic-monitor-0\", req=\"analyze_full_sampling\", tidb_cluster=\"default-basic\"}" sample="unsupported value type"
level=debug ts=2022-03-13T15:41:46.2661142Z caller=writer.go:94 component=receive component=receive-writer msg="Out of bounds metric" lset="{__name__=\"tikv_coprocessor_request_duration_seconds_bucket\", cluster=\"basic\", component=\"tikv\", instance=\"basic-tikv-0\", job=\"default-basic-tikv\", kubernetes_namespace=\"default\", le=\"4.096\", prometheus_replica=\"default_basic-monitor-0\", req=\"checksum_table\", tidb_cluster=\"default-basic\"}" sample="unsupported value type"
level=debug ts=2022-03-13T15:41:46.2661444Z caller=writer.go:94 component=receive component=receive-writer msg="Out of bounds metric" lset="{__name__=\"tikv_coprocessor_request_handle_seconds_sum\", cluster=\"basic\", component=\"tikv\", instance=\"basic-tikv-0\", job=\"default-basic-tikv\", kubernetes_namespace=\"default\", prometheus_replica=\"default_basic-monitor-0\", req=\"analyze_full_sampling\", tidb_cluster=\"default-basic\"}" sample="unsupported value type"
level=debug ts=2022-03-13T15:41:46.2661737Z caller=writer.go:94 component=receive component=receive-writer msg="Out of bounds metric" lset="{__name__=\"tikv_coprocessor_request_handle_seconds_bucket\", cluster=\"basic\", component=\"tikv\", instance=\"basic-tikv-0\", job=\"default-basic-tikv\", kubernetes_namespace=\"default\", le=\"0.032\", prometheus_replica=\"default_basic-monitor-0\", req=\"index\", tidb_cluster=\"default-basic\"}" sample="unsupported value type"
level=debug ts=2022-03-13T15:41:46.2662032Z caller=writer.go:94 component=receive component=receive-writer msg="Out of bounds metric" lset="{__name__=\"tikv_coprocessor_request_handler_build_seconds_bucket\", cluster=\"basic\", component=\"tikv\", instance=\"basic-tikv-0\", job=\"default-basic-tikv\", kubernetes_namespace=\"default\", le=\"8.192\", prometheus_replica=\"default_basic-monitor-0\", req=\"analyze_index\", tidb_cluster=\"default-basic\"}" sample="unsupported value type"
level=debug ts=2022-03-13T15:41:46.2662369Z caller=writer.go:94 component=receive component=receive-writer msg="Out of bounds metric" lset="{__name__=\"tikv_coprocessor_request_handler_build_seconds_count\", cluster=\"basic\", component=\"tikv\", instance=\"basic-tikv-0\", job=\"default-basic-tikv\", kubernetes_namespace=\"default\", prometheus_replica=\"default_basic-monitor-0\", req=\"index\", tidb_cluster=\"default-basic\"}" sample="unsupported value type"
level=debug ts=2022-03-13T15:41:46.2662729Z caller=writer.go:94 component=receive component=receive-writer msg="Out of bounds metric" lset="{__name__=\"tikv_coprocessor_request_wait_seconds_bucket\", cluster=\"basic\", component=\"tikv\", instance=\"basic-tikv-0\", job=\"default-basic-tikv\", kubernetes_namespace=\"default\", le=\"0.064\", prometheus_replica=\"default_basic-monitor-0\", req=\"analyze_full_sampling\", tidb_cluster=\"default-basic\", type=\"snapshot\"}" sample="unsupported value type"
level=debug ts=2022-03-13T15:41:46.2663031Z caller=writer.go:94 component=receive component=receive-writer msg="Out of bounds metric" lset="{__name__=\"tikv_coprocessor_request_wait_seconds_bucket\", cluster=\"basic\", component=\"tikv\", instance=\"basic-tikv-0\", job=\"default-basic-tikv\", kubernetes_namespace=\"default\", le=\"16.384\", prometheus_replica=\"default_basic-monitor-0\", req=\"analyze_table\", tidb_cluster=\"default-basic\", type=\"all\"}" sample="unsupported value type"
level=debug ts=2022-03-13T15:41:46.2663365Z caller=writer.go:94 component=receive component=receive-writer msg="Out of bounds metric" lset="{__name__=\"tikv_coprocessor_request_wait_seconds_bucket\", cluster=\"basic\", component=\"tikv\", instance=\"basic-tikv-0\", job=\"default-basic-tikv\", kubernetes_namespace=\"default\", le=\"0.0005\", prometheus_replica=\"default_basic-monitor-0\", req=\"checksum_index\", tidb_cluster=\"default-basic\", type=\"snapshot\"}" sample="unsupported value type"
level=debug ts=2022-03-13T15:41:46.266367Z caller=writer.go:94 component=receive component=receive-writer msg="Out of bounds metric" lset="{__name__=\"tikv_coprocessor_request_wait_seconds_bucket\", cluster=\"basic\", component=\"tikv\", instance=\"basic-tikv-0\", job=\"default-basic-tikv\", kubernetes_namespace=\"default\", le=\"0.128\", prometheus_replica=\"default_basic-monitor-0\", req=\"index\", tidb_cluster=\"default-basic\", type=\"all\"}" sample="unsupported value type"
level=debug ts=2022-03-13T15:41:46.2664053Z caller=writer.go:94 component=receive component=receive-writer msg="Out of bounds metric" lset="{__name__=\"tikv_coprocessor_request_wait_seconds_bucket\", cluster=\"basic\", component=\"tikv\", instance=\"basic-tikv-0\", job=\"default-basic-tikv\", kubernetes_namespace=\"default\", le=\"32.768\", prometheus_replica=\"default_basic-monitor-0\", req=\"select\", tidb_cluster=\"default-basic\", type=\"schedule\"}" sample="unsupported value type"
level=debug ts=2022-03-13T15:41:46.266435Z caller=writer.go:94 component=receive component=receive-writer msg="Out of bounds metric" lset="{__name__=\"tikv_coprocessor_rocksdb_perf\", cluster=\"basic\", component=\"tikv\", instance=\"basic-tikv-0\", job=\"default-basic-tikv\", kubernetes_namespace=\"default\", metric=\"block_cache_filter_hit_count\", prometheus_replica=\"default_basic-monitor-0\", req=\"analyze_full_sampling\", tidb_cluster=\"default-basic\"}" sample="unsupported value type"
level=debug ts=2022-03-13T15:41:46.2664733Z caller=writer.go:94 component=receive component=receive-writer msg="Out of bounds metric" lset="{__name__=\"tikv_coprocessor_rocksdb_perf\", cluster=\"basic\", component=\"tikv\", instance=\"basic-tikv-0\", job=\"default-basic-tikv\", kubernetes_namespace=\"default\", metric=\"bloom_sst_miss_count\", prometheus_replica=\"default_basic-monitor-0\", req=\"checksum_table\", tidb_cluster=\"default-basic\"}" sample="unsupported value type"
level=debug ts=2022-03-13T15:41:46.2665096Z caller=writer.go:94 component=receive component=receive-writer msg="Out of bounds metric" lset="{__name__=\"tikv_coprocessor_rocksdb_perf\", cluster=\"basic\", component=\"tikv\", instance=\"basic-tikv-0\", job=\"default-basic-tikv\", kubernetes_namespace=\"default\", metric=\"get_snapshot_time\", prometheus_replica=\"default_basic-monitor-0\", req=\"analyze_full_sampling\", tidb_cluster=\"default-basic\"}" sample="unsupported value type"
level=debug ts=2022-03-13T15:41:46.2665394Z caller=writer.go:94 component=receive component=receive-writer msg="Out of bounds metric" lset="{__name__=\"tikv_coprocessor_rocksdb_perf\", cluster=\"basic\", component=\"tikv\", instance=\"basic-tikv-0\", job=\"default-basic-tikv\", kubernetes_namespace=\"default\", metric=\"prev_on_memtable_count\", prometheus_replica=\"default_basic-monitor-0\", req=\"checksum_table\", tidb_cluster=\"default-basic\"}" sample="unsupported value type"
level=debug ts=2022-03-13T15:41:46.2665729Z caller=writer.go:94 component=receive component=receive-writer msg="Out of bounds metric" lset="{__name__=\"tikv_coprocessor_scan_details\", cf=\"default\", cluster=\"basic\", component=\"tikv\", instance=\"basic-tikv-0\", job=\"default-basic-tikv\", kubernetes_namespace=\"default\", prometheus_replica=\"default_basic-monitor-0\", req=\"analyze_index\", tag=\"prev\", tidb_cluster=\"default-basic\"}" sample="unsupported value type"
level=debug ts=2022-03-13T15:41:46.266603Z caller=writer.go:94 component=receive component=receive-writer msg="Out of bounds metric" lset="{__name__=\"tikv_coprocessor_scan_details\", cf=\"lock\", cluster=\"basic\", component=\"tikv\", instance=\"basic-tikv-0\", job=\"default-basic-tikv\", kubernetes_namespace=\"default\", prometheus_replica=\"default_basic-monitor-0\", req=\"analyze_index\", tag=\"seek_for_prev\", tidb_cluster=\"default-basic\"}" sample="unsupported value type"
level=debug ts=2022-03-13T15:41:46.2666344Z caller=writer.go:94 component=receive component=receive-writer msg="Out of bounds metric" lset="{__name__=\"tikv_coprocessor_scan_details\", cf=\"write\", cluster=\"basic\", component=\"tikv\", instance=\"basic-tikv-0\", job=\"default-basic-tikv\", kubernetes_namespace=\"default\", prometheus_replica=\"default_basic-monitor-0\", req=\"analyze_table\", tag=\"get\", tidb_cluster=\"default-basic\"}" sample="unsupported value type"
level=debug ts=2022-03-13T15:41:46.2666653Z caller=writer.go:94 component=receive component=receive-writer msg="Out of bounds metric" lset="{__name__=\"tikv_coprocessor_scan_keys_bucket\", cluster=\"basic\", component=\"tikv\", instance=\"basic-tikv-0\", job=\"default-basic-tikv\", kind=\"processed_keys\", kubernetes_namespace=\"default\", le=\"32\", prometheus_replica=\"default_basic-monitor-0\", req=\"analyze_index\", tidb_cluster=\"default-basic\"}" sample="unsupported value type"
level=debug ts=2022-03-13T15:41:46.2667068Z caller=writer.go:94 component=receive component=receive-writer msg="Out of bounds metric" lset="{__name__=\"tikv_coprocessor_scan_keys_bucket\", cluster=\"basic\", component=\"tikv\", instance=\"basic-tikv-0\", job=\"default-basic-tikv\", kind=\"processed_keys\", kubernetes_namespace=\"default\", le=\"8192\", prometheus_replica=\"default_basic-monitor-0\", req=\"index\", tidb_cluster=\"default-basic\"}" sample="unsupported value type"
level=debug ts=2022-03-13T15:41:46.2667833Z caller=writer.go:94 component=receive component=receive-writer msg="Out of bounds metric" lset="{__name__=\"tikv_coprocessor_scan_keys_sum\", cluster=\"basic\", component=\"tikv\", instance=\"basic-tikv-0\", job=\"default-basic-tikv\", kind=\"total\", kubernetes_namespace=\"default\", prometheus_replica=\"default_basic-monitor-0\", req=\"analyze_index\", tidb_cluster=\"default-basic\"}" sample="unsupported value type"
level=debug ts=2022-03-13T15:41:46.2668156Z caller=writer.go:94 component=receive component=receive-writer msg="Out of bounds metric" lset="{__name__=\"tikv_coprocessor_scan_keys_bucket\", cluster=\"basic\", component=\"tikv\", instance=\"basic-tikv-0\", job=\"default-basic-tikv\", kind=\"total\", kubernetes_namespace=\"default\", le=\"64\", prometheus_replica=\"default_basic-monitor-0\", req=\"select\", tidb_cluster=\"default-basic\"}" sample="unsupported value type"
level=debug ts=2022-03-13T15:41:46.2668412Z caller=writer.go:94 component=receive component=receive-writer msg="Out of bounds metric" lset="{__name__=\"tikv_engine_bloom_efficiency\", cluster=\"basic\", component=\"tikv\", db=\"kv\", instance=\"basic-tikv-0\", job=\"default-basic-tikv\", kubernetes_namespace=\"default\", prometheus_replica=\"default_basic-monitor-0\", tidb_cluster=\"default-basic\", type=\"gc_output_files_count\"}" sample="unsupported value type"
level=debug ts=2022-03-13T15:41:46.2668717Z caller=writer.go:94 component=receive component=receive-writer msg="Out of bounds metric" lset="{__name__=\"tikv_engine_bloom_efficiency\", cluster=\"basic\", component=\"tikv\", db=\"raft\", instance=\"basic-tikv-0\", job=\"default-basic-tikv\", kubernetes_namespace=\"default\", prometheus_replica=\"default_basic-monitor-0\", tidb_cluster=\"default-basic\", type=\"number_db_seek\"}" sample="unsupported value type"
level=debug ts=2022-03-13T15:41:46.2669009Z caller=writer.go:94 component=receive component=receive-writer msg="Out of bounds metric" lset="{__name__=\"tikv_engine_cache_efficiency\", cluster=\"basic\", component=\"tikv\", db=\"kv\", instance=\"basic-tikv-0\", job=\"default-basic-tikv\", kubernetes_namespace=\"default\", prometheus_replica=\"default_basic-monitor-0\", tidb_cluster=\"default-basic\", type=\"gc_output_files_count\"}" sample="unsupported value type"
level=debug ts=2022-03-13T15:41:46.2669337Z caller=writer.go:94 component=receive component=receive-writer msg="Out of bounds metric" lset="{__name__=\"tikv_engine_cache_efficiency\", cluster=\"basic\", component=\"tikv\", db=\"raft\", instance=\"basic-tikv-0\", job=\"default-basic-tikv\", kubernetes_namespace=\"default\", prometheus_replica=\"default_basic-monitor-0\", tidb_cluster=\"default-basic\", type=\"number_db_seek\"}" sample="unsupported value type"
level=debug ts=2022-03-13T15:41:46.2669651Z caller=writer.go:94 component=receive component=receive-writer msg="Out of bounds metric" lset="{__name__=\"tikv_engine_compaction_flow_bytes\", cluster=\"basic\", component=\"tikv\", db=\"raft\", instance=\"basic-tikv-0\", job=\"default-basic-tikv\", kubernetes_namespace=\"default\", prometheus_replica=\"default_basic-monitor-0\", tidb_cluster=\"default-basic\", type=\"block_cache_data_hit\"}" sample="unsupported value type"
level=debug ts=2022-03-13T15:41:46.2669954Z caller=writer.go:94 component=receive component=receive-writer msg="Out of bounds metric" lset="{__name__=\"tikv_engine_compaction_key_drop\", cluster=\"basic\", component=\"tikv\", db=\"kv\", instance=\"basic-tikv-0\", job=\"default-basic-tikv\", kubernetes_namespace=\"default\", prometheus_replica=\"default_basic-monitor-0\", tidb_cluster=\"default-basic\", type=\"discardable\"}" sample="unsupported value type"
level=debug ts=2022-03-13T15:41:46.2670257Z caller=writer.go:94 component=receive component=receive-writer msg="Out of bounds metric" lset="{__name__=\"tikv_engine_compaction_key_drop\", cluster=\"basic\", component=\"tikv\", db=\"raft\", instance=\"basic-tikv-0\", job=\"default-basic-tikv\", kubernetes_namespace=\"default\", prometheus_replica=\"default_basic-monitor-0\", tidb_cluster=\"default-basic\", type=\"number_db_next\"}" sample="unsupported value type"
level=debug ts=2022-03-13T15:41:46.2670562Z caller=writer.go:94 component=receive component=receive-writer msg="Out of bounds metric" lset="{__name__=\"tikv_engine_file_status\", cluster=\"basic\", component=\"tikv\", db=\"kv\", instance=\"basic-tikv-0\", job=\"default-basic-tikv\", kubernetes_namespace=\"default\", prometheus_replica=\"default_basic-monitor-0\", tidb_cluster=\"default-basic\", type=\"bytes_relocated\"}" sample="unsupported value type"
level=debug ts=2022-03-13T15:41:46.2670868Z caller=writer.go:94 component=receive component=receive-writer msg="Out of bounds metric" lset="{__name__=\"tikv_engine_file_status\", cluster=\"basic\", component=\"tikv\", db=\"raft\", instance=\"basic-tikv-0\", job=\"default-basic-tikv\", kubernetes_namespace=\"default\", prometheus_replica=\"default_basic-monitor-0\", tidb_cluster=\"default-basic\", type=\"no_need\"}" sample="unsupported value type"
level=debug ts=2022-03-13T15:41:46.267117Z caller=writer.go:94 component=receive component=receive-writer msg="Out of bounds metric" lset="{__name__=\"tikv_engine_flow_bytes\", cluster=\"basic\", component=\"tikv\", db=\"kv\", instance=\"basic-tikv-0\", job=\"default-basic-tikv\", kubernetes_namespace=\"default\", prometheus_replica=\"default_basic-monitor-0\", tidb_cluster=\"default-basic\", type=\"write_with_wal\"}" sample="unsupported value type"
level=debug ts=2022-03-13T15:41:46.2671472Z caller=writer.go:94 component=receive component=receive-writer msg="Out of bounds metric" lset="{__name__=\"tikv_engine_get_served\", cluster=\"basic\", component=\"tikv\", db=\"kv\", instance=\"basic-tikv-0\", job=\"default-basic-tikv\", kubernetes_namespace=\"default\", prometheus_replica=\"default_basic-monitor-0\", tidb_cluster=\"default-basic\", type=\"block_cache_filter_bytes_evict\"}" sample="unsupported value type"
level=debug ts=2022-03-13T15:41:46.26717Z caller=writer.go:94 component=receive component=receive-writer msg="Out of bounds metric" lset="{__name__=\"tikv_engine_get_served\", cluster=\"basic\", component=\"tikv\", db=\"raft\", instance=\"basic-tikv-0\", job=\"default-basic-tikv\", kubernetes_namespace=\"default\", prometheus_replica=\"default_basic-monitor-0\", tidb_cluster=\"default-basic\", type=\"gc_input_files_count\"}" sample="unsupported value type"
level=debug ts=2022-03-13T15:41:46.2672023Z caller=writer.go:94 component=receive component=receive-writer msg="Out of bounds metric" lset="{__name__=\"tikv_engine_locate\", cluster=\"basic\", component=\"tikv\", db=\"kv\", instance=\"basic-tikv-0\", job=\"default-basic-tikv\", kubernetes_namespace=\"default\", prometheus_replica=\"default_basic-monitor-0\", tidb_cluster=\"default-basic\", type=\"memtable_miss\"}" sample="unsupported value type"
level=debug ts=2022-03-13T15:41:46.2672329Z caller=writer.go:94 component=receive component=receive-writer msg="Out of bounds metric" lset="{__name__=\"tikv_engine_locate\", cluster=\"basic\", component=\"tikv\", db=\"raft\", instance=\"basic-tikv-0\", job=\"default-basic-tikv\", kubernetes_namespace=\"default\", prometheus_replica=\"default_basic-monitor-0\", tidb_cluster=\"default-basic\", type=\"wal_file_bytes\"}" sample="unsupported value type"
level=debug ts=2022-03-13T15:41:46.2672556Z caller=writer.go:94 component=receive component=receive-writer msg="Out of bounds metric" lset="{__name__=\"tikv_engine_memtable_efficiency\", cluster=\"basic\", component=\"tikv\", db=\"kv\", instance=\"basic-tikv-0\", job=\"default-basic-tikv\", kubernetes_namespace=\"default\", prometheus_replica=\"default_basic-monitor-0\", tidb_cluster=\"default-basic\", type=\"write_done_by_self\"}" sample="unsupported value type"
level=debug ts=2022-03-13T15:41:46.2672865Z caller=writer.go:94 component=receive component=receive-writer msg="Out of bounds metric" lset="{__name__=\"tikv_engine_num_files_at_level\", cf=\"raft\", cluster=\"basic\", component=\"tikv\", db=\"kv\", instance=\"basic-tikv-0\", job=\"default-basic-tikv\", kubernetes_namespace=\"default\", level=\"0\", prometheus_replica=\"default_basic-monitor-0\", tidb_cluster=\"default-basic\"}" sample="unsupported value type"
level=debug ts=2022-03-13T15:41:46.2673173Z caller=writer.go:94 component=receive component=receive-writer msg="Out of bounds metric" lset="{__name__=\"tikv_engine_read_amp_flow_bytes\", cluster=\"basic\", component=\"tikv\", db=\"kv\", instance=\"basic-tikv-0\", job=\"default-basic-tikv\", kubernetes_namespace=\"default\", prometheus_replica=\"default_basic-monitor-0\", tidb_cluster=\"default-basic\", type=\"no_file_closes\"}" sample="unsupported value type"
level=debug ts=2022-03-13T15:41:46.2673698Z caller=writer.go:94 component=receive component=receive-writer msg="Out of bounds metric" lset="{__name__=\"tikv_engine_read_amp_flow_bytes\", cluster=\"basic\", component=\"tikv\", db=\"raft\", instance=\"basic-tikv-0\", job=\"default-basic-tikv\", kubernetes_namespace=\"default\", prometheus_replica=\"default_basic-monitor-0\", tidb_cluster=\"default-basic\", type=\"write_done_by_other\"}" sample="unsupported value type"
level=debug ts=2022-03-13T15:41:46.2674157Z caller=writer.go:94 component=receive component=receive-writer msg="Out of bounds metric" lset="{__name__=\"tikv_engine_wal_file_sync_micro_seconds\", cluster=\"basic\", component=\"tikv\", db=\"kv\", instance=\"basic-tikv-0\", job=\"default-basic-tikv\", kubernetes_namespace=\"default\", prometheus_replica=\"default_basic-monitor-0\", tidb_cluster=\"default-basic\", type=\"wal_file_sync_standard_deviation\"}" sample="unsupported value type"
level=debug ts=2022-03-13T15:41:46.2674572Z caller=writer.go:94 component=receive component=receive-writer msg="Out of bounds metric" lset="{__name__=\"tikv_engine_write_served\", cluster=\"basic\", component=\"tikv\", db=\"raft\", instance=\"basic-tikv-0\", job=\"default-basic-tikv\", kubernetes_namespace=\"default\", prometheus_replica=\"default_basic-monitor-0\", tidb_cluster=\"default-basic\", type=\"block_cache_add_failures\"}" sample="unsupported value type"
level=debug ts=2022-03-13T15:41:46.2675047Z caller=writer.go:94 component=receive component=receive-writer msg="Out of bounds metric" lset="{__name__=\"tikv_engine_write_wal_time_micro_seconds\", cluster=\"basic\", component=\"tikv\", db=\"kv\", instance=\"basic-tikv-0\", job=\"default-basic-tikv\", kubernetes_namespace=\"default\", prometheus_replica=\"default_basic-monitor-0\", tidb_cluster=\"default-basic\", type=\"write_wal_micros_percentile95\"}" sample="unsupported value type"
level=debug ts=2022-03-13T15:41:46.2675484Z caller=writer.go:94 component=receive component=receive-writer msg="Out of bounds metric" lset="{__name__=\"tikv_grpc_msg_duration_seconds_bucket\", cluster=\"basic\", component=\"tikv\", instance=\"basic-tikv-0\", job=\"default-basic-tikv\", kubernetes_namespace=\"default\", le=\"0.001\", prometheus_replica=\"default_basic-monitor-0\", tidb_cluster=\"default-basic\", type=\"check_leader\"}" sample="unsupported value type"
level=debug ts=2022-03-13T15:41:46.2675933Z caller=writer.go:94 component=receive component=receive-writer msg="Out of bounds metric" lset="{__name__=\"tikv_grpc_msg_duration_seconds_bucket\", cluster=\"basic\", component=\"tikv\", instance=\"basic-tikv-0\", job=\"default-basic-tikv\", kubernetes_namespace=\"default\", le=\"0.256\", prometheus_replica=\"default_basic-monitor-0\", tidb_cluster=\"default-basic\", type=\"invalid\"}" sample="unsupported value type"
level=debug ts=2022-03-13T15:41:46.267669Z caller=writer.go:94 component=receive component=receive-writer msg="Out of bounds metric" lset="{__name__=\"tikv_grpc_msg_duration_seconds_bucket\", cluster=\"basic\", component=\"tikv\", instance=\"basic-tikv-0\", job=\"default-basic-tikv\", kubernetes_namespace=\"default\", le=\"65.536\", prometheus_replica=\"default_basic-monitor-0\", tidb_cluster=\"default-basic\", type=\"kv_check_secondary_locks\"}" sample="unsupported value type"
level=debug ts=2022-03-13T15:41:46.267706Z caller=writer.go:94 component=receive component=receive-writer msg="Out of bounds metric" lset="{__name__=\"tikv_grpc_msg_duration_seconds_bucket\", cluster=\"basic\", component=\"tikv\", instance=\"basic-tikv-0\", job=\"default-basic-tikv\", kubernetes_namespace=\"default\", le=\"0.002\", prometheus_replica=\"default_basic-monitor-0\", tidb_cluster=\"default-basic\", type=\"kv_gc\"}" sample="unsupported value type"
level=debug ts=2022-03-13T15:41:46.2678297Z caller=writer.go:94 component=receive component=receive-writer msg="Out of bounds metric" lset="{__name__=\"tikv_grpc_msg_duration_seconds_bucket\", cluster=\"basic\", component=\"tikv\", instance=\"basic-tikv-0\", job=\"default-basic-tikv\", kubernetes_namespace=\"default\", le=\"0.512\", prometheus_replica=\"default_basic-monitor-0\", tidb_cluster=\"default-basic\", type=\"kv_prewrite\"}" sample="unsupported value type"
level=debug ts=2022-03-13T15:41:46.2679039Z caller=writer.go:94 component=receive component=receive-writer msg="Out of bounds metric" lset="{__name__=\"tikv_grpc_msg_duration_seconds_bucket\", cluster=\"basic\", component=\"tikv\", instance=\"basic-tikv-0\", job=\"default-basic-tikv\", kubernetes_namespace=\"default\", le=\"131.072\", prometheus_replica=\"default_basic-monitor-0\", tidb_cluster=\"default-basic\", type=\"kv_txn_heart_beat\"}" sample="unsupported value type"
level=debug ts=2022-03-13T15:41:46.2679487Z caller=writer.go:94 component=receive component=receive-writer msg="Out of bounds metric" lset="{__name__=\"tikv_grpc_msg_duration_seconds_bucket\", cluster=\"basic\", component=\"tikv\", instance=\"basic-tikv-0\", job=\"default-basic-tikv\", kubernetes_namespace=\"default\", le=\"0.004\", prometheus_replica=\"default_basic-monitor-0\", tidb_cluster=\"default-basic\", type=\"raw_batch_get\"}" sample="unsupported value type"
level=debug ts=2022-03-13T15:41:46.2679732Z caller=writer.go:94 component=receive component=receive-writer msg="Out of bounds metric" lset="{__name__=\"tikv_grpc_msg_duration_seconds_bucket\", cluster=\"basic\", component=\"tikv\", instance=\"basic-tikv-0\", job=\"default-basic-tikv\", kubernetes_namespace=\"default\", le=\"1.024\", prometheus_replica=\"default_basic-monitor-0\", tidb_cluster=\"default-basic\", type=\"raw_checksum\"}" sample="unsupported value type"
level=debug ts=2022-03-13T15:41:46.2680043Z caller=writer.go:94 component=receive component=receive-writer msg="Out of bounds metric" lset="{__name__=\"tikv_grpc_msg_duration_seconds_bucket\", cluster=\"basic\", component=\"tikv\", instance=\"basic-tikv-0\", job=\"default-basic-tikv\", kubernetes_namespace=\"default\", le=\"262.144\", prometheus_replica=\"default_basic-monitor-0\", tidb_cluster=\"default-basic\", type=\"raw_delete_range\"}" sample="unsupported value type"
level=debug ts=2022-03-13T15:41:46.2680441Z caller=writer.go:94 component=receive component=receive-writer msg="Out of bounds metric" lset="{__name__=\"tikv_grpc_msg_duration_seconds_bucket\", cluster=\"basic\", component=\"tikv\", instance=\"basic-tikv-0\", job=\"default-basic-tikv\", kubernetes_namespace=\"default\", le=\"0.008\", prometheus_replica=\"default_basic-monitor-0\", tidb_cluster=\"default-basic\", type=\"read_index\"}" sample="unsupported value type"
level=debug ts=2022-03-13T15:41:46.2680742Z caller=writer.go:94 component=receive component=receive-writer msg="Out of bounds metric" lset="{__name__=\"tikv_grpc_msg_duration_seconds_bucket\", cluster=\"basic\", component=\"tikv\", instance=\"basic-tikv-0\", job=\"default-basic-tikv\", kubernetes_namespace=\"default\", le=\"2.048\", prometheus_replica=\"default_basic-monitor-0\", tidb_cluster=\"default-basic\", type=\"unsafe_destroy_range\"}" sample="unsupported value type"
level=debug ts=2022-03-13T15:41:46.2681049Z caller=writer.go:94 component=receive component=receive-writer msg="Out of bounds metric" lset="{__name__=\"tikv_pd_request_duration_seconds_bucket\", cluster=\"basic\", component=\"tikv\", instance=\"basic-tikv-0\", job=\"default-basic-tikv\", kubernetes_namespace=\"default\", le=\"0.025\", prometheus_replica=\"default_basic-monitor-0\", tidb_cluster=\"default-basic\", type=\"bootstrap_cluster\"}" sample="unsupported value type"
level=debug ts=2022-03-13T15:41:46.2681369Z caller=writer.go:94 component=receive component=receive-writer msg="Out of bounds metric" lset="{__name__=\"tikv_raftstore_append_log_duration_seconds_bucket\", cluster=\"basic\", component=\"tikv\", instance=\"basic-tikv-0\", job=\"default-basic-tikv\", kubernetes_namespace=\"default\", le=\"0.00004\", prometheus_replica=\"default_basic-monitor-0\", tidb_cluster=\"default-basic\"}" sample="unsupported value type"
level=debug ts=2022-03-13T15:41:46.2681615Z caller=writer.go:94 component=receive component=receive-writer msg="Out of bounds metric" lset="{__name__=\"tikv_raftstore_apply_perf_context_time_duration_secs_sum\", cluster=\"basic\", component=\"tikv\", instance=\"basic-tikv-0\", job=\"default-basic-tikv\", kubernetes_namespace=\"default\", prometheus_replica=\"default_basic-monitor-0\", tidb_cluster=\"default-basic\", type=\"db_condition_wait_nanos\"}" sample="unsupported value type"
level=debug ts=2022-03-13T15:41:46.268193Z caller=writer.go:94 component=receive component=receive-writer msg="Out of bounds metric" lset="{__name__=\"tikv_raftstore_apply_perf_context_time_duration_secs_bucket\", cluster=\"basic\", component=\"tikv\", instance=\"basic-tikv-0\", job=\"default-basic-tikv\", kubernetes_namespace=\"default\", le=\"0.032\", prometheus_replica=\"default_basic-monitor-0\", tidb_cluster=\"default-basic\", type=\"write_scheduling_flushes_compactions_time\"}" sample="unsupported value type"
level=debug ts=2022-03-13T15:41:46.268255Z caller=writer.go:94 component=receive component=receive-writer msg="Out of bounds metric" lset="{__name__=\"tikv_raftstore_apply_wait_time_duration_secs_bucket\", cluster=\"basic\", component=\"tikv\", instance=\"basic-tikv-0\", job=\"default-basic-tikv\", kubernetes_namespace=\"default\", le=\"8.192\", prometheus_replica=\"default_basic-monitor-0\", tidb_cluster=\"default-basic\"}" sample="unsupported value type"
level=debug ts=2022-03-13T15:41:46.2682859Z caller=writer.go:94 component=receive component=receive-writer msg="Out of bounds metric" lset="{__name__=\"tikv_raftstore_event_duration_bucket\", cluster=\"basic\", component=\"tikv\", instance=\"basic-tikv-0\", job=\"default-basic-tikv\", kubernetes_namespace=\"default\", le=\"0.6600240193085198\", prometheus_replica=\"default_basic-monitor-0\", tidb_cluster=\"default-basic\", type=\"compact_lock_cf\"}" sample="unsupported value type"
level=debug ts=2022-03-13T15:41:46.2683088Z caller=writer.go:94 component=receive component=receive-writer msg="Out of bounds metric" lset="{__name__=\"tikv_raftstore_event_duration_count\", cluster=\"basic\", component=\"tikv\", instance=\"basic-tikv-0\", job=\"default-basic-tikv\", kubernetes_namespace=\"default\", prometheus_replica=\"default_basic-monitor-0\", tidb_cluster=\"default-basic\", type=\"snap_gc\"}" sample="unsupported value type"
level=debug ts=2022-03-13T15:41:46.2683467Z caller=writer.go:94 component=receive component=receive-writer msg="Out of bounds metric" lset="{__name__=\"tikv_raftstore_local_read_reject_total\", cluster=\"basic\", component=\"tikv\", instance=\"basic-tikv-0\", job=\"default-basic-tikv\", kubernetes_namespace=\"default\", prometheus_replica=\"default_basic-monitor-0\", reason=\"peer_id_mismatch\", tidb_cluster=\"default-basic\"}" sample="unsupported value type"
level=debug ts=2022-03-13T15:41:46.268376Z caller=writer.go:94 component=receive component=receive-writer msg="Out of bounds metric" lset="{__name__=\"tikv_raftstore_raft_log_kv_sync_duration_secs_bucket\", cluster=\"basic\", component=\"tikv\", instance=\"basic-tikv-0\", job=\"default-basic-tikv\", kubernetes_namespace=\"default\", le=\"0.0008\", prometheus_replica=\"default_basic-monitor-0\", tidb_cluster=\"default-basic\"}" sample="unsupported value type"
level=debug ts=2022-03-13T15:41:46.2684057Z caller=writer.go:94 component=receive component=receive-writer msg="Out of bounds metric" lset="{__name__=\"tikv_raftstore_raft_process_duration_secs_bucket\", cluster=\"basic\", component=\"tikv\", instance=\"basic-tikv-0\", job=\"default-basic-tikv\", kubernetes_namespace=\"default\", le=\"0.001\", prometheus_replica=\"default_basic-monitor-0\", tidb_cluster=\"default-basic\", type=\"ready\"}" sample="unsupported value type"
level=debug ts=2022-03-13T15:41:46.2684352Z caller=writer.go:94 component=receive component=receive-writer msg="Out of bounds metric" lset="{__name__=\"tikv_raftstore_request_wait_time_duration_secs_bucket\", cluster=\"basic\", component=\"tikv\", instance=\"basic-tikv-0\", job=\"default-basic-tikv\", kubernetes_namespace=\"default\", le=\"4.096\", prometheus_replica=\"default_basic-monitor-0\", tidb_cluster=\"default-basic\"}" sample="unsupported value type"
level=debug ts=2022-03-13T15:41:46.2684673Z caller=writer.go:94 component=receive component=receive-writer msg="Out of bounds metric" lset="{__name__=\"tikv_raftstore_store_perf_context_time_duration_secs_bucket\", cluster=\"basic\", component=\"tikv\", instance=\"basic-tikv-0\", job=\"default-basic-tikv\", kubernetes_namespace=\"default\", le=\"2.048\", prometheus_replica=\"default_basic-monitor-0\", tidb_cluster=\"default-basic\", type=\"pre_and_post_process\"}" sample="unsupported value type"
level=debug ts=2022-03-13T15:41:46.2685008Z caller=writer.go:94 component=receive component=receive-writer msg="Out of bounds metric" lset="{__name__=\"tikv_raftstore_store_perf_context_time_duration_secs_bucket\", cluster=\"basic\", component=\"tikv\", instance=\"basic-tikv-0\", job=\"default-basic-tikv\", kubernetes_namespace=\"default\", le=\"+Inf\", prometheus_replica=\"default_basic-monitor-0\", tidb_cluster=\"default-basic\", type=\"write_thread_wait\"}" sample="unsupported value type"
level=debug ts=2022-03-13T15:41:46.2685378Z caller=writer.go:94 component=receive component=receive-writer msg="Out of bounds metric" lset="{__name__=\"tikv_raftstore_store_wf_commit_log_duration_seconds_bucket\", cluster=\"basic\", component=\"tikv\", instance=\"basic-tikv-0\", job=\"default-basic-tikv\", kubernetes_namespace=\"default\", le=\"0.65536\", prometheus_replica=\"default_basic-monitor-0\", tidb_cluster=\"default-basic\"}" sample="unsupported value type"
level=debug ts=2022-03-13T15:41:46.2685687Z caller=writer.go:94 component=receive component=receive-writer msg="Out of bounds metric" lset="{__name__=\"tikv_raftstore_store_wf_write_end_duration_seconds_bucket\", cluster=\"basic\", component=\"tikv\", instance=\"basic-tikv-0\", job=\"default-basic-tikv\", kubernetes_namespace=\"default\", le=\"0.00001\", prometheus_replica=\"default_basic-monitor-0\", tidb_cluster=\"default-basic\"}" sample="unsupported value type"
level=debug ts=2022-03-13T15:41:46.2686027Z caller=writer.go:94 component=receive component=receive-writer msg="Out of bounds metric" lset="{__name__=\"tikv_raftstore_store_write_raftdb_duration_seconds_bucket\", cluster=\"basic\", component=\"tikv\", instance=\"basic-tikv-0\", job=\"default-basic-tikv\", kubernetes_namespace=\"default\", le=\"0.08192\", prometheus_replica=\"default_basic-monitor-0\", tidb_cluster=\"default-basic\"}" sample="unsupported value type"
level=debug ts=2022-03-13T15:41:46.2686272Z caller=writer.go:94 component=receive component=receive-writer msg="Out of bounds metric" lset="{__name__=\"tikv_region_read_bytes_bucket\", cluster=\"basic\", component=\"tikv\", instance=\"basic-tikv-0\", job=\"default-basic-tikv\", kubernetes_namespace=\"default\", le=\"2097152\", prometheus_replica=\"default_basic-monitor-0\", tidb_cluster=\"default-basic\"}" sample="unsupported value type"
level=debug ts=2022-03-13T15:41:46.2686505Z caller=writer.go:94 component=receive component=receive-writer msg="Out of bounds metric" lset="{__name__=\"tikv_resolved_ts_check_leader_duration_seconds_sum\", cluster=\"basic\", component=\"tikv\", instance=\"basic-tikv-0\", job=\"default-basic-tikv\", kubernetes_namespace=\"default\", prometheus_replica=\"default_basic-monitor-0\", tidb_cluster=\"default-basic\"}" sample="unsupported value type"
level=debug ts=2022-03-13T15:41:46.2686716Z caller=writer.go:94 component=receive component=receive-writer msg="Out of bounds metric" lset="{__name__=\"tikv_scheduler_command_duration_seconds_bucket\", cluster=\"basic\", component=\"tikv\", instance=\"basic-tikv-0\", job=\"default-basic-tikv\", kubernetes_namespace=\"default\", le=\"0.001\", prometheus_replica=\"default_basic-monitor-0\", tidb_cluster=\"default-basic\", type=\"batch_get_command\"}" sample="unsupported value type"
level=debug ts=2022-03-13T15:41:46.2687046Z caller=writer.go:94 component=receive component=receive-writer msg="Out of bounds metric" lset="{__name__=\"tikv_scheduler_command_duration_seconds_bucket\", cluster=\"basic\", component=\"tikv\", instance=\"basic-tikv-0\", job=\"default-basic-tikv\", kubernetes_namespace=\"default\", le=\"0.256\", prometheus_replica=\"default_basic-monitor-0\", tidb_cluster=\"default-basic\", type=\"commit\"}" sample="unsupported value type"
level=debug ts=2022-03-13T15:41:46.2687951Z caller=writer.go:94 component=receive component=receive-writer msg="Out of bounds metric" lset="{__name__=\"tikv_scheduler_command_duration_seconds_bucket\", cluster=\"basic\", component=\"tikv\", instance=\"basic-tikv-0\", job=\"default-basic-tikv\", kubernetes_namespace=\"default\", le=\"65.536\", prometheus_replica=\"default_basic-monitor-0\", tidb_cluster=\"default-basic\", type=\"pause\"}" sample="unsupported value type"
level=debug ts=2022-03-13T15:41:46.2688353Z caller=writer.go:94 component=receive component=receive-writer msg="Out of bounds metric" lset="{__name__=\"tikv_scheduler_command_duration_seconds_bucket\", cluster=\"basic\", component=\"tikv\", instance=\"basic-tikv-0\", job=\"default-basic-tikv\", kubernetes_namespace=\"default\", le=\"0.002\", prometheus_replica=\"default_basic-monitor-0\", tidb_cluster=\"default-basic\", type=\"raw_batch_get\"}" sample="unsupported value type"
level=debug ts=2022-03-13T15:41:46.2688677Z caller=writer.go:94 component=receive component=receive-writer msg="Out of bounds metric" lset="{__name__=\"tikv_scheduler_command_duration_seconds_bucket\", cluster=\"basic\", component=\"tikv\", instance=\"basic-tikv-0\", job=\"default-basic-tikv\", kubernetes_namespace=\"default\", le=\"0.512\", prometheus_replica=\"default_basic-monitor-0\", tidb_cluster=\"default-basic\", type=\"raw_checksum\"}" sample="unsupported value type"
level=debug ts=2022-03-13T15:41:46.2689544Z caller=writer.go:94 component=receive component=receive-writer msg="Out of bounds metric" lset="{__name__=\"tikv_scheduler_command_duration_seconds_bucket\", cluster=\"basic\", component=\"tikv\", instance=\"basic-tikv-0\", job=\"default-basic-tikv\", kubernetes_namespace=\"default\", le=\"131.072\", prometheus_replica=\"default_basic-monitor-0\", tidb_cluster=\"default-basic\", type=\"raw_get\"}" sample="unsupported value type"
level=debug ts=2022-03-13T15:41:46.2689931Z caller=writer.go:94 component=receive component=receive-writer msg="Out of bounds metric" lset="{__name__=\"tikv_scheduler_command_duration_seconds_bucket\", cluster=\"basic\", component=\"tikv\", instance=\"basic-tikv-0\", job=\"default-basic-tikv\", kubernetes_namespace=\"default\", le=\"0.004\", prometheus_replica=\"default_basic-monitor-0\", tidb_cluster=\"default-basic\", type=\"resolve_lock_lite\"}" sample="unsupported value type"
level=debug ts=2022-03-13T15:41:46.2690253Z caller=writer.go:94 component=receive component=receive-writer msg="Out of bounds metric" lset="{__name__=\"tikv_scheduler_command_duration_seconds_bucket\", cluster=\"basic\", component=\"tikv\", instance=\"basic-tikv-0\", job=\"default-basic-tikv\", kubernetes_namespace=\"default\", le=\"1.024\", prometheus_replica=\"default_basic-monitor-0\", tidb_cluster=\"default-basic\", type=\"start_ts_mvcc\"}" sample="unsupported value type"
level=debug ts=2022-03-13T15:41:46.269057Z caller=writer.go:94 component=receive component=receive-writer msg="Out of bounds metric" lset="{__name__=\"tikv_scheduler_kv_command_key_read_bucket\", cluster=\"basic\", component=\"tikv\", instance=\"basic-tikv-0\", job=\"default-basic-tikv\", kubernetes_namespace=\"default\", le=\"8192\", prometheus_replica=\"default_basic-monitor-0\", tidb_cluster=\"default-basic\", type=\"batch_get_command\"}" sample="unsupported value type"
level=debug ts=2022-03-13T15:41:46.2691001Z caller=writer.go:94 component=receive component=receive-writer msg="Out of bounds metric" lset="{__name__=\"tikv_scheduler_kv_command_key_read_bucket\", cluster=\"basic\", component=\"tikv\", instance=\"basic-tikv-0\", job=\"default-basic-tikv\", kubernetes_namespace=\"default\", le=\"131072\", prometheus_replica=\"default_basic-monitor-0\", tidb_cluster=\"default-basic\", type=\"commit\"}" sample="unsupported value type"
level=debug ts=2022-03-13T15:41:46.2691573Z caller=writer.go:94 component=receive component=receive-writer msg="Out of bounds metric" lset="{__name__=\"tikv_scheduler_kv_command_key_read_bucket\", cluster=\"basic\", component=\"tikv\", instance=\"basic-tikv-0\", job=\"default-basic-tikv\", kubernetes_namespace=\"default\", le=\"+Inf\", prometheus_replica=\"default_basic-monitor-0\", tidb_cluster=\"default-basic\", type=\"pause\"}" sample="unsupported value type"
level=debug ts=2022-03-13T15:41:46.2691993Z caller=writer.go:94 component=receive component=receive-writer msg="Out of bounds metric" lset="{__name__=\"tikv_scheduler_kv_command_key_read_bucket\", cluster=\"basic\", component=\"tikv\", instance=\"basic-tikv-0\", job=\"default-basic-tikv\", kubernetes_namespace=\"default\", le=\"2\", prometheus_replica=\"default_basic-monitor-0\", tidb_cluster=\"default-basic\", type=\"raw_batch_get\"}" sample="unsupported value type"
level=debug ts=2022-03-13T15:41:46.2692354Z caller=writer.go:94 component=receive component=receive-writer msg="Out of bounds metric" lset="{__name__=\"tikv_scheduler_kv_command_key_read_bucket\", cluster=\"basic\", component=\"tikv\", instance=\"basic-tikv-0\", job=\"default-basic-tikv\", kubernetes_namespace=\"default\", le=\"32\", prometheus_replica=\"default_basic-monitor-0\", tidb_cluster=\"default-basic\", type=\"raw_checksum\"}" sample="unsupported value type"
level=debug ts=2022-03-13T15:41:46.2692684Z caller=writer.go:94 component=receive component=receive-writer msg="Out of bounds metric" lset="{__name__=\"tikv_scheduler_kv_command_key_read_bucket\", cluster=\"basic\", component=\"tikv\", instance=\"basic-tikv-0\", job=\"default-basic-tikv\", kubernetes_namespace=\"default\", le=\"512\", prometheus_replica=\"default_basic-monitor-0\", tidb_cluster=\"default-basic\", type=\"raw_get\"}" sample="unsupported value type"
level=debug ts=2022-03-13T15:41:46.2693022Z caller=writer.go:94 component=receive component=receive-writer msg="Out of bounds metric" lset="{__name__=\"tikv_scheduler_kv_command_key_read_bucket\", cluster=\"basic\", component=\"tikv\", instance=\"basic-tikv-0\", job=\"default-basic-tikv\", kubernetes_namespace=\"default\", le=\"8192\", prometheus_replica=\"default_basic-monitor-0\", tidb_cluster=\"default-basic\", type=\"resolve_lock\"}" sample="unsupported value type"
level=debug ts=2022-03-13T15:41:46.2693628Z caller=writer.go:94 component=receive component=receive-writer msg="Out of bounds metric" lset="{__name__=\"tikv_scheduler_kv_command_key_read_bucket\", cluster=\"basic\", component=\"tikv\", instance=\"basic-tikv-0\", job=\"default-basic-tikv\", kubernetes_namespace=\"default\", le=\"131072\", prometheus_replica=\"default_basic-monitor-0\", tidb_cluster=\"default-basic\", type=\"scan_lock\"}" sample="unsupported value type"
level=debug ts=2022-03-13T15:41:46.2693945Z caller=writer.go:94 component=receive component=receive-writer msg="Out of bounds metric" lset="{__name__=\"tikv_scheduler_kv_command_key_write_bucket\", cluster=\"basic\", component=\"tikv\", instance=\"basic-tikv-0\", job=\"default-basic-tikv\", kubernetes_namespace=\"default\", le=\"+Inf\", prometheus_replica=\"default_basic-monitor-0\", tidb_cluster=\"default-basic\", type=\"batch_get\"}" sample="unsupported value type"
level=debug ts=2022-03-13T15:41:46.2694338Z caller=writer.go:94 component=receive component=receive-writer msg="Out of bounds metric" lset="{__name__=\"tikv_scheduler_kv_command_key_write_bucket\", cluster=\"basic\", component=\"tikv\", instance=\"basic-tikv-0\", job=\"default-basic-tikv\", kubernetes_namespace=\"default\", le=\"2\", prometheus_replica=\"default_basic-monitor-0\", tidb_cluster=\"default-basic\", type=\"commit\"}" sample="unsupported value type"
level=debug ts=2022-03-13T15:41:46.2694674Z caller=writer.go:94 component=receive component=receive-writer msg="Out of bounds metric" lset="{__name__=\"tikv_scheduler_kv_command_key_write_bucket\", cluster=\"basic\", component=\"tikv\", instance=\"basic-tikv-0\", job=\"default-basic-tikv\", kubernetes_namespace=\"default\", le=\"32\", prometheus_replica=\"default_basic-monitor-0\", tidb_cluster=\"default-basic\", type=\"pause\"}" sample="unsupported value type"
level=debug ts=2022-03-13T15:41:46.2694983Z caller=writer.go:94 component=receive component=receive-writer msg="Out of bounds metric" lset="{__name__=\"tikv_scheduler_kv_command_key_write_bucket\", cluster=\"basic\", component=\"tikv\", instance=\"basic-tikv-0\", job=\"default-basic-tikv\", kubernetes_namespace=\"default\", le=\"512\", prometheus_replica=\"default_basic-monitor-0\", tidb_cluster=\"default-basic\", type=\"raw_batch_delete\"}" sample="unsupported value type"
level=debug ts=2022-03-13T15:41:46.2695407Z caller=writer.go:94 component=receive component=receive-writer msg="Out of bounds metric" lset="{__name__=\"tikv_scheduler_kv_command_key_write_bucket\", cluster=\"basic\", component=\"tikv\", instance=\"basic-tikv-0\", job=\"default-basic-tikv\", kubernetes_namespace=\"default\", le=\"8192\", prometheus_replica=\"default_basic-monitor-0\", tidb_cluster=\"default-basic\", type=\"raw_batch_scan\"}" sample="unsupported value type"
level=debug ts=2022-03-13T15:41:46.2695994Z caller=writer.go:94 component=receive component=receive-writer msg="Out of bounds metric" lset="{__name__=\"tikv_scheduler_kv_command_key_write_bucket\", cluster=\"basic\", component=\"tikv\", instance=\"basic-tikv-0\", job=\"default-basic-tikv\", kubernetes_namespace=\"default\", le=\"131072\", prometheus_replica=\"default_basic-monitor-0\", tidb_cluster=\"default-basic\", type=\"raw_delete_range\"}" sample="unsupported value type"
level=debug ts=2022-03-13T15:41:46.269637Z caller=writer.go:94 component=receive component=receive-writer msg="Out of bounds metric" lset="{__name__=\"tikv_scheduler_kv_command_key_write_bucket\", cluster=\"basic\", component=\"tikv\", instance=\"basic-tikv-0\", job=\"default-basic-tikv\", kubernetes_namespace=\"default\", le=\"+Inf\", prometheus_replica=\"default_basic-monitor-0\", tidb_cluster=\"default-basic\", type=\"raw_scan\"}" sample="unsupported value type"
level=debug ts=2022-03-13T15:41:46.2696693Z caller=writer.go:94 component=receive component=receive-writer msg="Out of bounds metric" lset="{__name__=\"tikv_scheduler_kv_command_key_write_bucket\", cluster=\"basic\", component=\"tikv\", instance=\"basic-tikv-0\", job=\"default-basic-tikv\", kubernetes_namespace=\"default\", le=\"2\", prometheus_replica=\"default_basic-monitor-0\", tidb_cluster=\"default-basic\", type=\"scan_lock\"}" sample="unsupported value type"
level=debug ts=2022-03-13T15:41:46.2697019Z caller=writer.go:94 component=receive component=receive-writer msg="Out of bounds metric" lset="{__name__=\"tikv_scheduler_kv_scan_details\", cf=\"default\", cluster=\"basic\", component=\"tikv\", instance=\"basic-tikv-0\", job=\"default-basic-tikv\", kubernetes_namespace=\"default\", prometheus_replica=\"default_basic-monitor-0\", req=\"batch_get_command\", tag=\"prev_tombstone\", tidb_cluster=\"default-basic\"}" sample="unsupported value type"
level=debug ts=2022-03-13T15:41:46.2698036Z caller=writer.go:94 component=receive component=receive-writer msg="Out of bounds metric" lset="{__name__=\"tikv_scheduler_kv_scan_details\", cf=\"default\", cluster=\"basic\", component=\"tikv\", instance=\"basic-tikv-0\", job=\"default-basic-tikv\", kubernetes_namespace=\"default\", prometheus_replica=\"default_basic-monitor-0\", req=\"pause\", tag=\"seek_for_prev_tombstone\", tidb_cluster=\"default-basic\"}" sample="unsupported value type"
level=warn ts=2022-03-13T15:41:46.2698507Z caller=writer.go:139 component=receive component=receive-writer msg="Error on ingesting samples that are too old or are too far into the future" numDropped=100
level=debug ts=2022-03-13T15:41:46.2699138Z caller=handler.go:491 component=receive component=receive-handler
level=debug ts=2022-03-13T15:41:46.2700232Z caller=writer.go:94 component=receive component=receive-writer msg="Out of bounds metric" lset="{__name__=\"tikv_config_rocksdb\", cf=\"default\", cluster=\"basic\", component=\"tikv\", instance=\"basic-tikv-0\", job=\"default-basic-tikv\", kubernetes_namespace=\"default\", name=\"disable_auto_compactions\", prometheus_replica=\"default_basic-monitor-0\", tidb_cluster=\"default-basic\"}" sample="unsupported value type"
level=debug ts=2022-03-13T15:41:46.2700634Z caller=writer.go:94 component=receive component=receive-writer msg="Out of bounds metric" lset="{__name__=\"tikv_config_rocksdb\", cf=\"raft\", cluster=\"basic\", component=\"tikv\", instance=\"basic-tikv-0\", job=\"default-basic-tikv\", kubernetes_namespace=\"default\", name=\"use_bloom_filter\", prometheus_replica=\"default_basic-monitor-0\", tidb_cluster=\"default-basic\"}" sample="unsupported value type"
level=debug ts=2022-03-13T15:41:46.2701426Z caller=writer.go:94 component=receive component=receive-writer msg="Out of bounds metric" lset="{__name__=\"tikv_coprocessor_request_duration_seconds_bucket\", cluster=\"basic\", component=\"tikv\", instance=\"basic-tikv-0\", job=\"default-basic-tikv\", kubernetes_namespace=\"default\", le=\"0.0005\", prometheus_replica=\"default_basic-monitor-0\", req=\"analyze_index\", tidb_cluster=\"default-basic\"}" sample="unsupported value type"
level=debug ts=2022-03-13T15:41:46.270191Z caller=writer.go:94 component=receive component=receive-writer msg="Out of bounds metric" lset="{__name__=\"tikv_coprocessor_request_duration_seconds_bucket\", cluster=\"basic\", component=\"tikv\", instance=\"basic-tikv-0\", job=\"default-basic-tikv\", kubernetes_namespace=\"default\", le=\"0.128\", prometheus_replica=\"default_basic-monitor-0\", req=\"index\", tidb_cluster=\"default-basic\"}" sample="unsupported value type"
level=debug ts=2022-03-13T15:41:46.2702305Z caller=writer.go:94 component=receive component=receive-writer msg="Out of bounds metric" lset="{__name__=\"tikv_coprocessor_request_handle_seconds_bucket\", cluster=\"basic\", component=\"tikv\", instance=\"basic-tikv-0\", job=\"default-basic-tikv\", kubernetes_namespace=\"default\", le=\"32.768\", prometheus_replica=\"default_basic-monitor-0\", req=\"analyze_index\", tidb_cluster=\"default-basic\"}" sample="unsupported value type"
level=debug ts=2022-03-13T15:41:46.270279Z caller=writer.go:94 component=receive component=receive-writer msg="Out of bounds metric" lset="{__name__=\"tikv_coprocessor_request_handle_seconds_bucket\", cluster=\"basic\", component=\"tikv\", instance=\"basic-tikv-0\", job=\"default-basic-tikv\", kubernetes_namespace=\"default\", le=\"0.001\", prometheus_replica=\"default_basic-monitor-0\", req=\"select\", tidb_cluster=\"default-basic\"}" sample="unsupported value type"
level=debug ts=2022-03-13T15:41:46.2703269Z caller=writer.go:94 component=receive component=receive-writer msg="Out of bounds metric" lset="{__name__=\"tikv_coprocessor_request_handler_build_seconds_bucket\", cluster=\"basic\", component=\"tikv\", instance=\"basic-tikv-0\", job=\"default-basic-tikv\", kubernetes_namespace=\"default\", le=\"0.256\", prometheus_replica=\"default_basic-monitor-0\", req=\"analyze_table\", tidb_cluster=\"default-basic\"}" sample="unsupported value type"
level=debug ts=2022-03-13T15:41:46.2703737Z caller=writer.go:94 component=receive component=receive-writer msg="Out of bounds metric" lset="{__name__=\"tikv_coprocessor_request_handler_build_seconds_bucket\", cluster=\"basic\", component=\"tikv\", instance=\"basic-tikv-0\", job=\"default-basic-tikv\", kubernetes_namespace=\"default\", le=\"65.536\", prometheus_replica=\"default_basic-monitor-0\", req=\"select\", tidb_cluster=\"default-basic\"}" sample="unsupported value type"
level=debug ts=2022-03-13T15:41:46.2704212Z caller=writer.go:94 component=receive component=receive-writer msg="Out of bounds metric" lset="{__name__=\"tikv_coprocessor_request_wait_seconds_bucket\", cluster=\"basic\", component=\"tikv\", instance=\"basic-tikv-0\", job=\"default-basic-tikv\", kubernetes_namespace=\"default\", le=\"0.002\", prometheus_replica=\"default_basic-monitor-0\", req=\"analyze_index\", tidb_cluster=\"default-basic\", type=\"all\"}" sample="unsupported value type"
level=debug ts=2022-03-13T15:41:46.270494Z caller=writer.go:94 component=receive component=receive-writer msg="Out of bounds metric" lset="{__name__=\"tikv_coprocessor_request_wait_seconds_bucket\", cluster=\"basic\", component=\"tikv\", instance=\"basic-tikv-0\", job=\"default-basic-tikv\", kubernetes_namespace=\"default\", le=\"0.512\", prometheus_replica=\"default_basic-monitor-0\", req=\"analyze_table\", tidb_cluster=\"default-basic\", type=\"schedule\"}" sample="unsupported value type"
level=debug ts=2022-03-13T15:41:46.2705356Z caller=writer.go:94 component=receive component=receive-writer msg="Out of bounds metric" lset="{__name__=\"tikv_coprocessor_request_wait_seconds_bucket\", cluster=\"basic\", component=\"tikv\", instance=\"basic-tikv-0\", job=\"default-basic-tikv\", kubernetes_namespace=\"default\", le=\"131.072\", prometheus_replica=\"default_basic-monitor-0\", req=\"checksum_index\", tidb_cluster=\"default-basic\", type=\"snapshot\"}" sample="unsupported value type"
level=debug ts=2022-03-13T15:41:46.2705849Z caller=writer.go:94 component=receive component=receive-writer msg="Out of bounds metric" lset="{__name__=\"tikv_coprocessor_request_wait_seconds_bucket\", cluster=\"basic\", component=\"tikv\", instance=\"basic-tikv-0\", job=\"default-basic-tikv\", kubernetes_namespace=\"default\", le=\"0.004\", prometheus_replica=\"default_basic-monitor-0\", req=\"index\", tidb_cluster=\"default-basic\", type=\"schedule\"}" sample="unsupported value type"
level=debug ts=2022-03-13T15:41:46.2706336Z caller=writer.go:94 component=receive component=receive-writer msg="Out of bounds metric" lset="{__name__=\"tikv_coprocessor_request_wait_seconds_bucket\", cluster=\"basic\", component=\"tikv\", instance=\"basic-tikv-0\", job=\"default-basic-tikv\", kubernetes_namespace=\"default\", le=\"1.024\", prometheus_replica=\"default_basic-monitor-0\", req=\"select\", tidb_cluster=\"default-basic\", type=\"snapshot\"}" sample="unsupported value type"
level=debug ts=2022-03-13T15:41:46.2706929Z caller=writer.go:94 component=receive component=receive-writer msg="Out of bounds metric" lset="{__name__=\"tikv_coprocessor_rocksdb_perf\", cluster=\"basic\", component=\"tikv\", instance=\"basic-tikv-0\", job=\"default-basic-tikv\", kubernetes_namespace=\"default\", metric=\"block_cache_index_hit_count\", prometheus_replica=\"default_basic-monitor-0\", req=\"analyze_table\", tidb_cluster=\"default-basic\"}" sample="unsupported value type"
level=debug ts=2022-03-13T15:41:46.2707335Z caller=writer.go:94 component=receive component=receive-writer msg="Out of bounds metric" lset="{__name__=\"tikv_coprocessor_rocksdb_perf\", cluster=\"basic\", component=\"tikv\", instance=\"basic-tikv-0\", job=\"default-basic-tikv\", kubernetes_namespace=\"default\", metric=\"db_mutex_lock_nanos\", prometheus_replica=\"default_basic-monitor-0\", req=\"select\", tidb_cluster=\"default-basic\"}" sample="unsupported value type"
level=debug ts=2022-03-13T15:41:46.2707764Z caller=writer.go:94 component=receive component=receive-writer msg="Out of bounds metric" lset="{__name__=\"tikv_coprocessor_rocksdb_perf\", cluster=\"basic\", component=\"tikv\", instance=\"basic-tikv-0\", job=\"default-basic-tikv\", kubernetes_namespace=\"default\", metric=\"internal_delete_skipped_count\", prometheus_replica=\"default_basic-monitor-0\", req=\"analyze_table\", tidb_cluster=\"default-basic\"}" sample="unsupported value type"
level=debug ts=2022-03-13T15:41:46.2708189Z caller=writer.go:94 component=receive component=receive-writer msg="Out of bounds metric" lset="{__name__=\"tikv_coprocessor_rocksdb_perf\", cluster=\"basic\", component=\"tikv\", instance=\"basic-tikv-0\", job=\"default-basic-tikv\", kubernetes_namespace=\"default\", metric=\"read_index_block_nanos\", prometheus_replica=\"default_basic-monitor-0\", req=\"select\", tidb_cluster=\"default-basic\"}" sample="unsupported value type"
level=debug ts=2022-03-13T15:41:46.2708585Z caller=writer.go:94 component=receive component=receive-writer msg="Out of bounds metric" lset="{__name__=\"tikv_coprocessor_scan_details\", cf=\"default\", cluster=\"basic\", component=\"tikv\", instance=\"basic-tikv-0\", job=\"default-basic-tikv\", kubernetes_namespace=\"default\", prometheus_replica=\"default_basic-monitor-0\", req=\"analyze_table\", tag=\"seek_tombstone\", tidb_cluster=\"default-basic\"}" sample="unsupported value type"
level=debug ts=2022-03-13T15:41:46.2709237Z caller=writer.go:94 component=receive component=receive-writer msg="Out of bounds metric" lset="{__name__=\"tikv_coprocessor_scan_details\", cf=\"lock\", cluster=\"basic\", component=\"tikv\", instance=\"basic-tikv-0\", job=\"default-basic-tikv\", kubernetes_namespace=\"default\", prometheus_replica=\"default_basic-monitor-0\", req=\"checksum_index\", tag=\"next_tombstone\", tidb_cluster=\"default-basic\"}" sample="unsupported value type"
level=debug ts=2022-03-13T15:41:46.2709636Z caller=writer.go:94 component=receive component=receive-writer msg="Out of bounds metric" lset="{__name__=\"tikv_coprocessor_scan_details\", cf=\"write\", cluster=\"basic\", component=\"tikv\", instance=\"basic-tikv-0\", job=\"default-basic-tikv\", kubernetes_namespace=\"default\", prometheus_replica=\"default_basic-monitor-0\", req=\"checksum_index\", tag=\"processed_keys\", tidb_cluster=\"default-basic\"}" sample="unsupported value type"
level=debug ts=2022-03-13T15:41:46.2710102Z caller=writer.go:94 component=receive component=receive-writer msg="Out of bounds metric" lset="{__name__=\"tikv_coprocessor_scan_keys_bucket\", cluster=\"basic\", component=\"tikv\", instance=\"basic-tikv-0\", job=\"default-basic-tikv\", kind=\"processed_keys\", kubernetes_namespace=\"default\", le=\"1\", prometheus_replica=\"default_basic-monitor-0\", req=\"analyze_table\", tidb_cluster=\"default-basic\"}" sample="unsupported value type"
level=debug ts=2022-03-13T15:41:46.2710554Z caller=writer.go:94 component=receive component=receive-writer msg="Out of bounds metric" lset="{__name__=\"tikv_coprocessor_scan_keys_bucket\", cluster=\"basic\", component=\"tikv\", instance=\"basic-tikv-0\", job=\"default-basic-tikv\", kind=\"processed_keys\", kubernetes_namespace=\"default\", le=\"256\", prometheus_replica=\"default_basic-monitor-0\", req=\"select\", tidb_cluster=\"default-basic\"}" sample="unsupported value type"
level=debug ts=2022-03-13T15:41:46.271126Z caller=writer.go:94 component=receive component=receive-writer msg="Out of bounds metric" lset="{__name__=\"tikv_coprocessor_scan_keys_bucket\", cluster=\"basic\", component=\"tikv\", instance=\"basic-tikv-0\", job=\"default-basic-tikv\", kind=\"total\", kubernetes_namespace=\"default\", le=\"65536\", prometheus_replica=\"default_basic-monitor-0\", req=\"analyze_table\", tidb_cluster=\"default-basic\"}" sample="unsupported value type"
level=debug ts=2022-03-13T15:41:46.271198Z caller=writer.go:94 component=receive component=receive-writer msg="Out of bounds metric" lset="{__name__=\"tikv_coprocessor_scan_keys_bucket\", cluster=\"basic\", component=\"tikv\", instance=\"basic-tikv-0\", job=\"default-basic-tikv\", kind=\"total\", kubernetes_namespace=\"default\", le=\"2\", prometheus_replica=\"default_basic-monitor-0\", req=\"test\", tidb_cluster=\"default-basic\"}" sample="unsupported value type"
level=debug ts=2022-03-13T15:41:46.2712483Z caller=writer.go:94 component=receive component=receive-writer msg="Out of bounds metric" lset="{__name__=\"tikv_engine_bloom_efficiency\", cluster=\"basic\", component=\"tikv\", db=\"kv\", instance=\"basic-tikv-0\", job=\"default-basic-tikv\", kubernetes_namespace=\"default\", prometheus_replica=\"default_basic-monitor-0\", tidb_cluster=\"default-basic\", type=\"number_blob_prev\"}" sample="unsupported value type"
level=debug ts=2022-03-13T15:41:46.2713193Z caller=writer.go:94 component=receive component=receive-writer msg="Out of bounds metric" lset="{__name__=\"tikv_engine_bytes_compressed\", cluster=\"basic\", component=\"tikv\", db=\"kv\", instance=\"basic-tikv-0\", job=\"default-basic-tikv\", kubernetes_namespace=\"default\", prometheus_replica=\"default_basic-monitor-0\", tidb_cluster=\"default-basic\", type=\"bytes_compressed_median\"}" sample="unsupported value type"
level=debug ts=2022-03-13T15:41:46.2713672Z caller=writer.go:94 component=receive component=receive-writer msg="Out of bounds metric" lset="{__name__=\"tikv_engine_cache_efficiency\", cluster=\"basic\", component=\"tikv\", db=\"kv\", instance=\"basic-tikv-0\", job=\"default-basic-tikv\", kubernetes_namespace=\"default\", prometheus_replica=\"default_basic-monitor-0\", tidb_cluster=\"default-basic\", type=\"number_blob_prev\"}" sample="unsupported value type"
level=debug ts=2022-03-13T15:41:46.2714386Z caller=writer.go:94 component=receive component=receive-writer msg="Out of bounds metric" lset="{__name__=\"tikv_engine_compaction_flow_bytes\", cluster=\"basic\", component=\"tikv\", db=\"kv\", instance=\"basic-tikv-0\", job=\"default-basic-tikv\", kubernetes_namespace=\"default\", prometheus_replica=\"default_basic-monitor-0\", tidb_cluster=\"default-basic\", type=\"block_cache_add\"}" sample="unsupported value type"
level=debug ts=2022-03-13T15:41:46.2714781Z caller=writer.go:94 component=receive component=receive-writer msg="Out of bounds metric" lset="{__name__=\"tikv_engine_compaction_flow_bytes\", cluster=\"basic\", component=\"tikv\", db=\"raft\", instance=\"basic-tikv-0\", job=\"default-basic-tikv\", kubernetes_namespace=\"default\", prometheus_replica=\"default_basic-monitor-0\", tidb_cluster=\"default-basic\", type=\"bytes_read\"}" sample="unsupported value type"
level=debug ts=2022-03-13T15:41:46.2715233Z caller=writer.go:94 component=receive component=receive-writer msg="Out of bounds metric" lset="{__name__=\"tikv_engine_compaction_key_drop\", cluster=\"basic\", component=\"tikv\", db=\"kv\", instance=\"basic-tikv-0\", job=\"default-basic-tikv\", kubernetes_namespace=\"default\", prometheus_replica=\"default_basic-monitor-0\", tidb_cluster=\"default-basic\", type=\"no_file_opens\"}" sample="unsupported value type"
level=debug ts=2022-03-13T15:41:46.2715694Z caller=writer.go:94 component=receive component=receive-writer msg="Out of bounds metric" lset="{__name__=\"tikv_engine_compaction_key_drop\", cluster=\"basic\", component=\"tikv\", db=\"raft\", instance=\"basic-tikv-0\", job=\"default-basic-tikv\", kubernetes_namespace=\"default\", prometheus_replica=\"default_basic-monitor-0\", tidb_cluster=\"default-basic\", type=\"write_timeout\"}" sample="unsupported value type"
level=debug ts=2022-03-13T15:41:46.2716232Z caller=writer.go:94 component=receive component=receive-writer msg="Out of bounds metric" lset="{__name__=\"tikv_engine_file_status\", cluster=\"basic\", component=\"tikv\", db=\"kv\", instance=\"basic-tikv-0\", job=\"default-basic-tikv\", kubernetes_namespace=\"default\", prometheus_replica=\"default_basic-monitor-0\", tidb_cluster=\"default-basic\", type=\"keys_written\"}" sample="unsupported value type"
level=debug ts=2022-03-13T15:41:46.2716938Z caller=writer.go:94 component=receive component=receive-writer msg="Out of bounds metric" lset="{__name__=\"tikv_engine_file_status\", cluster=\"basic\", component=\"tikv\", db=\"raft\", instance=\"basic-tikv-0\", job=\"default-basic-tikv\", kubernetes_namespace=\"default\", prometheus_replica=\"default_basic-monitor-0\", tidb_cluster=\"default-basic\", type=\"success\"}" sample="unsupported value type"
level=debug ts=2022-03-13T15:41:46.2717307Z caller=writer.go:94 component=receive component=receive-writer msg="Out of bounds metric" lset="{__name__=\"tikv_engine_flow_bytes\", cluster=\"basic\", component=\"tikv\", db=\"raft\", instance=\"basic-tikv-0\", job=\"default-basic-tikv\", kubernetes_namespace=\"default\", prometheus_replica=\"default_basic-monitor-0\", tidb_cluster=\"default-basic\", type=\"block_cache_index_bytes_evict\"}" sample="unsupported value type"
level=debug ts=2022-03-13T15:41:46.2724123Z caller=writer.go:94 component=receive component=receive-writer msg="Out of bounds metric" lset="{__name__=\"tikv_engine_get_served\", cluster=\"basic\", component=\"tikv\", db=\"kv\", instance=\"basic-tikv-0\", job=\"default-basic-tikv\", kubernetes_namespace=\"default\", prometheus_replica=\"default_basic-monitor-0\", tidb_cluster=\"default-basic\", type=\"compaction_key_drop_newer_entry\"}" sample="unsupported value type"
level=debug ts=2022-03-13T15:41:46.2726365Z caller=writer.go:94 component=receive component=receive-writer msg="Out of bounds metric" lset="{__name__=\"tikv_engine_get_served\", cluster=\"basic\", component=\"tikv\", db=\"raft\", instance=\"basic-tikv-0\", job=\"default-basic-tikv\", kubernetes_namespace=\"default\", prometheus_replica=\"default_basic-monitor-0\", tidb_cluster=\"default-basic\", type=\"number_blob_next\"}" sample="unsupported value type"
level=debug ts=2022-03-13T15:41:46.2726799Z caller=writer.go:94 component=receive component=receive-writer msg="Out of bounds metric" lset="{__name__=\"tikv_engine_locate\", cluster=\"basic\", component=\"tikv\", db=\"kv\", instance=\"basic-tikv-0\", job=\"default-basic-tikv\", kubernetes_namespace=\"default\", prometheus_replica=\"default_basic-monitor-0\", tidb_cluster=\"default-basic\", type=\"read_amp_total_read_bytes\"}" sample="unsupported value type"
level=debug ts=2022-03-13T15:41:46.2728007Z caller=writer.go:94 component=receive component=receive-writer msg="Out of bounds metric" lset="{__name__=\"tikv_engine_memory_bytes\", cf=\"default\", cluster=\"basic\", component=\"tikv\", db=\"kv\", instance=\"basic-tikv-0\", job=\"default-basic-tikv\", kubernetes_namespace=\"default\", prometheus_replica=\"default_basic-monitor-0\", tidb_cluster=\"default-basic\", type=\"readers-mem\"}" sample="unsupported value type"
level=debug ts=2022-03-13T15:41:46.272935Z caller=writer.go:94 component=receive component=receive-writer msg="Out of bounds metric" lset="{__name__=\"tikv_engine_memtable_efficiency\", cluster=\"basic\", component=\"tikv\", db=\"raft\", instance=\"basic-tikv-0\", job=\"default-basic-tikv\", kubernetes_namespace=\"default\", prometheus_replica=\"default_basic-monitor-0\", tidb_cluster=\"default-basic\", type=\"block_cache_hit\"}" sample="unsupported value type"
level=debug ts=2022-03-13T15:41:46.2730542Z caller=writer.go:94 component=receive component=receive-writer msg="Out of bounds metric" lset="{__name__=\"tikv_engine_num_files_in_single_compaction\", cluster=\"basic\", component=\"tikv\", db=\"kv\", instance=\"basic-tikv-0\", job=\"default-basic-tikv\", kubernetes_namespace=\"default\", prometheus_replica=\"default_basic-monitor-0\", tidb_cluster=\"default-basic\", type=\"num_files_in_single_compaction_percentile99\"}" sample="unsupported value type"
level=debug ts=2022-03-13T15:41:46.2731065Z caller=writer.go:94 component=receive component=receive-writer msg="Out of bounds metric" lset="{__name__=\"tikv_engine_read_amp_flow_bytes\", cluster=\"basic\", component=\"tikv\", db=\"kv\", instance=\"basic-tikv-0\", job=\"default-basic-tikv\", kubernetes_namespace=\"default\", prometheus_replica=\"default_basic-monitor-0\", tidb_cluster=\"default-basic\", type=\"remain\"}" sample="unsupported value type"
level=debug ts=2022-03-13T15:41:46.2731684Z caller=writer.go:94 component=receive component=receive-writer msg="Out of bounds metric" lset="{__name__=\"tikv_engine_size_bytes\", cluster=\"basic\", component=\"tikv\", db=\"kv\", instance=\"basic-tikv-0\", job=\"default-basic-tikv\", kubernetes_namespace=\"default\", prometheus_replica=\"default_basic-monitor-0\", tidb_cluster=\"default-basic\", type=\"raft\"}" sample="unsupported value type"
level=debug ts=2022-03-13T15:41:46.2732115Z caller=writer.go:94 component=receive component=receive-writer msg="Out of bounds metric" lset="{__name__=\"tikv_engine_write_micro_seconds\", cluster=\"basic\", component=\"tikv\", db=\"raft\", instance=\"basic-tikv-0\", job=\"default-basic-tikv\", kubernetes_namespace=\"default\", prometheus_replica=\"default_basic-monitor-0\", tidb_cluster=\"default-basic\", type=\"write_percentile95\"}" sample="unsupported value type"
level=debug ts=2022-03-13T15:41:46.2732539Z caller=writer.go:94 component=receive component=receive-writer msg="Out of bounds metric" lset="{__name__=\"tikv_engine_write_served\", cluster=\"basic\", component=\"tikv\", db=\"raft\", instance=\"basic-tikv-0\", job=\"default-basic-tikv\", kubernetes_namespace=\"default\", prometheus_replica=\"default_basic-monitor-0\", tidb_cluster=\"default-basic\", type=\"block_cache_miss\"}" sample="unsupported value type"
level=debug ts=2022-03-13T15:41:46.2732919Z caller=writer.go:94 component=receive component=receive-writer msg="Out of bounds metric" lset="{__name__=\"tikv_futurepool_schedule_duration_bucket\", cluster=\"basic\", component=\"tikv\", instance=\"basic-tikv-0\", job=\"default-basic-tikv\", kubernetes_namespace=\"default\", le=\"0.016\", name=\"sched-high-pri-pool\", prometheus_replica=\"default_basic-monitor-0\", tidb_cluster=\"default-basic\"}" sample="unsupported value type"
level=debug ts=2022-03-13T15:41:46.2733338Z caller=writer.go:94 component=receive component=receive-writer msg="Out of bounds metric" lset="{__name__=\"tikv_grpc_msg_duration_seconds_bucket\", cluster=\"basic\", component=\"tikv\", instance=\"basic-tikv-0\", job=\"default-basic-tikv\", kubernetes_namespace=\"default\", le=\"262.144\", prometheus_replica=\"default_basic-monitor-0\", tidb_cluster=\"default-basic\", type=\"check_leader\"}" sample="unsupported value type"
level=debug ts=2022-03-13T15:41:46.2733717Z caller=writer.go:94 component=receive component=receive-writer msg="Out of bounds metric" lset="{__name__=\"tikv_grpc_msg_duration_seconds_bucket\", cluster=\"basic\", component=\"tikv\", instance=\"basic-tikv-0\", job=\"default-basic-tikv\", kubernetes_namespace=\"default\", le=\"0.008\", prometheus_replica=\"default_basic-monitor-0\", tidb_cluster=\"default-basic\", type=\"kv_batch_get\"}" sample="unsupported value type"
level=debug ts=2022-03-13T15:41:46.2734437Z caller=writer.go:94 component=receive component=receive-writer msg="Out of bounds metric" lset="{__name__=\"tikv_grpc_msg_duration_seconds_bucket\", cluster=\"basic\", component=\"tikv\", instance=\"basic-tikv-0\", job=\"default-basic-tikv\", kubernetes_namespace=\"default\", le=\"2.048\", prometheus_replica=\"default_basic-monitor-0\", tidb_cluster=\"default-basic\", type=\"kv_check_txn_status\"}" sample="unsupported value type"
level=debug ts=2022-03-13T15:41:46.2734926Z caller=writer.go:94 component=receive component=receive-writer msg="Out of bounds metric" lset="{__name__=\"tikv_grpc_msg_duration_seconds_bucket\", cluster=\"basic\", component=\"tikv\", instance=\"basic-tikv-0\", job=\"default-basic-tikv\", kubernetes_namespace=\"default\", le=\"+Inf\", prometheus_replica=\"default_basic-monitor-0\", tidb_cluster=\"default-basic\", type=\"kv_gc\"}" sample="unsupported value type"
level=debug ts=2022-03-13T15:41:46.273537Z caller=writer.go:94 component=receive component=receive-writer msg="Out of bounds metric" lset="{__name__=\"tikv_grpc_msg_duration_seconds_bucket\", cluster=\"basic\", component=\"tikv\", instance=\"basic-tikv-0\", job=\"default-basic-tikv\", kubernetes_namespace=\"default\", le=\"0.016\", prometheus_replica=\"default_basic-monitor-0\", tidb_cluster=\"default-basic\", type=\"kv_resolve_lock\"}" sample="unsupported value type"
level=debug ts=2022-03-13T15:41:46.2735737Z caller=writer.go:94 component=receive component=receive-writer msg="Out of bounds metric" lset="{__name__=\"tikv_grpc_msg_duration_seconds_bucket\", cluster=\"basic\", component=\"tikv\", instance=\"basic-tikv-0\", job=\"default-basic-tikv\", kubernetes_namespace=\"default\", le=\"4.096\", prometheus_replica=\"default_basic-monitor-0\", tidb_cluster=\"default-basic\", type=\"mvcc_get_by_key\"}" sample="unsupported value type"
level=debug ts=2022-03-13T15:41:46.2736463Z caller=writer.go:94 component=receive component=receive-writer msg="Out of bounds metric" lset="{__name__=\"tikv_grpc_msg_duration_seconds_sum\", cluster=\"basic\", component=\"tikv\", instance=\"basic-tikv-0\", job=\"default-basic-tikv\", kubernetes_namespace=\"default\", prometheus_replica=\"default_basic-monitor-0\", tidb_cluster=\"default-basic\", type=\"raw_batch_get\"}" sample="unsupported value type"
level=debug ts=2022-03-13T15:41:46.2736912Z caller=writer.go:94 component=receive component=receive-writer msg="Out of bounds metric" lset="{__name__=\"tikv_grpc_msg_duration_seconds_bucket\", cluster=\"basic\", component=\"tikv\", instance=\"basic-tikv-0\", job=\"default-basic-tikv\", kubernetes_namespace=\"default\", le=\"0.032\", prometheus_replica=\"default_basic-monitor-0\", tidb_cluster=\"default-basic\", type=\"raw_compare_and_swap\"}" sample="unsupported value type"
level=debug ts=2022-03-13T15:41:46.2737965Z caller=writer.go:94 component=receive component=receive-writer msg="Out of bounds metric" lset="{__name__=\"tikv_grpc_msg_duration_seconds_bucket\", cluster=\"basic\", component=\"tikv\", instance=\"basic-tikv-0\", job=\"default-basic-tikv\", kubernetes_namespace=\"default\", le=\"8.192\", prometheus_replica=\"default_basic-monitor-0\", tidb_cluster=\"default-basic\", type=\"raw_get\"}" sample="unsupported value type"
level=debug ts=2022-03-13T15:41:46.2738401Z caller=writer.go:94 component=receive component=receive-writer msg="Out of bounds metric" lset="{__name__=\"tikv_grpc_msg_duration_seconds_count\", cluster=\"basic\", component=\"tikv\", instance=\"basic-tikv-0\", job=\"default-basic-tikv\", kubernetes_namespace=\"default\", prometheus_replica=\"default_basic-monitor-0\", tidb_cluster=\"default-basic\", type=\"read_index\"}" sample="unsupported value type"
level=debug ts=2022-03-13T15:41:46.2738843Z caller=writer.go:94 component=receive component=receive-writer msg="Out of bounds metric" lset="{__name__=\"tikv_pd_request_duration_seconds_bucket\", cluster=\"basic\", component=\"tikv\", instance=\"basic-tikv-0\", job=\"default-basic-tikv\", kubernetes_namespace=\"default\", le=\"1\", prometheus_replica=\"default_basic-monitor-0\", tidb_cluster=\"default-basic\", type=\"ask_batch_split\"}" sample="unsupported value type"
level=debug ts=2022-03-13T15:41:46.273931Z caller=writer.go:94 component=receive component=receive-writer msg="Out of bounds metric" lset="{__name__=\"tikv_pd_request_duration_seconds_bucket\", cluster=\"basic\", component=\"tikv\", instance=\"basic-tikv-0\", job=\"default-basic-tikv\", kubernetes_namespace=\"default\", le=\"0.5\", prometheus_replica=\"default_basic-monitor-0\", tidb_cluster=\"default-basic\", type=\"get_all_stores\"}" sample="unsupported value type"
level=debug ts=2022-03-13T15:41:46.2739739Z caller=writer.go:94 component=receive component=receive-writer msg="Out of bounds metric" lset="{__name__=\"tikv_raftstore_append_log_duration_seconds_bucket\", cluster=\"basic\", component=\"tikv\", instance=\"basic-tikv-0\", job=\"default-basic-tikv\", kubernetes_namespace=\"default\", le=\"10.48576\", prometheus_replica=\"default_basic-monitor-0\", tidb_cluster=\"default-basic\"}" sample="unsupported value type"
level=debug ts=2022-03-13T15:41:46.2740443Z caller=writer.go:94 component=receive component=receive-writer msg="Out of bounds metric" lset="{__name__=\"tikv_raftstore_apply_perf_context_time_duration_secs_bucket\", cluster=\"basic\", component=\"tikv\", instance=\"basic-tikv-0\", job=\"default-basic-tikv\", kubernetes_namespace=\"default\", le=\"32.768\", prometheus_replica=\"default_basic-monitor-0\", tidb_cluster=\"default-basic\", type=\"db_mutex_lock_nanos\"}" sample="unsupported value type"
level=debug ts=2022-03-13T15:41:46.2741054Z caller=writer.go:94 component=receive component=receive-writer msg="Out of bounds metric" lset="{__name__=\"tikv_raftstore_apply_perf_context_time_duration_secs_bucket\", cluster=\"basic\", component=\"tikv\", instance=\"basic-tikv-0\", job=\"default-basic-tikv\", kubernetes_namespace=\"default\", le=\"0.001\", prometheus_replica=\"default_basic-monitor-0\", tidb_cluster=\"default-basic\", type=\"write_thread_wait\"}" sample="unsupported value type"
level=debug ts=2022-03-13T15:41:46.2741592Z caller=writer.go:94 component=receive component=receive-writer msg="Out of bounds metric" lset="{__name__=\"tikv_raftstore_commit_log_duration_seconds_bucket\", cluster=\"basic\", component=\"tikv\", instance=\"basic-tikv-0\", job=\"default-basic-tikv\", kubernetes_namespace=\"default\", le=\"0.004\", prometheus_replica=\"default_basic-monitor-0\", tidb_cluster=\"default-basic\"}" sample="unsupported value type"
level=debug ts=2022-03-13T15:41:46.2742064Z caller=writer.go:94 component=receive component=receive-writer msg="Out of bounds metric" lset="{__name__=\"tikv_raftstore_event_duration_bucket\", cluster=\"basic\", component=\"tikv\", instance=\"basic-tikv-0\", job=\"default-basic-tikv\", kubernetes_namespace=\"default\", le=\"0.06494924677744142\", prometheus_replica=\"default_basic-monitor-0\", tidb_cluster=\"default-basic\", type=\"consistency_check\"}" sample="unsupported value type"
level=debug ts=2022-03-13T15:41:46.2742513Z caller=writer.go:94 component=receive component=receive-writer msg="Out of bounds metric" lset="{__name__=\"tikv_raftstore_inspect_duration_seconds_bucket\", cluster=\"basic\", component=\"tikv\", instance=\"basic-tikv-0\", job=\"default-basic-tikv\", kubernetes_namespace=\"default\", le=\"16.384\", prometheus_replica=\"default_basic-monitor-0\", tidb_cluster=\"default-basic\", type=\"all\"}" sample="unsupported value type"
level=debug ts=2022-03-13T15:41:46.2743009Z caller=writer.go:94 component=receive component=receive-writer msg="Out of bounds metric" lset="{__name__=\"tikv_raftstore_propose_log_size_bucket\", cluster=\"basic\", component=\"tikv\", instance=\"basic-tikv-0\", job=\"default-basic-tikv\", kubernetes_namespace=\"default\", le=\"131072\", prometheus_replica=\"default_basic-monitor-0\", tidb_cluster=\"default-basic\"}" sample="unsupported value type"
level=debug ts=2022-03-13T15:41:46.2743466Z caller=writer.go:94 component=receive component=receive-writer msg="Out of bounds metric" lset="{__name__=\"tikv_raftstore_raft_log_kv_sync_duration_secs_sum\", cluster=\"basic\", component=\"tikv\", instance=\"basic-tikv-0\", job=\"default-basic-tikv\", kubernetes_namespace=\"default\", prometheus_replica=\"default_basic-monitor-0\", tidb_cluster=\"default-basic\"}" sample="unsupported value type"
level=debug ts=2022-03-13T15:41:46.2743991Z caller=writer.go:94 component=receive component=receive-writer msg="Out of bounds metric" lset="{__name__=\"tikv_raftstore_raft_process_duration_secs_bucket\", cluster=\"basic\", component=\"tikv\", instance=\"basic-tikv-0\", job=\"default-basic-tikv\", kubernetes_namespace=\"default\", le=\"262.144\", prometheus_replica=\"default_basic-monitor-0\", tidb_cluster=\"default-basic\", type=\"ready\"}" sample="unsupported value type"
level=debug ts=2022-03-13T15:41:46.2744631Z caller=writer.go:94 component=receive component=receive-writer msg="Out of bounds metric" lset="{__name__=\"tikv_raftstore_store_duration_secs_bucket\", cluster=\"basic\", component=\"tikv\", instance=\"basic-tikv-0\", job=\"default-basic-tikv\", kubernetes_namespace=\"default\", le=\"0.00032\", prometheus_replica=\"default_basic-monitor-0\", tidb_cluster=\"default-basic\"}" sample="unsupported value type"
level=debug ts=2022-03-13T15:41:46.2745207Z caller=writer.go:94 component=receive component=receive-writer msg="Out of bounds metric" lset="{__name__=\"tikv_raftstore_store_perf_context_time_duration_secs_bucket\", cluster=\"basic\", component=\"tikv\", instance=\"basic-tikv-0\", job=\"default-basic-tikv\", kubernetes_namespace=\"default\", le=\"0.064\", prometheus_replica=\"default_basic-monitor-0\", tidb_cluster=\"default-basic\", type=\"write_delay_time\"}" sample="unsupported value type"
level=debug ts=2022-03-13T15:41:46.2745713Z caller=writer.go:94 component=receive component=receive-writer msg="Out of bounds metric" lset="{__name__=\"tikv_raftstore_store_perf_context_time_duration_secs_bucket\", cluster=\"basic\", component=\"tikv\", instance=\"basic-tikv-0\", job=\"default-basic-tikv\", kubernetes_namespace=\"default\", le=\"16.384\", prometheus_replica=\"default_basic-monitor-0\", tidb_cluster=\"default-basic\", type=\"write_wal_time\"}" sample="unsupported value type"
level=debug ts=2022-03-13T15:41:46.2746211Z caller=writer.go:94 component=receive component=receive-writer msg="Out of bounds metric" lset="{__name__=\"tikv_raftstore_store_wf_commit_not_persist_log_duration_seconds_bucket\", cluster=\"basic\", component=\"tikv\", instance=\"basic-tikv-0\", job=\"default-basic-tikv\", kubernetes_namespace=\"default\", le=\"0.00032\", prometheus_replica=\"default_basic-monitor-0\", tidb_cluster=\"default-basic\"}" sample="unsupported value type"
level=debug ts=2022-03-13T15:41:46.2746969Z caller=writer.go:94 component=receive component=receive-writer msg="Out of bounds metric" lset="{__name__=\"tikv_raftstore_store_wf_write_end_duration_seconds_bucket\", cluster=\"basic\", component=\"tikv\", instance=\"basic-tikv-0\", job=\"default-basic-tikv\", kubernetes_namespace=\"default\", le=\"2.62144\", prometheus_replica=\"default_basic-monitor-0\", tidb_cluster=\"default-basic\"}" sample="unsupported value type"
level=debug ts=2022-03-13T15:41:46.2748043Z caller=writer.go:94 component=receive component=receive-writer msg="Out of bounds metric" lset="{__name__=\"tikv_raftstore_store_write_send_duration_seconds_bucket\", cluster=\"basic\", component=\"tikv\", instance=\"basic-tikv-0\", job=\"default-basic-tikv\", kubernetes_namespace=\"default\", le=\"0.00004\", prometheus_replica=\"default_basic-monitor-0\", tidb_cluster=\"default-basic\"}" sample="unsupported value type"
level=debug ts=2022-03-13T15:41:46.2748415Z caller=writer.go:94 component=receive component=receive-writer msg="Out of bounds metric" lset="{__name__=\"tikv_region_read_keys_bucket\", cluster=\"basic\", component=\"tikv\", instance=\"basic-tikv-0\", job=\"default-basic-tikv\", kubernetes_namespace=\"default\", le=\"256\", prometheus_replica=\"default_basic-monitor-0\", tidb_cluster=\"default-basic\"}" sample="unsupported value type"
level=debug ts=2022-03-13T15:41:46.2749142Z caller=writer.go:94 component=receive component=receive-writer msg="Out of bounds metric" lset="{__name__=\"tikv_resolved_ts_scan_duration_seconds_bucket\", cluster=\"basic\", component=\"tikv\", instance=\"basic-tikv-0\", job=\"default-basic-tikv\", kubernetes_namespace=\"default\", le=\"5.12\", prometheus_replica=\"default_basic-monitor-0\", tidb_cluster=\"default-basic\"}" sample="unsupported value type"
level=debug ts=2022-03-13T15:41:46.2749595Z caller=writer.go:94 component=receive component=receive-writer msg="Out of bounds metric" lset="{__name__=\"tikv_scheduler_command_duration_seconds_bucket\", cluster=\"basic\", component=\"tikv\", instance=\"basic-tikv-0\", job=\"default-basic-tikv\", kubernetes_namespace=\"default\", le=\"262.144\", prometheus_replica=\"default_basic-monitor-0\", tidb_cluster=\"default-basic\", type=\"batch_get_command\"}" sample="unsupported value type"
level=debug ts=2022-03-13T15:41:46.2750078Z caller=writer.go:94 component=receive component=receive-writer msg="Out of bounds metric" lset="{__name__=\"tikv_scheduler_command_duration_seconds_bucket\", cluster=\"basic\", component=\"tikv\", instance=\"basic-tikv-0\", job=\"default-basic-tikv\", kubernetes_namespace=\"default\", le=\"0.008\", prometheus_replica=\"default_basic-monitor-0\", tidb_cluster=\"default-basic\", type=\"delete_range\"}" sample="unsupported value type"
level=debug ts=2022-03-13T15:41:46.2750456Z caller=writer.go:94 component=receive component=receive-writer msg="Out of bounds metric" lset="{__name__=\"tikv_scheduler_command_duration_seconds_bucket\", cluster=\"basic\", component=\"tikv\", instance=\"basic-tikv-0\", job=\"default-basic-tikv\", kubernetes_namespace=\"default\", le=\"2.048\", prometheus_replica=\"default_basic-monitor-0\", tidb_cluster=\"default-basic\", type=\"pessimistic_rollback\"}" sample="unsupported value type"
level=debug ts=2022-03-13T15:41:46.2750889Z caller=writer.go:94 component=receive component=receive-writer msg="Out of bounds metric" lset="{__name__=\"tikv_scheduler_command_duration_seconds_bucket\", cluster=\"basic\", component=\"tikv\", instance=\"basic-tikv-0\", job=\"default-basic-tikv\", kubernetes_namespace=\"default\", le=\"+Inf\", prometheus_replica=\"default_basic-monitor-0\", tidb_cluster=\"default-basic\", type=\"raw_batch_get\"}" sample="unsupported value type"
level=debug ts=2022-03-13T15:41:46.2751314Z caller=writer.go:94 component=receive component=receive-writer msg="Out of bounds metric" lset="{__name__=\"tikv_scheduler_command_duration_seconds_bucket\", cluster=\"basic\", component=\"tikv\", instance=\"basic-tikv-0\", job=\"default-basic-tikv\", kubernetes_namespace=\"default\", le=\"0.016\", prometheus_replica=\"default_basic-monitor-0\", tidb_cluster=\"default-basic\", type=\"raw_compare_and_swap\"}" sample="unsupported value type"
level=debug ts=2022-03-13T15:41:46.2751796Z caller=writer.go:94 component=receive component=receive-writer msg="Out of bounds metric" lset="{__name__=\"tikv_scheduler_command_duration_seconds_bucket\", cluster=\"basic\", component=\"tikv\", instance=\"basic-tikv-0\", job=\"default-basic-tikv\", kubernetes_namespace=\"default\", le=\"4.096\", prometheus_replica=\"default_basic-monitor-0\", tidb_cluster=\"default-basic\", type=\"raw_get_key_ttl\"}" sample="unsupported value type"
level=debug ts=2022-03-13T15:41:46.2752255Z caller=writer.go:94 component=receive component=receive-writer msg="Out of bounds metric" lset="{__name__=\"tikv_scheduler_command_duration_seconds_sum\", cluster=\"basic\", component=\"tikv\", instance=\"basic-tikv-0\", job=\"default-basic-tikv\", kubernetes_namespace=\"default\", prometheus_replica=\"default_basic-monitor-0\", tidb_cluster=\"default-basic\", type=\"resolve_lock_lite\"}" sample="unsupported value type"
level=debug ts=2022-03-13T15:41:46.2752712Z caller=writer.go:94 component=receive component=receive-writer msg="Out of bounds metric" lset="{__name__=\"tikv_scheduler_command_duration_seconds_bucket\", cluster=\"basic\", component=\"tikv\", instance=\"basic-tikv-0\", job=\"default-basic-tikv\", kubernetes_namespace=\"default\", le=\"0.032\", prometheus_replica=\"default_basic-monitor-0\", tidb_cluster=\"default-basic\", type=\"txn_heart_beat\"}" sample="unsupported value type"
level=debug ts=2022-03-13T15:41:46.2753191Z caller=writer.go:94 component=receive component=receive-writer msg="Out of bounds metric" lset="{__name__=\"tikv_scheduler_kv_command_key_read_bucket\", cluster=\"basic\", component=\"tikv\", instance=\"basic-tikv-0\", job=\"default-basic-tikv\", kubernetes_namespace=\"default\", le=\"128\", prometheus_replica=\"default_basic-monitor-0\", tidb_cluster=\"default-basic\", type=\"check_secondary_locks\"}" sample="unsupported value type"
level=debug ts=2022-03-13T15:41:46.2753566Z caller=writer.go:94 component=receive component=receive-writer msg="Out of bounds metric" lset="{__name__=\"tikv_scheduler_kv_command_key_read_bucket\", cluster=\"basic\", component=\"tikv\", instance=\"basic-tikv-0\", job=\"default-basic-tikv\", kubernetes_namespace=\"default\", le=\"2048\", prometheus_replica=\"default_basic-monitor-0\", tidb_cluster=\"default-basic\", type=\"delete_range\"}" sample="unsupported value type"
level=debug ts=2022-03-13T15:41:46.2753932Z caller=writer.go:94 component=receive component=receive-writer msg="Out of bounds metric" lset="{__name__=\"tikv_scheduler_kv_command_key_read_bucket\", cluster=\"basic\", component=\"tikv\", instance=\"basic-tikv-0\", job=\"default-basic-tikv\", kubernetes_namespace=\"default\", le=\"32768\", prometheus_replica=\"default_basic-monitor-0\", tidb_cluster=\"default-basic\", type=\"pessimistic_rollback\"}" sample="unsupported value type"
level=debug ts=2022-03-13T15:41:46.2754286Z caller=writer.go:94 component=receive component=receive-writer msg="Out of bounds metric" lset="{__name__=\"tikv_scheduler_kv_command_key_read_bucket\", cluster=\"basic\", component=\"tikv\", instance=\"basic-tikv-0\", job=\"default-basic-tikv\", kubernetes_namespace=\"default\", le=\"524288\", prometheus_replica=\"default_basic-monitor-0\", tidb_cluster=\"default-basic\", type=\"raw_batch_get\"}" sample="unsupported value type"
level=debug ts=2022-03-13T15:41:46.2754742Z caller=writer.go:94 component=receive component=receive-writer msg="Out of bounds metric" lset="{__name__=\"tikv_scheduler_kv_command_key_read_count\", cluster=\"basic\", component=\"tikv\", instance=\"basic-tikv-0\", job=\"default-basic-tikv\", kubernetes_namespace=\"default\", prometheus_replica=\"default_basic-monitor-0\", tidb_cluster=\"default-basic\", type=\"raw_checksum\"}" sample="unsupported value type"
level=debug ts=2022-03-13T15:41:46.2755143Z caller=writer.go:94 component=receive component=receive-writer msg="Out of bounds metric" lset="{__name__=\"tikv_scheduler_kv_command_key_read_bucket\", cluster=\"basic\", component=\"tikv\", instance=\"basic-tikv-0\", job=\"default-basic-tikv\", kubernetes_namespace=\"default\", le=\"8\", prometheus_replica=\"default_basic-monitor-0\", tidb_cluster=\"default-basic\", type=\"raw_get_key_ttl\"}" sample="unsupported value type"
level=debug ts=2022-03-13T15:41:46.2755949Z caller=writer.go:94 component=receive component=receive-writer msg="Out of bounds metric" lset="{__name__=\"tikv_scheduler_kv_command_key_read_bucket\", cluster=\"basic\", component=\"tikv\", instance=\"basic-tikv-0\", job=\"default-basic-tikv\", kubernetes_namespace=\"default\", le=\"128\", prometheus_replica=\"default_basic-monitor-0\", tidb_cluster=\"default-basic\", type=\"resolve_lock_lite\"}" sample="unsupported value type"
level=debug ts=2022-03-13T15:41:46.2756405Z caller=writer.go:94 component=receive component=receive-writer msg="Out of bounds metric" lset="{__name__=\"tikv_scheduler_kv_command_key_read_bucket\", cluster=\"basic\", component=\"tikv\", instance=\"basic-tikv-0\", job=\"default-basic-tikv\", kubernetes_namespace=\"default\", le=\"2048\", prometheus_replica=\"default_basic-monitor-0\", tidb_cluster=\"default-basic\", type=\"start_ts_mvcc\"}" sample="unsupported value type"
level=debug ts=2022-03-13T15:41:46.2756795Z caller=writer.go:94 component=receive component=receive-writer msg="Out of bounds metric" lset="{__name__=\"tikv_scheduler_kv_command_key_write_bucket\", cluster=\"basic\", component=\"tikv\", instance=\"basic-tikv-0\", job=\"default-basic-tikv\", kubernetes_namespace=\"default\", le=\"32768\", prometheus_replica=\"default_basic-monitor-0\", tidb_cluster=\"default-basic\", type=\"batch_get_command\"}" sample="unsupported value type"
level=debug ts=2022-03-13T15:41:46.2757223Z caller=writer.go:94 component=receive component=receive-writer msg="Out of bounds metric" lset="{__name__=\"tikv_scheduler_kv_command_key_write_bucket\", cluster=\"basic\", component=\"tikv\", instance=\"basic-tikv-0\", job=\"default-basic-tikv\", kubernetes_namespace=\"default\", le=\"524288\", prometheus_replica=\"default_basic-monitor-0\", tidb_cluster=\"default-basic\", type=\"commit\"}" sample="unsupported value type"
level=debug ts=2022-03-13T15:41:46.2758746Z caller=writer.go:94 component=receive component=receive-writer msg="Out of bounds metric" lset="{__name__=\"tikv_scheduler_kv_command_key_write_count\", cluster=\"basic\", component=\"tikv\", instance=\"basic-tikv-0\", job=\"default-basic-tikv\", kubernetes_namespace=\"default\", prometheus_replica=\"default_basic-monitor-0\", tidb_cluster=\"default-basic\", type=\"pause\"}" sample="unsupported value type"
level=debug ts=2022-03-13T15:41:46.2759263Z caller=writer.go:94 component=receive component=receive-writer msg="Out of bounds metric" lset="{__name__=\"tikv_scheduler_kv_command_key_write_bucket\", cluster=\"basic\", component=\"tikv\", instance=\"basic-tikv-0\", job=\"default-basic-tikv\", kubernetes_namespace=\"default\", le=\"8\", prometheus_replica=\"default_basic-monitor-0\", tidb_cluster=\"default-basic\", type=\"raw_batch_get\"}" sample="unsupported value type"
level=debug ts=2022-03-13T15:41:46.2759647Z caller=writer.go:94 component=receive component=receive-writer msg="Out of bounds metric" lset="{__name__=\"tikv_scheduler_kv_command_key_write_bucket\", cluster=\"basic\", component=\"tikv\", instance=\"basic-tikv-0\", job=\"default-basic-tikv\", kubernetes_namespace=\"default\", le=\"128\", prometheus_replica=\"default_basic-monitor-0\", tidb_cluster=\"default-basic\", type=\"raw_checksum\"}" sample="unsupported value type"
level=debug ts=2022-03-13T15:41:46.2760344Z caller=writer.go:94 component=receive component=receive-writer msg="Out of bounds metric" lset="{__name__=\"tikv_scheduler_kv_command_key_write_bucket\", cluster=\"basic\", component=\"tikv\", instance=\"basic-tikv-0\", job=\"default-basic-tikv\", kubernetes_namespace=\"default\", le=\"2048\", prometheus_replica=\"default_basic-monitor-0\", tidb_cluster=\"default-basic\", type=\"raw_get\"}" sample="unsupported value type"
level=debug ts=2022-03-13T15:41:46.2760801Z caller=writer.go:94 component=receive component=receive-writer msg="Out of bounds metric" lset="{__name__=\"tikv_scheduler_kv_command_key_write_bucket\", cluster=\"basic\", component=\"tikv\", instance=\"basic-tikv-0\", job=\"default-basic-tikv\", kubernetes_namespace=\"default\", le=\"32768\", prometheus_replica=\"default_basic-monitor-0\", tidb_cluster=\"default-basic\", type=\"resolve_lock\"}" sample="unsupported value type"
level=debug ts=2022-03-13T15:41:46.276119Z caller=writer.go:94 component=receive component=receive-writer msg="Out of bounds metric" lset="{__name__=\"tikv_scheduler_kv_command_key_write_bucket\", cluster=\"basic\", component=\"tikv\", instance=\"basic-tikv-0\", job=\"default-basic-tikv\", kubernetes_namespace=\"default\", le=\"524288\", prometheus_replica=\"default_basic-monitor-0\", tidb_cluster=\"default-basic\", type=\"scan_lock\"}" sample="unsupported value type"
level=debug ts=2022-03-13T15:41:46.276185Z caller=writer.go:94 component=receive component=receive-writer msg="Out of bounds metric" lset="{__name__=\"tikv_scheduler_kv_scan_details\", cf=\"default\", cluster=\"basic\", component=\"tikv\", instance=\"basic-tikv-0\", job=\"default-basic-tikv\", kubernetes_namespace=\"default\", prometheus_replica=\"default_basic-monitor-0\", req=\"check_secondary_locks\", tag=\"ttl_tombstone\", tidb_cluster=\"default-basic\"}" sample="unsupported value type"
level=debug ts=2022-03-13T15:41:46.2762508Z caller=writer.go:94 component=receive component=receive-writer msg="Out of bounds metric" lset="{__name__=\"tikv_scheduler_kv_scan_details\", cf=\"default\", cluster=\"basic\", component=\"tikv\", instance=\"basic-tikv-0\", job=\"default-basic-tikv\", kubernetes_namespace=\"default\", prometheus_replica=\"default_basic-monitor-0\", req=\"prewrite\", tag=\"over_seek_bound\", tidb_cluster=\"default-basic\"}" sample="unsupported value type"
level=warn ts=2022-03-13T15:41:46.2763021Z caller=writer.go:139 component=receive component=receive-writer msg="Error on ingesting samples that are too old or are too far into the future" numDropped=100
level=debug ts=2022-03-13T15:41:46.2763612Z caller=handler.go:491 component=receive component=receive-handler
level=debug ts=2022-03-13T15:41:46.2764754Z caller=writer.go:94 component=receive component=receive-writer msg="Out of bounds metric" lset="{__name__=\"tikv_config_raftstore\", cluster=\"basic\", component=\"tikv\", instance=\"basic-tikv-0\", job=\"default-basic-tikv\", kubernetes_namespace=\"default\", name=\"region_split_check_diff\", prometheus_replica=\"default_basic-monitor-0\", tidb_cluster=\"default-basic\"}" sample="unsupported value type"
level=debug ts=2022-03-13T15:41:46.2765457Z caller=writer.go:94 component=receive component=receive-writer msg="Out of bounds metric" lset="{__name__=\"tikv_config_rocksdb\", cf=\"raft\", cluster=\"basic\", component=\"tikv\", instance=\"basic-tikv-0\", job=\"default-basic-tikv\", kubernetes_namespace=\"default\", name=\"level0_stop_writes_trigger\", prometheus_replica=\"default_basic-monitor-0\", tidb_cluster=\"default-basic\"}" sample="unsupported value type"
level=debug ts=2022-03-13T15:41:46.2765879Z caller=writer.go:94 component=receive component=receive-writer msg="Out of bounds metric" lset="{__name__=\"tikv_coprocessor_request_duration_seconds_bucket\", cluster=\"basic\", component=\"tikv\", instance=\"basic-tikv-0\", job=\"default-basic-tikv\", kubernetes_namespace=\"default\", le=\"0.008\", prometheus_replica=\"default_basic-monitor-0\", req=\"analyze_full_sampling\", tidb_cluster=\"default-basic\"}" sample="unsupported value type"
level=debug ts=2022-03-13T15:41:46.2766302Z caller=writer.go:94 component=receive component=receive-writer msg="Out of bounds metric" lset="{__name__=\"tikv_coprocessor_request_duration_seconds_bucket\", cluster=\"basic\", component=\"tikv\", instance=\"basic-tikv-0\", job=\"default-basic-tikv\", kubernetes_namespace=\"default\", le=\"2.048\", prometheus_replica=\"default_basic-monitor-0\", req=\"checksum_table\", tidb_cluster=\"default-basic\"}" sample="unsupported value type"
level=debug ts=2022-03-13T15:41:46.2767027Z caller=writer.go:94 component=receive component=receive-writer msg="Out of bounds metric" lset="{__name__=\"tikv_coprocessor_request_handle_seconds_bucket\", cluster=\"basic\", component=\"tikv\", instance=\"basic-tikv-0\", job=\"default-basic-tikv\", kubernetes_namespace=\"default\", le=\"+Inf\", prometheus_replica=\"default_basic-monitor-0\", req=\"analyze_full_sampling\", tidb_cluster=\"default-basic\"}" sample="unsupported value type"
level=debug ts=2022-03-13T15:41:46.2768088Z caller=writer.go:94 component=receive component=receive-writer msg="Out of bounds metric" lset="{__name__=\"tikv_coprocessor_request_handle_seconds_bucket\", cluster=\"basic\", component=\"tikv\", instance=\"basic-tikv-0\", job=\"default-basic-tikv\", kubernetes_namespace=\"default\", le=\"0.016\", prometheus_replica=\"default_basic-monitor-0\", req=\"index\", tidb_cluster=\"default-basic\"}" sample="unsupported value type"
level=debug ts=2022-03-13T15:41:46.2768563Z caller=writer.go:94 component=receive component=receive-writer msg="Out of bounds metric" lset="{__name__=\"tikv_coprocessor_request_handler_build_seconds_bucket\", cluster=\"basic\", component=\"tikv\", instance=\"basic-tikv-0\", job=\"default-basic-tikv\", kubernetes_namespace=\"default\", le=\"4.096\", prometheus_replica=\"default_basic-monitor-0\", req=\"analyze_index\", tidb_cluster=\"default-basic\"}" sample="unsupported value type"
level=debug ts=2022-03-13T15:41:46.2768995Z caller=writer.go:94 component=receive component=receive-writer msg="Out of bounds metric" lset="{__name__=\"tikv_coprocessor_request_handler_build_seconds_sum\", cluster=\"basic\", component=\"tikv\", instance=\"basic-tikv-0\", job=\"default-basic-tikv\", kubernetes_namespace=\"default\", prometheus_replica=\"default_basic-monitor-0\", req=\"index\", tidb_cluster=\"default-basic\"}" sample="unsupported value type"
level=debug ts=2022-03-13T15:41:46.2769822Z caller=writer.go:94 component=receive component=receive-writer msg="Out of bounds metric" lset="{__name__=\"tikv_coprocessor_request_wait_seconds_bucket\", cluster=\"basic\", component=\"tikv\", instance=\"basic-tikv-0\", job=\"default-basic-tikv\", kubernetes_namespace=\"default\", le=\"0.032\", prometheus_replica=\"default_basic-monitor-0\", req=\"analyze_full_sampling\", tidb_cluster=\"default-basic\", type=\"snapshot\"}" sample="unsupported value type"
level=debug ts=2022-03-13T15:41:46.2770317Z caller=writer.go:94 component=receive component=receive-writer msg="Out of bounds metric" lset="{__name__=\"tikv_coprocessor_request_wait_seconds_bucket\", cluster=\"basic\", component=\"tikv\", instance=\"basic-tikv-0\", job=\"default-basic-tikv\", kubernetes_namespace=\"default\", le=\"8.192\", prometheus_replica=\"default_basic-monitor-0\", req=\"analyze_table\", tidb_cluster=\"default-basic\", type=\"all\"}" sample="unsupported value type"
level=debug ts=2022-03-13T15:41:46.2770704Z caller=writer.go:94 component=receive component=receive-writer msg="Out of bounds metric" lset="{__name__=\"tikv_coprocessor_request_wait_seconds_count\", cluster=\"basic\", component=\"tikv\", instance=\"basic-tikv-0\", job=\"default-basic-tikv\", kubernetes_namespace=\"default\", prometheus_replica=\"default_basic-monitor-0\", req=\"checksum_index\", tidb_cluster=\"default-basic\", type=\"schedule\"}" sample="unsupported value type"
level=debug ts=2022-03-13T15:41:46.2771151Z caller=writer.go:94 component=receive component=receive-writer msg="Out of bounds metric" lset="{__name__=\"tikv_coprocessor_request_wait_seconds_bucket\", cluster=\"basic\", component=\"tikv\", instance=\"basic-tikv-0\", job=\"default-basic-tikv\", kubernetes_namespace=\"default\", le=\"0.064\", prometheus_replica=\"default_basic-monitor-0\", req=\"index\", tidb_cluster=\"default-basic\", type=\"all\"}" sample="unsupported value type"
level=debug ts=2022-03-13T15:41:46.277158Z caller=writer.go:94 component=receive component=receive-writer msg="Out of bounds metric" lset="{__name__=\"tikv_coprocessor_request_wait_seconds_bucket\", cluster=\"basic\", component=\"tikv\", instance=\"basic-tikv-0\", job=\"default-basic-tikv\", kubernetes_namespace=\"default\", le=\"16.384\", prometheus_replica=\"default_basic-monitor-0\", req=\"select\", tidb_cluster=\"default-basic\", type=\"schedule\"}" sample="unsupported value type"
level=debug ts=2022-03-13T15:41:46.2771924Z caller=writer.go:94 component=receive component=receive-writer msg="Out of bounds metric" lset="{__name__=\"tikv_coprocessor_response_bytes\", cluster=\"basic\", component=\"tikv\", instance=\"basic-tikv-0\", job=\"default-basic-tikv\", kubernetes_namespace=\"default\", prometheus_replica=\"default_basic-monitor-0\", tidb_cluster=\"default-basic\"}" sample="unsupported value type"
level=debug ts=2022-03-13T15:41:46.2772169Z caller=writer.go:94 component=receive component=receive-writer msg="Out of bounds metric" lset="{__name__=\"tikv_coprocessor_rocksdb_perf\", cluster=\"basic\", component=\"tikv\", instance=\"basic-tikv-0\", job=\"default-basic-tikv\", kubernetes_namespace=\"default\", metric=\"bloom_sst_miss_count\", prometheus_replica=\"default_basic-monitor-0\", req=\"checksum_index\", tidb_cluster=\"default-basic\"}" sample="unsupported value type"
level=debug ts=2022-03-13T15:41:46.2772516Z caller=writer.go:94 component=receive component=receive-writer msg="Out of bounds metric" lset="{__name__=\"tikv_coprocessor_rocksdb_perf\", cluster=\"basic\", component=\"tikv\", instance=\"basic-tikv-0\", job=\"default-basic-tikv\", kubernetes_namespace=\"default\", metric=\"get_read_bytes\", prometheus_replica=\"default_basic-monitor-0\", req=\"test\", tidb_cluster=\"default-basic\"}" sample="unsupported value type"
level=debug ts=2022-03-13T15:41:46.2772825Z caller=writer.go:94 component=receive component=receive-writer msg="Out of bounds metric" lset="{__name__=\"tikv_coprocessor_rocksdb_perf\", cluster=\"basic\", component=\"tikv\", instance=\"basic-tikv-0\", job=\"default-basic-tikv\", kubernetes_namespace=\"default\", metric=\"prev_on_memtable_count\", prometheus_replica=\"default_basic-monitor-0\", req=\"checksum_index\", tidb_cluster=\"default-basic\"}" sample="unsupported value type"
level=debug ts=2022-03-13T15:41:46.2773096Z caller=writer.go:94 component=receive component=receive-writer msg="Out of bounds metric" lset="{__name__=\"tikv_coprocessor_scan_details\", cf=\"default\", cluster=\"basic\", component=\"tikv\", instance=\"basic-tikv-0\", job=\"default-basic-tikv\", kubernetes_namespace=\"default\", prometheus_replica=\"default_basic-monitor-0\", req=\"analyze_index\", tag=\"over_seek_bound\", tidb_cluster=\"default-basic\"}" sample="unsupported value type"
level=debug ts=2022-03-13T15:41:46.2775269Z caller=writer.go:94 component=receive component=receive-writer msg="Out of bounds metric" lset="{__name__=\"tikv_coprocessor_scan_details\", cf=\"lock\", cluster=\"basic\", component=\"tikv\", instance=\"basic-tikv-0\", job=\"default-basic-tikv\", kubernetes_namespace=\"default\", prometheus_replica=\"default_basic-monitor-0\", req=\"analyze_index\", tag=\"seek\", tidb_cluster=\"default-basic\"}" sample="unsupported value type"
level=debug ts=2022-03-13T15:41:46.2776277Z caller=writer.go:94 component=receive component=receive-writer msg="Out of bounds metric" lset="{__name__=\"tikv_coprocessor_scan_details\", cf=\"write\", cluster=\"basic\", component=\"tikv\", instance=\"basic-tikv-0\", job=\"default-basic-tikv\", kubernetes_namespace=\"default\", prometheus_replica=\"default_basic-monitor-0\", req=\"analyze_index\", tag=\"ttl_tombstone\", tidb_cluster=\"default-basic\"}" sample="unsupported value type"
level=debug ts=2022-03-13T15:41:46.2776684Z caller=writer.go:94 component=receive component=receive-writer msg="Out of bounds metric" lset="{__name__=\"tikv_coprocessor_scan_keys_bucket\", cluster=\"basic\", component=\"tikv\", instance=\"basic-tikv-0\", job=\"default-basic-tikv\", kind=\"processed_keys\", kubernetes_namespace=\"default\", le=\"16\", prometheus_replica=\"default_basic-monitor-0\", req=\"analyze_index\", tidb_cluster=\"default-basic\"}" sample="unsupported value type"
level=debug ts=2022-03-13T15:41:46.27782Z caller=writer.go:94 component=receive component=receive-writer msg="Out of bounds metric" lset="{__name__=\"tikv_coprocessor_scan_keys_bucket\", cluster=\"basic\", component=\"tikv\", instance=\"basic-tikv-0\", job=\"default-basic-tikv\", kind=\"processed_keys\", kubernetes_namespace=\"default\", le=\"4096\", prometheus_replica=\"default_basic-monitor-0\", req=\"index\", tidb_cluster=\"default-basic\"}" sample="unsupported value type"
level=debug ts=2022-03-13T15:41:46.2778678Z caller=writer.go:94 component=receive component=receive-writer msg="Out of bounds metric" lset="{__name__=\"tikv_coprocessor_scan_keys_bucket\", cluster=\"basic\", component=\"tikv\", instance=\"basic-tikv-0\", job=\"default-basic-tikv\", kind=\"total\", kubernetes_namespace=\"default\", le=\"+Inf\", prometheus_replica=\"default_basic-monitor-0\", req=\"analyze_index\", tidb_cluster=\"default-basic\"}" sample="unsupported value type"
level=debug ts=2022-03-13T15:41:46.277988Z caller=writer.go:94 component=receive component=receive-writer msg="Out of bounds metric" lset="{__name__=\"tikv_coprocessor_scan_keys_bucket\", cluster=\"basic\", component=\"tikv\", instance=\"basic-tikv-0\", job=\"default-basic-tikv\", kind=\"total\", kubernetes_namespace=\"default\", le=\"32\", prometheus_replica=\"default_basic-monitor-0\", req=\"select\", tidb_cluster=\"default-basic\"}" sample="unsupported value type"
level=debug ts=2022-03-13T15:41:46.2780294Z caller=writer.go:94 component=receive component=receive-writer msg="Out of bounds metric" lset="{__name__=\"tikv_engine_bloom_efficiency\", cluster=\"basic\", component=\"tikv\", db=\"kv\", instance=\"basic-tikv-0\", job=\"default-basic-tikv\", kubernetes_namespace=\"default\", prometheus_replica=\"default_basic-monitor-0\", tidb_cluster=\"default-basic\", type=\"gc_input_files_count\"}" sample="unsupported value type"
level=debug ts=2022-03-13T15:41:46.2780808Z caller=writer.go:94 component=receive component=receive-writer msg="Out of bounds metric" lset="{__name__=\"tikv_engine_bloom_efficiency\", cluster=\"basic\", component=\"tikv\", db=\"raft\", instance=\"basic-tikv-0\", job=\"default-basic-tikv\", kubernetes_namespace=\"default\", prometheus_replica=\"default_basic-monitor-0\", tidb_cluster=\"default-basic\", type=\"number_db_prev_found\"}" sample="unsupported value type"
level=debug ts=2022-03-13T15:41:46.2781378Z caller=writer.go:94 component=receive component=receive-writer msg="Out of bounds metric" lset="{__name__=\"tikv_engine_cache_efficiency\", cluster=\"basic\", component=\"tikv\", db=\"kv\", instance=\"basic-tikv-0\", job=\"default-basic-tikv\", kubernetes_namespace=\"default\", prometheus_replica=\"default_basic-monitor-0\", tidb_cluster=\"default-basic\", type=\"gc_input_files_count\"}" sample="unsupported value type"
level=debug ts=2022-03-13T15:41:46.2781924Z caller=writer.go:94 component=receive component=receive-writer msg="Out of bounds metric" lset="{__name__=\"tikv_engine_cache_efficiency\", cluster=\"basic\", component=\"tikv\", db=\"raft\", instance=\"basic-tikv-0\", job=\"default-basic-tikv\", kubernetes_namespace=\"default\", prometheus_replica=\"default_basic-monitor-0\", tidb_cluster=\"default-basic\", type=\"number_db_prev_found\"}" sample="unsupported value type"
level=debug ts=2022-03-13T15:41:46.2782974Z caller=writer.go:94 component=receive component=receive-writer msg="Out of bounds metric" lset="{__name__=\"tikv_engine_compaction_flow_bytes\", cluster=\"basic\", component=\"tikv\", db=\"raft\", instance=\"basic-tikv-0\", job=\"default-basic-tikv\", kubernetes_namespace=\"default\", prometheus_replica=\"default_basic-monitor-0\", tidb_cluster=\"default-basic\", type=\"block_cache_data_bytes_insert\"}" sample="unsupported value type"
level=debug ts=2022-03-13T15:41:46.2784533Z caller=writer.go:94 component=receive component=receive-writer msg="Out of bounds metric" lset="{__name__=\"tikv_engine_compaction_key_drop\", cluster=\"basic\", component=\"tikv\", db=\"kv\", instance=\"basic-tikv-0\", job=\"default-basic-tikv\", kubernetes_namespace=\"default\", prometheus_replica=\"default_basic-monitor-0\", tidb_cluster=\"default-basic\", type=\"compaction_key_drop_range_del\"}" sample="unsupported value type"
level=debug ts=2022-03-13T15:41:46.2785331Z caller=writer.go:94 component=receive component=receive-writer msg="Out of bounds metric" lset="{__name__=\"tikv_engine_compaction_key_drop\", cluster=\"basic\", component=\"tikv\", db=\"raft\", instance=\"basic-tikv-0\", job=\"default-basic-tikv\", kubernetes_namespace=\"default\", prometheus_replica=\"default_basic-monitor-0\", tidb_cluster=\"default-basic\", type=\"number_blob_seek\"}" sample="unsupported value type"
level=debug ts=2022-03-13T15:41:46.2786731Z caller=writer.go:94 component=receive component=receive-writer msg="Out of bounds metric" lset="{__name__=\"tikv_engine_file_status\", cluster=\"basic\", component=\"tikv\", db=\"kv\", instance=\"basic-tikv-0\", job=\"default-basic-tikv\", kubernetes_namespace=\"default\", prometheus_replica=\"default_basic-monitor-0\", tidb_cluster=\"default-basic\", type=\"bytes_read\"}" sample="unsupported value type"
level=debug ts=2022-03-13T15:41:46.2788581Z caller=writer.go:94 component=receive component=receive-writer msg="Out of bounds metric" lset="{__name__=\"tikv_engine_file_status\", cluster=\"basic\", component=\"tikv\", db=\"raft\", instance=\"basic-tikv-0\", job=\"default-basic-tikv\", kubernetes_namespace=\"default\", prometheus_replica=\"default_basic-monitor-0\", tidb_cluster=\"default-basic\", type=\"no_file_opens\"}" sample="unsupported value type"
level=debug ts=2022-03-13T15:41:46.2789074Z caller=writer.go:94 component=receive component=receive-writer msg="Out of bounds metric" lset="{__name__=\"tikv_engine_flow_bytes\", cluster=\"basic\", component=\"tikv\", db=\"kv\", instance=\"basic-tikv-0\", job=\"default-basic-tikv\", kubernetes_namespace=\"default\", prometheus_replica=\"default_basic-monitor-0\", tidb_cluster=\"default-basic\", type=\"write_timeout\"}" sample="unsupported value type"
level=debug ts=2022-03-13T15:41:46.27896Z caller=writer.go:94 component=receive component=receive-writer msg="Out of bounds metric" lset="{__name__=\"tikv_engine_get_served\", cluster=\"basic\", component=\"tikv\", db=\"kv\", instance=\"basic-tikv-0\", job=\"default-basic-tikv\", kubernetes_namespace=\"default\", prometheus_replica=\"default_basic-monitor-0\", tidb_cluster=\"default-basic\", type=\"block_cache_filter_add\"}" sample="unsupported value type"
level=debug ts=2022-03-13T15:41:46.2795844Z caller=writer.go:94 component=receive component=receive-writer msg="Out of bounds metric" lset="{__name__=\"tikv_engine_get_served\", cluster=\"basic\", component=\"tikv\", db=\"raft\", instance=\"basic-tikv-0\", job=\"default-basic-tikv\", kubernetes_namespace=\"default\", prometheus_replica=\"default_basic-monitor-0\", tidb_cluster=\"default-basic\", type=\"flush_write_bytes\"}" sample="unsupported value type"
level=debug ts=2022-03-13T15:41:46.2797162Z caller=writer.go:94 component=receive component=receive-writer msg="Out of bounds metric" lset="{__name__=\"tikv_engine_locate\", cluster=\"basic\", component=\"tikv\", db=\"kv\", instance=\"basic-tikv-0\", job=\"default-basic-tikv\", kubernetes_namespace=\"default\", prometheus_replica=\"default_basic-monitor-0\", tidb_cluster=\"default-basic\", type=\"memtable_hit\"}" sample="unsupported value type"
level=debug ts=2022-03-13T15:41:46.279829Z caller=writer.go:94 component=receive component=receive-writer msg="Out of bounds metric" lset="{__name__=\"tikv_engine_locate\", cluster=\"basic\", component=\"tikv\", db=\"raft\", instance=\"basic-tikv-0\", job=\"default-basic-tikv\", kubernetes_namespace=\"default\", prometheus_replica=\"default_basic-monitor-0\", tidb_cluster=\"default-basic\", type=\"trigger_next\"}" sample="unsupported value type"
level=debug ts=2022-03-13T15:41:46.279866Z caller=writer.go:94 component=receive component=receive-writer msg="Out of bounds metric" lset="{__name__=\"tikv_engine_memtable_efficiency\", cluster=\"basic\", component=\"tikv\", db=\"kv\", instance=\"basic-tikv-0\", job=\"default-basic-tikv\", kubernetes_namespace=\"default\", prometheus_replica=\"default_basic-monitor-0\", tidb_cluster=\"default-basic\", type=\"write_done_by_other\"}" sample="unsupported value type"
level=debug ts=2022-03-13T15:41:46.2799152Z caller=writer.go:94 component=receive component=receive-writer msg="Out of bounds metric" lset="{__name__=\"tikv_engine_num_files_at_level\", cf=\"lock\", cluster=\"basic\", component=\"tikv\", db=\"kv\", instance=\"basic-tikv-0\", job=\"default-basic-tikv\", kubernetes_namespace=\"default\", level=\"6\", prometheus_replica=\"default_basic-monitor-0\", tidb_cluster=\"default-basic\"}" sample="unsupported value type"
level=debug ts=2022-03-13T15:41:46.2799595Z caller=writer.go:94 component=receive component=receive-writer msg="Out of bounds metric" lset="{__name__=\"tikv_engine_read_amp_flow_bytes\", cluster=\"basic\", component=\"tikv\", db=\"kv\", instance=\"basic-tikv-0\", job=\"default-basic-tikv\", kubernetes_namespace=\"default\", prometheus_replica=\"default_basic-monitor-0\", tidb_cluster=\"default-basic\", type=\"memtable_miss\"}" sample="unsupported value type"
level=debug ts=2022-03-13T15:41:46.2800255Z caller=writer.go:94 component=receive component=receive-writer msg="Out of bounds metric" lset="{__name__=\"tikv_engine_read_amp_flow_bytes\", cluster=\"basic\", component=\"tikv\", db=\"raft\", instance=\"basic-tikv-0\", job=\"default-basic-tikv\", kubernetes_namespace=\"default\", prometheus_replica=\"default_basic-monitor-0\", tidb_cluster=\"default-basic\", type=\"wal_file_bytes\"}" sample="unsupported value type"
level=debug ts=2022-03-13T15:41:46.2800718Z caller=writer.go:94 component=receive component=receive-writer msg="Out of bounds metric" lset="{__name__=\"tikv_engine_wal_file_sync_micro_seconds\", cluster=\"basic\", component=\"tikv\", db=\"kv\", instance=\"basic-tikv-0\", job=\"default-basic-tikv\", kubernetes_namespace=\"default\", prometheus_replica=\"default_basic-monitor-0\", tidb_cluster=\"default-basic\", type=\"wal_file_sync_percentile99\"}" sample="unsupported value type"
level=debug ts=2022-03-13T15:41:46.2801081Z caller=writer.go:94 component=receive component=receive-writer msg="Out of bounds metric" lset="{__name__=\"tikv_engine_write_served\", cluster=\"basic\", component=\"tikv\", db=\"raft\", instance=\"basic-tikv-0\", job=\"default-basic-tikv\", kubernetes_namespace=\"default\", prometheus_replica=\"default_basic-monitor-0\", tidb_cluster=\"default-basic\", type=\"block_cache_add\"}" sample="unsupported value type"
level=debug ts=2022-03-13T15:41:46.2801447Z caller=writer.go:94 component=receive component=receive-writer msg="Out of bounds metric" lset="{__name__=\"tikv_engine_write_wal_time_micro_seconds\", cluster=\"basic\", component=\"tikv\", db=\"kv\", instance=\"basic-tikv-0\", job=\"default-basic-tikv\", kubernetes_namespace=\"default\", prometheus_replica=\"default_basic-monitor-0\", tidb_cluster=\"default-basic\", type=\"write_wal_micros_median\"}" sample="unsupported value type"
level=debug ts=2022-03-13T15:41:46.2801804Z caller=writer.go:94 component=receive component=receive-writer msg="Out of bounds metric" lset="{__name__=\"tikv_grpc_msg_duration_seconds_bucket\", cluster=\"basic\", component=\"tikv\", instance=\"basic-tikv-0\", job=\"default-basic-tikv\", kubernetes_namespace=\"default\", le=\"0.0005\", prometheus_replica=\"default_basic-monitor-0\", tidb_cluster=\"default-basic\", type=\"check_leader\"}" sample="unsupported value type"
level=debug ts=2022-03-13T15:41:46.2802188Z caller=writer.go:94 component=receive component=receive-writer msg="Out of bounds metric" lset="{__name__=\"tikv_grpc_msg_duration_seconds_bucket\", cluster=\"basic\", component=\"tikv\", instance=\"basic-tikv-0\", job=\"default-basic-tikv\", kubernetes_namespace=\"default\", le=\"0.128\", prometheus_replica=\"default_basic-monitor-0\", tidb_cluster=\"default-basic\", type=\"invalid\"}" sample="unsupported value type"
level=debug ts=2022-03-13T15:41:46.280253Z caller=writer.go:94 component=receive component=receive-writer msg="Out of bounds metric" lset="{__name__=\"tikv_grpc_msg_duration_seconds_bucket\", cluster=\"basic\", component=\"tikv\", instance=\"basic-tikv-0\", job=\"default-basic-tikv\", kubernetes_namespace=\"default\", le=\"32.768\", prometheus_replica=\"default_basic-monitor-0\", tidb_cluster=\"default-basic\", type=\"kv_check_secondary_locks\"}" sample="unsupported value type"
level=debug ts=2022-03-13T15:41:46.2802858Z caller=writer.go:94 component=receive component=receive-writer msg="Out of bounds metric" lset="{__name__=\"tikv_grpc_msg_duration_seconds_bucket\", cluster=\"basic\", component=\"tikv\", instance=\"basic-tikv-0\", job=\"default-basic-tikv\", kubernetes_namespace=\"default\", le=\"0.001\", prometheus_replica=\"default_basic-monitor-0\", tidb_cluster=\"default-basic\", type=\"kv_gc\"}" sample="unsupported value type"
level=debug ts=2022-03-13T15:41:46.2803214Z caller=writer.go:94 component=receive component=receive-writer msg="Out of bounds metric" lset="{__name__=\"tikv_grpc_msg_duration_seconds_bucket\", cluster=\"basic\", component=\"tikv\", instance=\"basic-tikv-0\", job=\"default-basic-tikv\", kubernetes_namespace=\"default\", le=\"0.256\", prometheus_replica=\"default_basic-monitor-0\", tidb_cluster=\"default-basic\", type=\"kv_prewrite\"}" sample="unsupported value type"
level=debug ts=2022-03-13T15:41:46.2803617Z caller=writer.go:94 component=receive component=receive-writer msg="Out of bounds metric" lset="{__name__=\"tikv_grpc_msg_duration_seconds_bucket\", cluster=\"basic\", component=\"tikv\", instance=\"basic-tikv-0\", job=\"default-basic-tikv\", kubernetes_namespace=\"default\", le=\"65.536\", prometheus_replica=\"default_basic-monitor-0\", tidb_cluster=\"default-basic\", type=\"kv_txn_heart_beat\"}" sample="unsupported value type"
level=debug ts=2022-03-13T15:41:46.2804121Z caller=writer.go:94 component=receive component=receive-writer msg="Out of bounds metric" lset="{__name__=\"tikv_grpc_msg_duration_seconds_bucket\", cluster=\"basic\", component=\"tikv\", instance=\"basic-tikv-0\", job=\"default-basic-tikv\", kubernetes_namespace=\"default\", le=\"0.002\", prometheus_replica=\"default_basic-monitor-0\", tidb_cluster=\"default-basic\", type=\"raw_batch_get\"}" sample="unsupported value type"
level=debug ts=2022-03-13T15:41:46.2804543Z caller=writer.go:94 component=receive component=receive-writer msg="Out of bounds metric" lset="{__name__=\"tikv_grpc_msg_duration_seconds_bucket\", cluster=\"basic\", component=\"tikv\", instance=\"basic-tikv-0\", job=\"default-basic-tikv\", kubernetes_namespace=\"default\", le=\"0.512\", prometheus_replica=\"default_basic-monitor-0\", tidb_cluster=\"default-basic\", type=\"raw_checksum\"}" sample="unsupported value type"
level=debug ts=2022-03-13T15:41:46.2804914Z caller=writer.go:94 component=receive component=receive-writer msg="Out of bounds metric" lset="{__name__=\"tikv_grpc_msg_duration_seconds_bucket\", cluster=\"basic\", component=\"tikv\", instance=\"basic-tikv-0\", job=\"default-basic-tikv\", kubernetes_namespace=\"default\", le=\"131.072\", prometheus_replica=\"default_basic-monitor-0\", tidb_cluster=\"default-basic\", type=\"raw_delete_range\"}" sample="unsupported value type"
level=debug ts=2022-03-13T15:41:46.2805254Z caller=writer.go:94 component=receive component=receive-writer msg="Out of bounds metric" lset="{__name__=\"tikv_grpc_msg_duration_seconds_bucket\", cluster=\"basic\", component=\"tikv\", instance=\"basic-tikv-0\", job=\"default-basic-tikv\", kubernetes_namespace=\"default\", le=\"0.004\", prometheus_replica=\"default_basic-monitor-0\", tidb_cluster=\"default-basic\", type=\"read_index\"}" sample="unsupported value type"
level=debug ts=2022-03-13T15:41:46.2805601Z caller=writer.go:94 component=receive component=receive-writer msg="Out of bounds metric" lset="{__name__=\"tikv_grpc_msg_duration_seconds_bucket\", cluster=\"basic\", component=\"tikv\", instance=\"basic-tikv-0\", job=\"default-basic-tikv\", kubernetes_namespace=\"default\", le=\"1.024\", prometheus_replica=\"default_basic-monitor-0\", tidb_cluster=\"default-basic\", type=\"unsafe_destroy_range\"}" sample="unsupported value type"
level=debug ts=2022-03-13T15:41:46.2805951Z caller=writer.go:94 component=receive component=receive-writer msg="Out of bounds metric" lset="{__name__=\"tikv_pd_request_duration_seconds_bucket\", cluster=\"basic\", component=\"tikv\", instance=\"basic-tikv-0\", job=\"default-basic-tikv\", kubernetes_namespace=\"default\", le=\"0.01\", prometheus_replica=\"default_basic-monitor-0\", tidb_cluster=\"default-basic\", type=\"bootstrap_cluster\"}" sample="unsupported value type"
level=debug ts=2022-03-13T15:41:46.2806252Z caller=writer.go:94 component=receive component=receive-writer msg="Out of bounds metric" lset="{__name__=\"tikv_raftstore_append_log_duration_seconds_bucket\", cluster=\"basic\", component=\"tikv\", instance=\"basic-tikv-0\", job=\"default-basic-tikv\", kubernetes_namespace=\"default\", le=\"0.00002\", prometheus_replica=\"default_basic-monitor-0\", tidb_cluster=\"default-basic\"}" sample="unsupported value type"
level=debug ts=2022-03-13T15:41:46.2806564Z caller=writer.go:94 component=receive component=receive-writer msg="Out of bounds metric" lset="{__name__=\"tikv_raftstore_apply_perf_context_time_duration_secs_bucket\", cluster=\"basic\", component=\"tikv\", instance=\"basic-tikv-0\", job=\"default-basic-tikv\", kubernetes_namespace=\"default\", le=\"+Inf\", prometheus_replica=\"default_basic-monitor-0\", tidb_cluster=\"default-basic\", type=\"db_condition_wait_nanos\"}" sample="unsupported value type"
level=debug ts=2022-03-13T15:41:46.2806875Z caller=writer.go:94 component=receive component=receive-writer msg="Out of bounds metric" lset="{__name__=\"tikv_raftstore_apply_perf_context_time_duration_secs_bucket\", cluster=\"basic\", component=\"tikv\", instance=\"basic-tikv-0\", job=\"default-basic-tikv\", kubernetes_namespace=\"default\", le=\"0.016\", prometheus_replica=\"default_basic-monitor-0\", tidb_cluster=\"default-basic\", type=\"write_scheduling_flushes_compactions_time\"}" sample="unsupported value type"
level=debug ts=2022-03-13T15:41:46.2808937Z caller=writer.go:94 component=receive component=receive-writer msg="Out of bounds metric" lset="{__name__=\"tikv_raftstore_apply_wait_time_duration_secs_bucket\", cluster=\"basic\", component=\"tikv\", instance=\"basic-tikv-0\", job=\"default-basic-tikv\", kubernetes_namespace=\"default\", le=\"4.096\", prometheus_replica=\"default_basic-monitor-0\", tidb_cluster=\"default-basic\"}" sample="unsupported value type"
level=debug ts=2022-03-13T15:41:46.2809372Z caller=writer.go:94 component=receive component=receive-writer msg="Out of bounds metric" lset="{__name__=\"tikv_raftstore_event_duration_bucket\", cluster=\"basic\", component=\"tikv\", instance=\"basic-tikv-0\", job=\"default-basic-tikv\", kubernetes_namespace=\"default\", le=\"0.4151094461059873\", prometheus_replica=\"default_basic-monitor-0\", tidb_cluster=\"default-basic\", type=\"compact_lock_cf\"}" sample="unsupported value type"
level=debug ts=2022-03-13T15:41:46.2809733Z caller=writer.go:94 component=receive component=receive-writer msg="Out of bounds metric" lset="{__name__=\"tikv_raftstore_event_duration_sum\", cluster=\"basic\", component=\"tikv\", instance=\"basic-tikv-0\", job=\"default-basic-tikv\", kubernetes_namespace=\"default\", prometheus_replica=\"default_basic-monitor-0\", tidb_cluster=\"default-basic\", type=\"snap_gc\"}" sample="unsupported value type"
level=debug ts=2022-03-13T15:41:46.2810036Z caller=writer.go:94 component=receive component=receive-writer msg="Out of bounds metric" lset="{__name__=\"tikv_raftstore_local_read_reject_total\", cluster=\"basic\", component=\"tikv\", instance=\"basic-tikv-0\", job=\"default-basic-tikv\", kubernetes_namespace=\"default\", prometheus_replica=\"default_basic-monitor-0\", reason=\"no_region\", tidb_cluster=\"default-basic\"}" sample="unsupported value type"
level=debug ts=2022-03-13T15:41:46.2810315Z caller=writer.go:94 component=receive component=receive-writer msg="Out of bounds metric" lset="{__name__=\"tikv_raftstore_raft_log_kv_sync_duration_secs_bucket\", cluster=\"basic\", component=\"tikv\", instance=\"basic-tikv-0\", job=\"default-basic-tikv\", kubernetes_namespace=\"default\", le=\"0.0004\", prometheus_replica=\"default_basic-monitor-0\", tidb_cluster=\"default-basic\"}" sample="unsupported value type"
level=debug ts=2022-03-13T15:41:46.2810603Z caller=writer.go:94 component=receive component=receive-writer msg="Out of bounds metric" lset="{__name__=\"tikv_raftstore_raft_process_duration_secs_bucket\", cluster=\"basic\", component=\"tikv\", instance=\"basic-tikv-0\", job=\"default-basic-tikv\", kubernetes_namespace=\"default\", le=\"0.0005\", prometheus_replica=\"default_basic-monitor-0\", tidb_cluster=\"default-basic\", type=\"ready\"}" sample="unsupported value type"
level=debug ts=2022-03-13T15:41:46.2810912Z caller=writer.go:94 component=receive component=receive-writer msg="Out of bounds metric" lset="{__name__=\"tikv_raftstore_request_wait_time_duration_secs_bucket\", cluster=\"basic\", component=\"tikv\", instance=\"basic-tikv-0\", job=\"default-basic-tikv\", kubernetes_namespace=\"default\", le=\"2.048\", prometheus_replica=\"default_basic-monitor-0\", tidb_cluster=\"default-basic\"}" sample="unsupported value type"
level=debug ts=2022-03-13T15:41:46.2811194Z caller=writer.go:94 component=receive component=receive-writer msg="Out of bounds metric" lset="{__name__=\"tikv_raftstore_store_perf_context_time_duration_secs_bucket\", cluster=\"basic\", component=\"tikv\", instance=\"basic-tikv-0\", job=\"default-basic-tikv\", kubernetes_namespace=\"default\", le=\"1.024\", prometheus_replica=\"default_basic-monitor-0\", tidb_cluster=\"default-basic\", type=\"pre_and_post_process\"}" sample="unsupported value type"
level=debug ts=2022-03-13T15:41:46.2811758Z caller=writer.go:94 component=receive component=receive-writer msg="Out of bounds metric" lset="{__name__=\"tikv_raftstore_store_perf_context_time_duration_secs_bucket\", cluster=\"basic\", component=\"tikv\", instance=\"basic-tikv-0\", job=\"default-basic-tikv\", kubernetes_namespace=\"default\", le=\"262.144\", prometheus_replica=\"default_basic-monitor-0\", tidb_cluster=\"default-basic\", type=\"write_thread_wait\"}" sample="unsupported value type"
level=debug ts=2022-03-13T15:41:46.2812109Z caller=writer.go:94 component=receive component=receive-writer msg="Out of bounds metric" lset="{__name__=\"tikv_raftstore_store_wf_commit_log_duration_seconds_bucket\", cluster=\"basic\", component=\"tikv\", instance=\"basic-tikv-0\", job=\"default-basic-tikv\", kubernetes_namespace=\"default\", le=\"0.32768\", prometheus_replica=\"default_basic-monitor-0\", tidb_cluster=\"default-basic\"}" sample="unsupported value type"
level=debug ts=2022-03-13T15:41:46.2812522Z caller=writer.go:94 component=receive component=receive-writer msg="Out of bounds metric" lset="{__name__=\"tikv_raftstore_store_wf_send_to_queue_duration_seconds_count\", cluster=\"basic\", component=\"tikv\", instance=\"basic-tikv-0\", job=\"default-basic-tikv\", kubernetes_namespace=\"default\", prometheus_replica=\"default_basic-monitor-0\", tidb_cluster=\"default-basic\"}" sample="unsupported value type"
level=debug ts=2022-03-13T15:41:46.2812951Z caller=writer.go:94 component=receive component=receive-writer msg="Out of bounds metric" lset="{__name__=\"tikv_raftstore_store_write_raftdb_duration_seconds_bucket\", cluster=\"basic\", component=\"tikv\", instance=\"basic-tikv-0\", job=\"default-basic-tikv\", kubernetes_namespace=\"default\", le=\"0.04096\", prometheus_replica=\"default_basic-monitor-0\", tidb_cluster=\"default-basic\"}" sample="unsupported value type"
level=debug ts=2022-03-13T15:41:46.2813667Z caller=writer.go:94 component=receive component=receive-writer msg="Out of bounds metric" lset="{__name__=\"tikv_region_read_bytes_bucket\", cluster=\"basic\", component=\"tikv\", instance=\"basic-tikv-0\", job=\"default-basic-tikv\", kubernetes_namespace=\"default\", le=\"1048576\", prometheus_replica=\"default_basic-monitor-0\", tidb_cluster=\"default-basic\"}" sample="unsupported value type"
level=debug ts=2022-03-13T15:41:46.2814024Z caller=writer.go:94 component=receive component=receive-writer msg="Out of bounds metric" lset="{__name__=\"tikv_resolved_ts_check_leader_duration_seconds_bucket\", cluster=\"basic\", component=\"tikv\", instance=\"basic-tikv-0\", job=\"default-basic-tikv\", kubernetes_namespace=\"default\", le=\"+Inf\", prometheus_replica=\"default_basic-monitor-0\", tidb_cluster=\"default-basic\"}" sample="unsupported value type"
level=debug ts=2022-03-13T15:41:46.2814394Z caller=writer.go:94 component=receive component=receive-writer msg="Out of bounds metric" lset="{__name__=\"tikv_scheduler_command_duration_seconds_bucket\", cluster=\"basic\", component=\"tikv\", instance=\"basic-tikv-0\", job=\"default-basic-tikv\", kubernetes_namespace=\"default\", le=\"0.0005\", prometheus_replica=\"default_basic-monitor-0\", tidb_cluster=\"default-basic\", type=\"batch_get_command\"}" sample="unsupported value type"
level=debug ts=2022-03-13T15:41:46.2814744Z caller=writer.go:94 component=receive component=receive-writer msg="Out of bounds metric" lset="{__name__=\"tikv_scheduler_command_duration_seconds_bucket\", cluster=\"basic\", component=\"tikv\", instance=\"basic-tikv-0\", job=\"default-basic-tikv\", kubernetes_namespace=\"default\", le=\"0.128\", prometheus_replica=\"default_basic-monitor-0\", tidb_cluster=\"default-basic\", type=\"commit\"}" sample="unsupported value type"
level=debug ts=2022-03-13T15:41:46.2815037Z caller=writer.go:94 component=receive component=receive-writer msg="Out of bounds metric" lset="{__name__=\"tikv_scheduler_command_duration_seconds_bucket\", cluster=\"basic\", component=\"tikv\", instance=\"basic-tikv-0\", job=\"default-basic-tikv\", kubernetes_namespace=\"default\", le=\"32.768\", prometheus_replica=\"default_basic-monitor-0\", tidb_cluster=\"default-basic\", type=\"pause\"}" sample="unsupported value type"
level=debug ts=2022-03-13T15:41:46.2815408Z caller=writer.go:94 component=receive component=receive-writer msg="Out of bounds metric" lset="{__name__=\"tikv_scheduler_command_duration_seconds_bucket\", cluster=\"basic\", component=\"tikv\", instance=\"basic-tikv-0\", job=\"default-basic-tikv\", kubernetes_namespace=\"default\", le=\"0.001\", prometheus_replica=\"default_basic-monitor-0\", tidb_cluster=\"default-basic\", type=\"raw_batch_get\"}" sample="unsupported value type"
level=debug ts=2022-03-13T15:41:46.2815805Z caller=writer.go:94 component=receive component=receive-writer msg="Out of bounds metric" lset="{__name__=\"tikv_scheduler_command_duration_seconds_bucket\", cluster=\"basic\", component=\"tikv\", instance=\"basic-tikv-0\", job=\"default-basic-tikv\", kubernetes_namespace=\"default\", le=\"0.256\", prometheus_replica=\"default_basic-monitor-0\", tidb_cluster=\"default-basic\", type=\"raw_checksum\"}" sample="unsupported value type"
level=debug ts=2022-03-13T15:41:46.2816253Z caller=writer.go:94 component=receive component=receive-writer msg="Out of bounds metric" lset="{__name__=\"tikv_scheduler_command_duration_seconds_bucket\", cluster=\"basic\", component=\"tikv\", instance=\"basic-tikv-0\", job=\"default-basic-tikv\", kubernetes_namespace=\"default\", le=\"65.536\", prometheus_replica=\"default_basic-monitor-0\", tidb_cluster=\"default-basic\", type=\"raw_get\"}" sample="unsupported value type"
level=debug ts=2022-03-13T15:41:46.2816563Z caller=writer.go:94 component=receive component=receive-writer msg="Out of bounds metric" lset="{__name__=\"tikv_scheduler_command_duration_seconds_bucket\", cluster=\"basic\", component=\"tikv\", instance=\"basic-tikv-0\", job=\"default-basic-tikv\", kubernetes_namespace=\"default\", le=\"0.002\", prometheus_replica=\"default_basic-monitor-0\", tidb_cluster=\"default-basic\", type=\"resolve_lock_lite\"}" sample="unsupported value type"
level=debug ts=2022-03-13T15:41:46.2816854Z caller=writer.go:94 component=receive component=receive-writer msg="Out of bounds metric" lset="{__name__=\"tikv_scheduler_command_duration_seconds_bucket\", cluster=\"basic\", component=\"tikv\", instance=\"basic-tikv-0\", job=\"default-basic-tikv\", kubernetes_namespace=\"default\", le=\"0.512\", prometheus_replica=\"default_basic-monitor-0\", tidb_cluster=\"default-basic\", type=\"start_ts_mvcc\"}" sample="unsupported value type"
level=debug ts=2022-03-13T15:41:46.2817136Z caller=writer.go:94 component=receive component=receive-writer msg="Out of bounds metric" lset="{__name__=\"tikv_scheduler_kv_command_key_read_bucket\", cluster=\"basic\", component=\"tikv\", instance=\"basic-tikv-0\", job=\"default-basic-tikv\", kubernetes_namespace=\"default\", le=\"4096\", prometheus_replica=\"default_basic-monitor-0\", tidb_cluster=\"default-basic\", type=\"batch_get_command\"}" sample="unsupported value type"
level=debug ts=2022-03-13T15:41:46.2818021Z caller=writer.go:94 component=receive component=receive-writer msg="Out of bounds metric" lset="{__name__=\"tikv_scheduler_kv_command_key_read_bucket\", cluster=\"basic\", component=\"tikv\", instance=\"basic-tikv-0\", job=\"default-basic-tikv\", kubernetes_namespace=\"default\", le=\"65536\", prometheus_replica=\"default_basic-monitor-0\", tidb_cluster=\"default-basic\", type=\"commit\"}" sample="unsupported value type"
level=debug ts=2022-03-13T15:41:46.2818366Z caller=writer.go:94 component=receive component=receive-writer msg="Out of bounds metric" lset="{__name__=\"tikv_scheduler_kv_command_key_read_bucket\", cluster=\"basic\", component=\"tikv\", instance=\"basic-tikv-0\", job=\"default-basic-tikv\", kubernetes_namespace=\"default\", le=\"1048576\", prometheus_replica=\"default_basic-monitor-0\", tidb_cluster=\"default-basic\", type=\"pause\"}" sample="unsupported value type"
level=debug ts=2022-03-13T15:41:46.2818729Z caller=writer.go:94 component=receive component=receive-writer msg="Out of bounds metric" lset="{__name__=\"tikv_scheduler_kv_command_key_read_bucket\", cluster=\"basic\", component=\"tikv\", instance=\"basic-tikv-0\", job=\"default-basic-tikv\", kubernetes_namespace=\"default\", le=\"1\", prometheus_replica=\"default_basic-monitor-0\", tidb_cluster=\"default-basic\", type=\"raw_batch_get\"}" sample="unsupported value type"
level=debug ts=2022-03-13T15:41:46.2819107Z caller=writer.go:94 component=receive component=receive-writer msg="Out of bounds metric" lset="{__name__=\"tikv_scheduler_kv_command_key_read_bucket\", cluster=\"basic\", component=\"tikv\", instance=\"basic-tikv-0\", job=\"default-basic-tikv\", kubernetes_namespace=\"default\", le=\"16\", prometheus_replica=\"default_basic-monitor-0\", tidb_cluster=\"default-basic\", type=\"raw_checksum\"}" sample="unsupported value type"
level=debug ts=2022-03-13T15:41:46.2819635Z caller=writer.go:94 component=receive component=receive-writer msg="Out of bounds metric" lset="{__name__=\"tikv_scheduler_kv_command_key_read_bucket\", cluster=\"basic\", component=\"tikv\", instance=\"basic-tikv-0\", job=\"default-basic-tikv\", kubernetes_namespace=\"default\", le=\"256\", prometheus_replica=\"default_basic-monitor-0\", tidb_cluster=\"default-basic\", type=\"raw_get\"}" sample="unsupported value type"
level=debug ts=2022-03-13T15:41:46.28201Z caller=writer.go:94 component=receive component=receive-writer msg="Out of bounds metric" lset="{__name__=\"tikv_scheduler_kv_command_key_read_bucket\", cluster=\"basic\", component=\"tikv\", instance=\"basic-tikv-0\", job=\"default-basic-tikv\", kubernetes_namespace=\"default\", le=\"4096\", prometheus_replica=\"default_basic-monitor-0\", tidb_cluster=\"default-basic\", type=\"resolve_lock\"}" sample="unsupported value type"
level=debug ts=2022-03-13T15:41:46.2820446Z caller=writer.go:94 component=receive component=receive-writer msg="Out of bounds metric" lset="{__name__=\"tikv_scheduler_kv_command_key_read_bucket\", cluster=\"basic\", component=\"tikv\", instance=\"basic-tikv-0\", job=\"default-basic-tikv\", kubernetes_namespace=\"default\", le=\"65536\", prometheus_replica=\"default_basic-monitor-0\", tidb_cluster=\"default-basic\", type=\"scan_lock\"}" sample="unsupported value type"
level=debug ts=2022-03-13T15:41:46.2820759Z caller=writer.go:94 component=receive component=receive-writer msg="Out of bounds metric" lset="{__name__=\"tikv_scheduler_kv_command_key_write_bucket\", cluster=\"basic\", component=\"tikv\", instance=\"basic-tikv-0\", job=\"default-basic-tikv\", kubernetes_namespace=\"default\", le=\"1048576\", prometheus_replica=\"default_basic-monitor-0\", tidb_cluster=\"default-basic\", type=\"batch_get\"}" sample="unsupported value type"
level=debug ts=2022-03-13T15:41:46.2821218Z caller=writer.go:94 component=receive component=receive-writer msg="Out of bounds metric" lset="{__name__=\"tikv_scheduler_kv_command_key_write_bucket\", cluster=\"basic\", component=\"tikv\", instance=\"basic-tikv-0\", job=\"default-basic-tikv\", kubernetes_namespace=\"default\", le=\"1\", prometheus_replica=\"default_basic-monitor-0\", tidb_cluster=\"default-basic\", type=\"commit\"}" sample="unsupported value type"
level=debug ts=2022-03-13T15:41:46.2821683Z caller=writer.go:94 component=receive component=receive-writer msg="Out of bounds metric" lset="{__name__=\"tikv_scheduler_kv_command_key_write_bucket\", cluster=\"basic\", component=\"tikv\", instance=\"basic-tikv-0\", job=\"default-basic-tikv\", kubernetes_namespace=\"default\", le=\"16\", prometheus_replica=\"default_basic-monitor-0\", tidb_cluster=\"default-basic\", type=\"pause\"}" sample="unsupported value type"
level=debug ts=2022-03-13T15:41:46.2822138Z caller=writer.go:94 component=receive component=receive-writer msg="Out of bounds metric" lset="{__name__=\"tikv_scheduler_kv_command_key_write_bucket\", cluster=\"basic\", component=\"tikv\", instance=\"basic-tikv-0\", job=\"default-basic-tikv\", kubernetes_namespace=\"default\", le=\"256\", prometheus_replica=\"default_basic-monitor-0\", tidb_cluster=\"default-basic\", type=\"raw_batch_delete\"}" sample="unsupported value type"
level=debug ts=2022-03-13T15:41:46.2822477Z caller=writer.go:94 component=receive component=receive-writer msg="Out of bounds metric" lset="{__name__=\"tikv_scheduler_kv_command_key_write_bucket\", cluster=\"basic\", component=\"tikv\", instance=\"basic-tikv-0\", job=\"default-basic-tikv\", kubernetes_namespace=\"default\", le=\"4096\", prometheus_replica=\"default_basic-monitor-0\", tidb_cluster=\"default-basic\", type=\"raw_batch_scan\"}" sample="unsupported value type"
level=debug ts=2022-03-13T15:41:46.2822758Z caller=writer.go:94 component=receive component=receive-writer msg="Out of bounds metric" lset="{__name__=\"tikv_scheduler_kv_command_key_write_bucket\", cluster=\"basic\", component=\"tikv\", instance=\"basic-tikv-0\", job=\"default-basic-tikv\", kubernetes_namespace=\"default\", le=\"65536\", prometheus_replica=\"default_basic-monitor-0\", tidb_cluster=\"default-basic\", type=\"raw_delete_range\"}" sample="unsupported value type"
level=debug ts=2022-03-13T15:41:46.2823096Z caller=writer.go:94 component=receive component=receive-writer msg="Out of bounds metric" lset="{__name__=\"tikv_scheduler_kv_command_key_write_bucket\", cluster=\"basic\", component=\"tikv\", instance=\"basic-tikv-0\", job=\"default-basic-tikv\", kubernetes_namespace=\"default\", le=\"1048576\", prometheus_replica=\"default_basic-monitor-0\", tidb_cluster=\"default-basic\", type=\"raw_scan\"}" sample="unsupported value type"
level=debug ts=2022-03-13T15:41:46.282339Z caller=writer.go:94 component=receive component=receive-writer msg="Out of bounds metric" lset="{__name__=\"tikv_scheduler_kv_command_key_write_bucket\", cluster=\"basic\", component=\"tikv\", instance=\"basic-tikv-0\", job=\"default-basic-tikv\", kubernetes_namespace=\"default\", le=\"1\", prometheus_replica=\"default_basic-monitor-0\", tidb_cluster=\"default-basic\", type=\"scan_lock\"}" sample="unsupported value type"
level=debug ts=2022-03-13T15:41:46.2823675Z caller=writer.go:94 component=receive component=receive-writer msg="Out of bounds metric" lset="{__name__=\"tikv_scheduler_kv_scan_details\", cf=\"default\", cluster=\"basic\", component=\"tikv\", instance=\"basic-tikv-0\", job=\"default-basic-tikv\", kubernetes_namespace=\"default\", prometheus_replica=\"default_basic-monitor-0\", req=\"batch_get_command\", tag=\"prev\", tidb_cluster=\"default-basic\"}" sample="unsupported value type"
level=debug ts=2022-03-13T15:41:46.2824018Z caller=writer.go:94 component=receive component=receive-writer msg="Out of bounds metric" lset="{__name__=\"tikv_scheduler_kv_scan_details\", cf=\"default\", cluster=\"basic\", component=\"tikv\", instance=\"basic-tikv-0\", job=\"default-basic-tikv\", kubernetes_namespace=\"default\", prometheus_replica=\"default_basic-monitor-0\", req=\"pause\", tag=\"seek_for_prev\", tidb_cluster=\"default-basic\"}" sample="unsupported value type"
level=warn ts=2022-03-13T15:41:46.2824364Z caller=writer.go:139 component=receive component=receive-writer msg="Error on ingesting samples that are too old or are too far into the future" numDropped=100
level=debug ts=2022-03-13T15:41:46.282483Z caller=handler.go:491 component=receive component=receive-handler
level=debug ts=2022-03-13T15:41:46.282575Z caller=writer.go:94 component=receive component=receive-writer msg="Out of bounds metric" lset="{__name__=\"tikv_config_raftstore\", cluster=\"basic\", component=\"tikv\", instance=\"basic-tikv-0\", job=\"default-basic-tikv\", kubernetes_namespace=\"default\", name=\"region_compact_tombstones_percent\", prometheus_replica=\"default_basic-monitor-0\", tidb_cluster=\"default-basic\"}" sample="unsupported value type"
level=debug ts=2022-03-13T15:41:46.2826322Z caller=writer.go:94 component=receive component=receive-writer msg="Out of bounds metric" lset="{__name__=\"tikv_config_rocksdb\", cf=\"raft\", cluster=\"basic\", component=\"tikv\", instance=\"basic-tikv-0\", job=\"default-basic-tikv\", kubernetes_namespace=\"default\", name=\"level0_slowdown_writes_trigger\", prometheus_replica=\"default_basic-monitor-0\", tidb_cluster=\"default-basic\"}" sample="unsupported value type"
level=debug ts=2022-03-13T15:41:46.2826703Z caller=writer.go:94 component=receive component=receive-writer msg="Out of bounds metric" lset="{__name__=\"tikv_coprocessor_request_duration_seconds_bucket\", cluster=\"basic\", component=\"tikv\", instance=\"basic-tikv-0\", job=\"default-basic-tikv\", kubernetes_namespace=\"default\", le=\"0.004\", prometheus_replica=\"default_basic-monitor-0\", req=\"analyze_full_sampling\", tidb_cluster=\"default-basic\"}" sample="unsupported value type"
level=debug ts=2022-03-13T15:41:46.2827085Z caller=writer.go:94 component=receive component=receive-writer msg="Out of bounds metric" lset="{__name__=\"tikv_coprocessor_request_duration_seconds_bucket\", cluster=\"basic\", component=\"tikv\", instance=\"basic-tikv-0\", job=\"default-basic-tikv\", kubernetes_namespace=\"default\", le=\"1.024\", prometheus_replica=\"default_basic-monitor-0\", req=\"checksum_table\", tidb_cluster=\"default-basic\"}" sample="unsupported value type"
level=debug ts=2022-03-13T15:41:46.2828035Z caller=writer.go:94 component=receive component=receive-writer msg="Out of bounds metric" lset="{__name__=\"tikv_coprocessor_request_handle_seconds_bucket\", cluster=\"basic\", component=\"tikv\", instance=\"basic-tikv-0\", job=\"default-basic-tikv\", kubernetes_namespace=\"default\", le=\"262.144\", prometheus_replica=\"default_basic-monitor-0\", req=\"analyze_full_sampling\", tidb_cluster=\"default-basic\"}" sample="unsupported value type"
level=debug ts=2022-03-13T15:41:46.2828558Z caller=writer.go:94 component=receive component=receive-writer msg="Out of bounds metric" lset="{__name__=\"tikv_coprocessor_request_handle_seconds_bucket\", cluster=\"basic\", component=\"tikv\", instance=\"basic-tikv-0\", job=\"default-basic-tikv\", kubernetes_namespace=\"default\", le=\"0.008\", prometheus_replica=\"default_basic-monitor-0\", req=\"index\", tidb_cluster=\"default-basic\"}" sample="unsupported value type"
level=debug ts=2022-03-13T15:41:46.2828853Z caller=writer.go:94 component=receive component=receive-writer msg="Out of bounds metric" lset="{__name__=\"tikv_coprocessor_request_handler_build_seconds_bucket\", cluster=\"basic\", component=\"tikv\", instance=\"basic-tikv-0\", job=\"default-basic-tikv\", kubernetes_namespace=\"default\", le=\"2.048\", prometheus_replica=\"default_basic-monitor-0\", req=\"analyze_index\", tidb_cluster=\"default-basic\"}" sample="unsupported value type"
level=debug ts=2022-03-13T15:41:46.2829135Z caller=writer.go:94 component=receive component=receive-writer msg="Out of bounds metric" lset="{__name__=\"tikv_coprocessor_request_handler_build_seconds_bucket\", cluster=\"basic\", component=\"tikv\", instance=\"basic-tikv-0\", job=\"default-basic-tikv\", kubernetes_namespace=\"default\", le=\"+Inf\", prometheus_replica=\"default_basic-monitor-0\", req=\"index\", tidb_cluster=\"default-basic\"}" sample="unsupported value type"
level=debug ts=2022-03-13T15:41:46.2829502Z caller=writer.go:94 component=receive component=receive-writer msg="Out of bounds metric" lset="{__name__=\"tikv_coprocessor_request_wait_seconds_bucket\", cluster=\"basic\", component=\"tikv\", instance=\"basic-tikv-0\", job=\"default-basic-tikv\", kubernetes_namespace=\"default\", le=\"0.016\", prometheus_replica=\"default_basic-monitor-0\", req=\"analyze_full_sampling\", tidb_cluster=\"default-basic\", type=\"snapshot\"}" sample="unsupported value type"
level=debug ts=2022-03-13T15:41:46.2829767Z caller=writer.go:94 component=receive component=receive-writer msg="Out of bounds metric" lset="{__name__=\"tikv_coprocessor_request_wait_seconds_bucket\", cluster=\"basic\", component=\"tikv\", instance=\"basic-tikv-0\", job=\"default-basic-tikv\", kubernetes_namespace=\"default\", le=\"4.096\", prometheus_replica=\"default_basic-monitor-0\", req=\"analyze_table\", tidb_cluster=\"default-basic\", type=\"all\"}" sample="unsupported value type"
level=debug ts=2022-03-13T15:41:46.2830067Z caller=writer.go:94 component=receive component=receive-writer msg="Out of bounds metric" lset="{__name__=\"tikv_coprocessor_request_wait_seconds_sum\", cluster=\"basic\", component=\"tikv\", instance=\"basic-tikv-0\", job=\"default-basic-tikv\", kubernetes_namespace=\"default\", prometheus_replica=\"default_basic-monitor-0\", req=\"checksum_index\", tidb_cluster=\"default-basic\", type=\"schedule\"}" sample="unsupported value type"
level=debug ts=2022-03-13T15:41:46.2830351Z caller=writer.go:94 component=receive component=receive-writer msg="Out of bounds metric" lset="{__name__=\"tikv_coprocessor_request_wait_seconds_bucket\", cluster=\"basic\", component=\"tikv\", instance=\"basic-tikv-0\", job=\"default-basic-tikv\", kubernetes_namespace=\"default\", le=\"0.032\", prometheus_replica=\"default_basic-monitor-0\", req=\"index\", tidb_cluster=\"default-basic\", type=\"all\"}" sample="unsupported value type"
level=debug ts=2022-03-13T15:41:46.2830671Z caller=writer.go:94 component=receive component=receive-writer msg="Out of bounds metric" lset="{__name__=\"tikv_coprocessor_request_wait_seconds_bucket\", cluster=\"basic\", component=\"tikv\", instance=\"basic-tikv-0\", job=\"default-basic-tikv\", kubernetes_namespace=\"default\", le=\"8.192\", prometheus_replica=\"default_basic-monitor-0\", req=\"select\", tidb_cluster=\"default-basic\", type=\"schedule\"}" sample="unsupported value type"
level=debug ts=2022-03-13T15:41:46.2831013Z caller=writer.go:94 component=receive component=receive-writer msg="Out of bounds metric" lset="{__name__=\"tikv_coprocessor_request_wait_seconds_count\", cluster=\"basic\", component=\"tikv\", instance=\"basic-tikv-0\", job=\"default-basic-tikv\", kubernetes_namespace=\"default\", prometheus_replica=\"default_basic-monitor-0\", req=\"test\", tidb_cluster=\"default-basic\", type=\"snapshot\"}" sample="unsupported value type"
level=debug ts=2022-03-13T15:41:46.2831513Z caller=writer.go:94 component=receive component=receive-writer msg="Out of bounds metric" lset="{__name__=\"tikv_coprocessor_rocksdb_perf\", cluster=\"basic\", component=\"tikv\", instance=\"basic-tikv-0\", job=\"default-basic-tikv\", kubernetes_namespace=\"default\", metric=\"bloom_sst_miss_count\", prometheus_replica=\"default_basic-monitor-0\", req=\"analyze_table\", tidb_cluster=\"default-basic\"}" sample="unsupported value type"
level=debug ts=2022-03-13T15:41:46.2831859Z caller=writer.go:94 component=receive component=receive-writer msg="Out of bounds metric" lset="{__name__=\"tikv_coprocessor_rocksdb_perf\", cluster=\"basic\", component=\"tikv\", instance=\"basic-tikv-0\", job=\"default-basic-tikv\", kubernetes_namespace=\"default\", metric=\"get_read_bytes\", prometheus_replica=\"default_basic-monitor-0\", req=\"select\", tidb_cluster=\"default-basic\"}" sample="unsupported value type"
level=debug ts=2022-03-13T15:41:46.2832218Z caller=writer.go:94 component=receive component=receive-writer msg="Out of bounds metric" lset="{__name__=\"tikv_coprocessor_rocksdb_perf\", cluster=\"basic\", component=\"tikv\", instance=\"basic-tikv-0\", job=\"default-basic-tikv\", kubernetes_namespace=\"default\", metric=\"prev_on_memtable_count\", prometheus_replica=\"default_basic-monitor-0\", req=\"analyze_table\", tidb_cluster=\"default-basic\"}" sample="unsupported value type"
level=debug ts=2022-03-13T15:41:46.2832495Z caller=writer.go:94 component=receive component=receive-writer msg="Out of bounds metric" lset="{__name__=\"tikv_coprocessor_scan_details\", cf=\"default\", cluster=\"basic\", component=\"tikv\", instance=\"basic-tikv-0\", job=\"default-basic-tikv\", kubernetes_namespace=\"default\", prometheus_replica=\"default_basic-monitor-0\", req=\"analyze_index\", tag=\"next_tombstone\", tidb_cluster=\"default-basic\"}" sample="unsupported value type"
level=debug ts=2022-03-13T15:41:46.2832786Z caller=writer.go:94 component=receive component=receive-writer msg="Out of bounds metric" lset="{__name__=\"tikv_coprocessor_scan_details\", cf=\"lock\", cluster=\"basic\", component=\"tikv\", instance=\"basic-tikv-0\", job=\"default-basic-tikv\", kubernetes_namespace=\"default\", prometheus_replica=\"default_basic-monitor-0\", req=\"analyze_index\", tag=\"processed_keys\", tidb_cluster=\"default-basic\"}" sample="unsupported value type"
level=debug ts=2022-03-13T15:41:46.283308Z caller=writer.go:94 component=receive component=receive-writer msg="Out of bounds metric" lset="{__name__=\"tikv_coprocessor_scan_details\", cf=\"write\", cluster=\"basic\", component=\"tikv\", instance=\"basic-tikv-0\", job=\"default-basic-tikv\", kubernetes_namespace=\"default\", prometheus_replica=\"default_basic-monitor-0\", req=\"analyze_index\", tag=\"seek_tombstone\", tidb_cluster=\"default-basic\"}" sample="unsupported value type"
level=debug ts=2022-03-13T15:41:46.2833314Z caller=writer.go:94 component=receive component=receive-writer msg="Out of bounds metric" lset="{__name__=\"tikv_coprocessor_scan_keys_bucket\", cluster=\"basic\", component=\"tikv\", instance=\"basic-tikv-0\", job=\"default-basic-tikv\", kind=\"processed_keys\", kubernetes_namespace=\"default\", le=\"8\", prometheus_replica=\"default_basic-monitor-0\", req=\"analyze_index\", tidb_cluster=\"default-basic\"}" sample="unsupported value type"
level=debug ts=2022-03-13T15:41:46.2833682Z caller=writer.go:94 component=receive component=receive-writer msg="Out of bounds metric" lset="{__name__=\"tikv_coprocessor_scan_keys_bucket\", cluster=\"basic\", component=\"tikv\", instance=\"basic-tikv-0\", job=\"default-basic-tikv\", kind=\"processed_keys\", kubernetes_namespace=\"default\", le=\"2048\", prometheus_replica=\"default_basic-monitor-0\", req=\"index\", tidb_cluster=\"default-basic\"}" sample="unsupported value type"
level=debug ts=2022-03-13T15:41:46.2833972Z caller=writer.go:94 component=receive component=receive-writer msg="Out of bounds metric" lset="{__name__=\"tikv_coprocessor_scan_keys_bucket\", cluster=\"basic\", component=\"tikv\", instance=\"basic-tikv-0\", job=\"default-basic-tikv\", kind=\"total\", kubernetes_namespace=\"default\", le=\"524288\", prometheus_replica=\"default_basic-monitor-0\", req=\"analyze_index\", tidb_cluster=\"default-basic\"}" sample="unsupported value type"
level=debug ts=2022-03-13T15:41:46.2834307Z caller=writer.go:94 component=receive component=receive-writer msg="Out of bounds metric" lset="{__name__=\"tikv_coprocessor_scan_keys_bucket\", cluster=\"basic\", component=\"tikv\", instance=\"basic-tikv-0\", job=\"default-basic-tikv\", kind=\"total\", kubernetes_namespace=\"default\", le=\"16\", prometheus_replica=\"default_basic-monitor-0\", req=\"select\", tidb_cluster=\"default-basic\"}" sample="unsupported value type"
level=debug ts=2022-03-13T15:41:46.2834609Z caller=writer.go:94 component=receive component=receive-writer msg="Out of bounds metric" lset="{__name__=\"tikv_engine_bloom_efficiency\", cluster=\"basic\", component=\"tikv\", db=\"kv\", instance=\"basic-tikv-0\", job=\"default-basic-tikv\", kubernetes_namespace=\"default\", prometheus_replica=\"default_basic-monitor-0\", tidb_cluster=\"default-basic\", type=\"flush_write_bytes\"}" sample="unsupported value type"
level=debug ts=2022-03-13T15:41:46.2834918Z caller=writer.go:94 component=receive component=receive-writer msg="Out of bounds metric" lset="{__name__=\"tikv_engine_bloom_efficiency\", cluster=\"basic\", component=\"tikv\", db=\"raft\", instance=\"basic-tikv-0\", job=\"default-basic-tikv\", kubernetes_namespace=\"default\", prometheus_replica=\"default_basic-monitor-0\", tidb_cluster=\"default-basic\", type=\"number_db_prev\"}" sample="unsupported value type"
level=debug ts=2022-03-13T15:41:46.2835204Z caller=writer.go:94 component=receive component=receive-writer msg="Out of bounds metric" lset="{__name__=\"tikv_engine_cache_efficiency\", cluster=\"basic\", component=\"tikv\", db=\"kv\", instance=\"basic-tikv-0\", job=\"default-basic-tikv\", kubernetes_namespace=\"default\", prometheus_replica=\"default_basic-monitor-0\", tidb_cluster=\"default-basic\", type=\"flush_write_bytes\"}" sample="unsupported value type"
level=debug ts=2022-03-13T15:41:46.2835492Z caller=writer.go:94 component=receive component=receive-writer msg="Out of bounds metric" lset="{__name__=\"tikv_engine_cache_efficiency\", cluster=\"basic\", component=\"tikv\", db=\"raft\", instance=\"basic-tikv-0\", job=\"default-basic-tikv\", kubernetes_namespace=\"default\", prometheus_replica=\"default_basic-monitor-0\", tidb_cluster=\"default-basic\", type=\"number_db_prev\"}" sample="unsupported value type"
level=debug ts=2022-03-13T15:41:46.283578Z caller=writer.go:94 component=receive component=receive-writer msg="Out of bounds metric" lset="{__name__=\"tikv_engine_compaction_flow_bytes\", cluster=\"basic\", component=\"tikv\", db=\"raft\", instance=\"basic-tikv-0\", job=\"default-basic-tikv\", kubernetes_namespace=\"default\", prometheus_replica=\"default_basic-monitor-0\", tidb_cluster=\"default-basic\", type=\"block_cache_data_add\"}" sample="unsupported value type"
level=debug ts=2022-03-13T15:41:46.283607Z caller=writer.go:94 component=receive component=receive-writer msg="Out of bounds metric" lset="{__name__=\"tikv_engine_compaction_key_drop\", cluster=\"basic\", component=\"tikv\", db=\"kv\", instance=\"basic-tikv-0\", job=\"default-basic-tikv\", kubernetes_namespace=\"default\", prometheus_replica=\"default_basic-monitor-0\", tidb_cluster=\"default-basic\", type=\"compaction_key_drop_obsolete\"}" sample="unsupported value type"
level=debug ts=2022-03-13T15:41:46.2836471Z caller=writer.go:94 component=receive component=receive-writer msg="Out of bounds metric" lset="{__name__=\"tikv_engine_compaction_key_drop\", cluster=\"basic\", component=\"tikv\", db=\"raft\", instance=\"basic-tikv-0\", job=\"default-basic-tikv\", kubernetes_namespace=\"default\", prometheus_replica=\"default_basic-monitor-0\", tidb_cluster=\"default-basic\", type=\"number_blob_prev\"}" sample="unsupported value type"
level=debug ts=2022-03-13T15:41:46.2836858Z caller=writer.go:94 component=receive component=receive-writer msg="Out of bounds metric" lset="{__name__=\"tikv_engine_file_status\", cluster=\"basic\", component=\"tikv\", db=\"kv\", instance=\"basic-tikv-0\", job=\"default-basic-tikv\", kubernetes_namespace=\"default\", prometheus_replica=\"default_basic-monitor-0\", tidb_cluster=\"default-basic\", type=\"bytes_overwritten\"}" sample="unsupported value type"
level=debug ts=2022-03-13T15:41:46.2837812Z caller=writer.go:94 component=receive component=receive-writer msg="Out of bounds metric" lset="{__name__=\"tikv_engine_file_status\", cluster=\"basic\", component=\"tikv\", db=\"raft\", instance=\"basic-tikv-0\", job=\"default-basic-tikv\", kubernetes_namespace=\"default\", prometheus_replica=\"default_basic-monitor-0\", tidb_cluster=\"default-basic\", type=\"no_file_errors\"}" sample="unsupported value type"
level=debug ts=2022-03-13T15:41:46.2838245Z caller=writer.go:94 component=receive component=receive-writer msg="Out of bounds metric" lset="{__name__=\"tikv_engine_flow_bytes\", cluster=\"basic\", component=\"tikv\", db=\"kv\", instance=\"basic-tikv-0\", job=\"default-basic-tikv\", kubernetes_namespace=\"default\", prometheus_replica=\"default_basic-monitor-0\", tidb_cluster=\"default-basic\", type=\"write_done_by_self\"}" sample="unsupported value type"
level=debug ts=2022-03-13T15:41:46.2838571Z caller=writer.go:94 component=receive component=receive-writer msg="Out of bounds metric" lset="{__name__=\"tikv_engine_get_served\", cluster=\"basic\", component=\"tikv\", db=\"kv\", instance=\"basic-tikv-0\", job=\"default-basic-tikv\", kubernetes_namespace=\"default\", prometheus_replica=\"default_basic-monitor-0\", tidb_cluster=\"default-basic\", type=\"block_cache_data_miss\"}" sample="unsupported value type"
level=debug ts=2022-03-13T15:41:46.283887Z caller=writer.go:94 component=receive component=receive-writer msg="Out of bounds metric" lset="{__name__=\"tikv_engine_get_served\", cluster=\"basic\", component=\"tikv\", db=\"raft\", instance=\"basic-tikv-0\", job=\"default-basic-tikv\", kubernetes_namespace=\"default\", prometheus_replica=\"default_basic-monitor-0\", tidb_cluster=\"default-basic\", type=\"failure\"}" sample="unsupported value type"
level=debug ts=2022-03-13T15:41:46.2839158Z caller=writer.go:94 component=receive component=receive-writer msg="Out of bounds metric" lset="{__name__=\"tikv_engine_locate\", cluster=\"basic\", component=\"tikv\", db=\"kv\", instance=\"basic-tikv-0\", job=\"default-basic-tikv\", kubernetes_namespace=\"default\", prometheus_replica=\"default_basic-monitor-0\", tidb_cluster=\"default-basic\", type=\"keys_written\"}" sample="unsupported value type"
level=debug ts=2022-03-13T15:41:46.2839492Z caller=writer.go:94 component=receive component=receive-writer msg="Out of bounds metric" lset="{__name__=\"tikv_engine_locate\", cluster=\"basic\", component=\"tikv\", db=\"raft\", instance=\"basic-tikv-0\", job=\"default-basic-tikv\", kubernetes_namespace=\"default\", prometheus_replica=\"default_basic-monitor-0\", tidb_cluster=\"default-basic\", type=\"success\"}" sample="unsupported value type"
level=debug ts=2022-03-13T15:41:46.2839822Z caller=writer.go:94 component=receive component=receive-writer msg="Out of bounds metric" lset="{__name__=\"tikv_engine_memtable_efficiency\", cluster=\"basic\", component=\"tikv\", db=\"kv\", instance=\"basic-tikv-0\", job=\"default-basic-tikv\", kubernetes_namespace=\"default\", prometheus_replica=\"default_basic-monitor-0\", tidb_cluster=\"default-basic\", type=\"wal_file_bytes\"}" sample="unsupported value type"
level=debug ts=2022-03-13T15:41:46.2840123Z caller=writer.go:94 component=receive component=receive-writer msg="Out of bounds metric" lset="{__name__=\"tikv_engine_num_files_at_level\", cf=\"lock\", cluster=\"basic\", component=\"tikv\", db=\"kv\", instance=\"basic-tikv-0\", job=\"default-basic-tikv\", kubernetes_namespace=\"default\", level=\"5\", prometheus_replica=\"default_basic-monitor-0\", tidb_cluster=\"default-basic\"}" sample="unsupported value type"
level=debug ts=2022-03-13T15:41:46.2840708Z caller=writer.go:94 component=receive component=receive-writer msg="Out of bounds metric" lset="{__name__=\"tikv_engine_read_amp_flow_bytes\", cluster=\"basic\", component=\"tikv\", db=\"kv\", instance=\"basic-tikv-0\", job=\"default-basic-tikv\", kubernetes_namespace=\"default\", prometheus_replica=\"default_basic-monitor-0\", tidb_cluster=\"default-basic\", type=\"memtable_hit\"}" sample="unsupported value type"
level=debug ts=2022-03-13T15:41:46.2841054Z caller=writer.go:94 component=receive component=receive-writer msg="Out of bounds metric" lset="{__name__=\"tikv_engine_read_amp_flow_bytes\", cluster=\"basic\", component=\"tikv\", db=\"raft\", instance=\"basic-tikv-0\", job=\"default-basic-tikv\", kubernetes_namespace=\"default\", prometheus_replica=\"default_basic-monitor-0\", tidb_cluster=\"default-basic\", type=\"trigger_next\"}" sample="unsupported value type"
level=debug ts=2022-03-13T15:41:46.2841346Z caller=writer.go:94 component=receive component=receive-writer msg="Out of bounds metric" lset="{__name__=\"tikv_engine_wal_file_sync_micro_seconds\", cluster=\"basic\", component=\"tikv\", db=\"kv\", instance=\"basic-tikv-0\", job=\"default-basic-tikv\", kubernetes_namespace=\"default\", prometheus_replica=\"default_basic-monitor-0\", tidb_cluster=\"default-basic\", type=\"wal_file_sync_percentile95\"}" sample="unsupported value type"
level=debug ts=2022-03-13T15:41:46.2841716Z caller=writer.go:94 component=receive component=receive-writer msg="Out of bounds metric" lset="{__name__=\"tikv_engine_write_served\", cluster=\"basic\", component=\"tikv\", db=\"raft\", instance=\"basic-tikv-0\", job=\"default-basic-tikv\", kubernetes_namespace=\"default\", prometheus_replica=\"default_basic-monitor-0\", tidb_cluster=\"default-basic\", type=\"blob_cache_miss\"}" sample="unsupported value type"
level=debug ts=2022-03-13T15:41:46.2842012Z caller=writer.go:94 component=receive component=receive-writer msg="Out of bounds metric" lset="{__name__=\"tikv_engine_write_wal_time_micro_seconds\", cluster=\"basic\", component=\"tikv\", db=\"kv\", instance=\"basic-tikv-0\", job=\"default-basic-tikv\", kubernetes_namespace=\"default\", prometheus_replica=\"default_basic-monitor-0\", tidb_cluster=\"default-basic\", type=\"write_wal_micros_max\"}" sample="unsupported value type"
level=debug ts=2022-03-13T15:41:46.2842349Z caller=writer.go:94 component=receive component=receive-writer msg="Out of bounds metric" lset="{__name__=\"tikv_grpc_msg_duration_seconds_count\", cluster=\"basic\", component=\"tikv\", instance=\"basic-tikv-0\", job=\"default-basic-tikv\", kubernetes_namespace=\"default\", prometheus_replica=\"default_basic-monitor-0\", tidb_cluster=\"default-basic\", type=\"batch_commands\"}" sample="unsupported value type"
level=debug ts=2022-03-13T15:41:46.2842585Z caller=writer.go:94 component=receive component=receive-writer msg="Out of bounds metric" lset="{__name__=\"tikv_grpc_msg_duration_seconds_bucket\", cluster=\"basic\", component=\"tikv\", instance=\"basic-tikv-0\", job=\"default-basic-tikv\", kubernetes_namespace=\"default\", le=\"0.064\", prometheus_replica=\"default_basic-monitor-0\", tidb_cluster=\"default-basic\", type=\"invalid\"}" sample="unsupported value type"
level=debug ts=2022-03-13T15:41:46.2842873Z caller=writer.go:94 component=receive component=receive-writer msg="Out of bounds metric" lset="{__name__=\"tikv_grpc_msg_duration_seconds_bucket\", cluster=\"basic\", component=\"tikv\", instance=\"basic-tikv-0\", job=\"default-basic-tikv\", kubernetes_namespace=\"default\", le=\"16.384\", prometheus_replica=\"default_basic-monitor-0\", tidb_cluster=\"default-basic\", type=\"kv_check_secondary_locks\"}" sample="unsupported value type"
level=debug ts=2022-03-13T15:41:46.2843319Z caller=writer.go:94 component=receive component=receive-writer msg="Out of bounds metric" lset="{__name__=\"tikv_grpc_msg_duration_seconds_bucket\", cluster=\"basic\", component=\"tikv\", instance=\"basic-tikv-0\", job=\"default-basic-tikv\", kubernetes_namespace=\"default\", le=\"0.0005\", prometheus_replica=\"default_basic-monitor-0\", tidb_cluster=\"default-basic\", type=\"kv_gc\"}" sample="unsupported value type"
level=debug ts=2022-03-13T15:41:46.284359Z caller=writer.go:94 component=receive component=receive-writer msg="Out of bounds metric" lset="{__name__=\"tikv_grpc_msg_duration_seconds_bucket\", cluster=\"basic\", component=\"tikv\", instance=\"basic-tikv-0\", job=\"default-basic-tikv\", kubernetes_namespace=\"default\", le=\"0.128\", prometheus_replica=\"default_basic-monitor-0\", tidb_cluster=\"default-basic\", type=\"kv_prewrite\"}" sample="unsupported value type"
level=debug ts=2022-03-13T15:41:46.2844034Z caller=writer.go:94 component=receive component=receive-writer msg="Out of bounds metric" lset="{__name__=\"tikv_grpc_msg_duration_seconds_bucket\", cluster=\"basic\", component=\"tikv\", instance=\"basic-tikv-0\", job=\"default-basic-tikv\", kubernetes_namespace=\"default\", le=\"32.768\", prometheus_replica=\"default_basic-monitor-0\", tidb_cluster=\"default-basic\", type=\"kv_txn_heart_beat\"}" sample="unsupported value type"
level=debug ts=2022-03-13T15:41:46.2844467Z caller=writer.go:94 component=receive component=receive-writer msg="Out of bounds metric" lset="{__name__=\"tikv_grpc_msg_duration_seconds_bucket\", cluster=\"basic\", component=\"tikv\", instance=\"basic-tikv-0\", job=\"default-basic-tikv\", kubernetes_namespace=\"default\", le=\"0.001\", prometheus_replica=\"default_basic-monitor-0\", tidb_cluster=\"default-basic\", type=\"raw_batch_get\"}" sample="unsupported value type"
level=debug ts=2022-03-13T15:41:46.284489Z caller=writer.go:94 component=receive component=receive-writer msg="Out of bounds metric" lset="{__name__=\"tikv_grpc_msg_duration_seconds_bucket\", cluster=\"basic\", component=\"tikv\", instance=\"basic-tikv-0\", job=\"default-basic-tikv\", kubernetes_namespace=\"default\", le=\"0.256\", prometheus_replica=\"default_basic-monitor-0\", tidb_cluster=\"default-basic\", type=\"raw_checksum\"}" sample="unsupported value type"
level=debug ts=2022-03-13T15:41:46.2845182Z caller=writer.go:94 component=receive component=receive-writer msg="Out of bounds metric" lset="{__name__=\"tikv_grpc_msg_duration_seconds_bucket\", cluster=\"basic\", component=\"tikv\", instance=\"basic-tikv-0\", job=\"default-basic-tikv\", kubernetes_namespace=\"default\", le=\"65.536\", prometheus_replica=\"default_basic-monitor-0\", tidb_cluster=\"default-basic\", type=\"raw_delete_range\"}" sample="unsupported value type"
level=debug ts=2022-03-13T15:41:46.2845477Z caller=writer.go:94 component=receive component=receive-writer msg="Out of bounds metric" lset="{__name__=\"tikv_grpc_msg_duration_seconds_bucket\", cluster=\"basic\", component=\"tikv\", instance=\"basic-tikv-0\", job=\"default-basic-tikv\", kubernetes_namespace=\"default\", le=\"0.002\", prometheus_replica=\"default_basic-monitor-0\", tidb_cluster=\"default-basic\", type=\"read_index\"}" sample="unsupported value type"
level=debug ts=2022-03-13T15:41:46.2845776Z caller=writer.go:94 component=receive component=receive-writer msg="Out of bounds metric" lset="{__name__=\"tikv_grpc_msg_duration_seconds_bucket\", cluster=\"basic\", component=\"tikv\", instance=\"basic-tikv-0\", job=\"default-basic-tikv\", kubernetes_namespace=\"default\", le=\"0.512\", prometheus_replica=\"default_basic-monitor-0\", tidb_cluster=\"default-basic\", type=\"unsafe_destroy_range\"}" sample="unsupported value type"
level=debug ts=2022-03-13T15:41:46.2846071Z caller=writer.go:94 component=receive component=receive-writer msg="Out of bounds metric" lset="{__name__=\"tikv_pd_request_duration_seconds_bucket\", cluster=\"basic\", component=\"tikv\", instance=\"basic-tikv-0\", job=\"default-basic-tikv\", kubernetes_namespace=\"default\", le=\"0.005\", prometheus_replica=\"default_basic-monitor-0\", tidb_cluster=\"default-basic\", type=\"bootstrap_cluster\"}" sample="unsupported value type"
level=debug ts=2022-03-13T15:41:46.284644Z caller=writer.go:94 component=receive component=receive-writer msg="Out of bounds metric" lset="{__name__=\"tikv_raftstore_append_log_duration_seconds_bucket\", cluster=\"basic\", component=\"tikv\", instance=\"basic-tikv-0\", job=\"default-basic-tikv\", kubernetes_namespace=\"default\", le=\"0.00001\", prometheus_replica=\"default_basic-monitor-0\", tidb_cluster=\"default-basic\"}" sample="unsupported value type"
level=debug ts=2022-03-13T15:41:46.2846796Z caller=writer.go:94 component=receive component=receive-writer msg="Out of bounds metric" lset="{__name__=\"tikv_raftstore_apply_perf_context_time_duration_secs_bucket\", cluster=\"basic\", component=\"tikv\", instance=\"basic-tikv-0\", job=\"default-basic-tikv\", kubernetes_namespace=\"default\", le=\"262.144\", prometheus_replica=\"default_basic-monitor-0\", tidb_cluster=\"default-basic\", type=\"db_condition_wait_nanos\"}" sample="unsupported value type"
level=debug ts=2022-03-13T15:41:46.2847155Z caller=writer.go:94 component=receive component=receive-writer msg="Out of bounds metric" lset="{__name__=\"tikv_raftstore_apply_perf_context_time_duration_secs_bucket\", cluster=\"basic\", component=\"tikv\", instance=\"basic-tikv-0\", job=\"default-basic-tikv\", kubernetes_namespace=\"default\", le=\"0.008\", prometheus_replica=\"default_basic-monitor-0\", tidb_cluster=\"default-basic\", type=\"write_scheduling_flushes_compactions_time\"}" sample="unsupported value type"
level=debug ts=2022-03-13T15:41:46.2848032Z caller=writer.go:94 component=receive component=receive-writer msg="Out of bounds metric" lset="{__name__=\"tikv_raftstore_apply_wait_time_duration_secs_bucket\", cluster=\"basic\", component=\"tikv\", instance=\"basic-tikv-0\", job=\"default-basic-tikv\", kubernetes_namespace=\"default\", le=\"2.048\", prometheus_replica=\"default_basic-monitor-0\", tidb_cluster=\"default-basic\"}" sample="unsupported value type"
level=debug ts=2022-03-13T15:41:46.2848361Z caller=writer.go:94 component=receive component=receive-writer msg="Out of bounds metric" lset="{__name__=\"tikv_raftstore_event_duration_bucket\", cluster=\"basic\", component=\"tikv\", instance=\"basic-tikv-0\", job=\"default-basic-tikv\", kubernetes_namespace=\"default\", le=\"0.2610751233370989\", prometheus_replica=\"default_basic-monitor-0\", tidb_cluster=\"default-basic\", type=\"compact_lock_cf\"}" sample="unsupported value type"
level=debug ts=2022-03-13T15:41:46.2848788Z caller=writer.go:94 component=receive component=receive-writer msg="Out of bounds metric" lset="{__name__=\"tikv_raftstore_event_duration_bucket\", cluster=\"basic\", component=\"tikv\", instance=\"basic-tikv-0\", job=\"default-basic-tikv\", kubernetes_namespace=\"default\", le=\"+Inf\", prometheus_replica=\"default_basic-monitor-0\", tidb_cluster=\"default-basic\", type=\"snap_gc\"}" sample="unsupported value type"
level=debug ts=2022-03-13T15:41:46.2849327Z caller=writer.go:94 component=receive component=receive-writer msg="Out of bounds metric" lset="{__name__=\"tikv_raftstore_local_read_reject_total\", cluster=\"basic\", component=\"tikv\", instance=\"basic-tikv-0\", job=\"default-basic-tikv\", kubernetes_namespace=\"default\", prometheus_replica=\"default_basic-monitor-0\", reason=\"no_lease\", tidb_cluster=\"default-basic\"}" sample="unsupported value type"
level=debug ts=2022-03-13T15:41:46.2849855Z caller=writer.go:94 component=receive component=receive-writer msg="Out of bounds metric" lset="{__name__=\"tikv_raftstore_raft_log_gc_skipped\", cluster=\"basic\", component=\"tikv\", instance=\"basic-tikv-0\", job=\"default-basic-tikv\", kubernetes_namespace=\"default\", prometheus_replica=\"default_basic-monitor-0\", reason=\"threshold_limit\", tidb_cluster=\"default-basic\"}" sample="unsupported value type"
level=debug ts=2022-03-13T15:41:46.2850604Z caller=writer.go:94 component=receive component=receive-writer msg="Out of bounds metric" lset="{__name__=\"tikv_raftstore_raft_log_kv_sync_duration_secs_bucket\", cluster=\"basic\", component=\"tikv\", instance=\"basic-tikv-0\", job=\"default-basic-tikv\", kubernetes_namespace=\"default\", le=\"0.0002\", prometheus_replica=\"default_basic-monitor-0\", tidb_cluster=\"default-basic\"}" sample="unsupported value type"
level=debug ts=2022-03-13T15:41:46.2851222Z caller=writer.go:94 component=receive component=receive-writer msg="Out of bounds metric" lset="{__name__=\"tikv_raftstore_request_wait_time_duration_secs_bucket\", cluster=\"basic\", component=\"tikv\", instance=\"basic-tikv-0\", job=\"default-basic-tikv\", kubernetes_namespace=\"default\", le=\"1.024\", prometheus_replica=\"default_basic-monitor-0\", tidb_cluster=\"default-basic\"}" sample="unsupported value type"
level=debug ts=2022-03-13T15:41:46.2851598Z caller=writer.go:94 component=receive component=receive-writer msg="Out of bounds metric" lset="{__name__=\"tikv_raftstore_store_perf_context_time_duration_secs_bucket\", cluster=\"basic\", component=\"tikv\", instance=\"basic-tikv-0\", job=\"default-basic-tikv\", kubernetes_namespace=\"default\", le=\"0.512\", prometheus_replica=\"default_basic-monitor-0\", tidb_cluster=\"default-basic\", type=\"pre_and_post_process\"}" sample="unsupported value type"
level=debug ts=2022-03-13T15:41:46.2852027Z caller=writer.go:94 component=receive component=receive-writer msg="Out of bounds metric" lset="{__name__=\"tikv_raftstore_store_perf_context_time_duration_secs_bucket\", cluster=\"basic\", component=\"tikv\", instance=\"basic-tikv-0\", job=\"default-basic-tikv\", kubernetes_namespace=\"default\", le=\"131.072\", prometheus_replica=\"default_basic-monitor-0\", tidb_cluster=\"default-basic\", type=\"write_thread_wait\"}" sample="unsupported value type"
level=debug ts=2022-03-13T15:41:46.2852891Z caller=writer.go:94 component=receive component=receive-writer msg="Out of bounds metric" lset="{__name__=\"tikv_raftstore_store_wf_commit_log_duration_seconds_bucket\", cluster=\"basic\", component=\"tikv\", instance=\"basic-tikv-0\", job=\"default-basic-tikv\", kubernetes_namespace=\"default\", le=\"0.16384\", prometheus_replica=\"default_basic-monitor-0\", tidb_cluster=\"default-basic\"}" sample="unsupported value type"
level=debug ts=2022-03-13T15:41:46.2853357Z caller=writer.go:94 component=receive component=receive-writer msg="Out of bounds metric" lset="{__name__=\"tikv_raftstore_store_wf_send_to_queue_duration_seconds_sum\", cluster=\"basic\", component=\"tikv\", instance=\"basic-tikv-0\", job=\"default-basic-tikv\", kubernetes_namespace=\"default\", prometheus_replica=\"default_basic-monitor-0\", tidb_cluster=\"default-basic\"}" sample="unsupported value type"
level=debug ts=2022-03-13T15:41:46.2854293Z caller=writer.go:94 component=receive component=receive-writer msg="Out of bounds metric" lset="{__name__=\"tikv_raftstore_store_write_raftdb_duration_seconds_bucket\", cluster=\"basic\", component=\"tikv\", instance=\"basic-tikv-0\", job=\"default-basic-tikv\", kubernetes_namespace=\"default\", le=\"0.02048\", prometheus_replica=\"default_basic-monitor-0\", tidb_cluster=\"default-basic\"}" sample="unsupported value type"
level=debug ts=2022-03-13T15:41:46.2854716Z caller=writer.go:94 component=receive component=receive-writer msg="Out of bounds metric" lset="{__name__=\"tikv_region_read_bytes_bucket\", cluster=\"basic\", component=\"tikv\", instance=\"basic-tikv-0\", job=\"default-basic-tikv\", kubernetes_namespace=\"default\", le=\"524288\", prometheus_replica=\"default_basic-monitor-0\", tidb_cluster=\"default-basic\"}" sample="unsupported value type"
level=debug ts=2022-03-13T15:41:46.2855166Z caller=writer.go:94 component=receive component=receive-writer msg="Out of bounds metric" lset="{__name__=\"tikv_resolved_ts_check_leader_duration_seconds_bucket\", cluster=\"basic\", component=\"tikv\", instance=\"basic-tikv-0\", job=\"default-basic-tikv\", kubernetes_namespace=\"default\", le=\"2621.44\", prometheus_replica=\"default_basic-monitor-0\", tidb_cluster=\"default-basic\"}" sample="unsupported value type"
level=debug ts=2022-03-13T15:41:46.285567Z caller=writer.go:94 component=receive component=receive-writer msg="Out of bounds metric" lset="{__name__=\"tikv_scheduler_command_duration_seconds_count\", cluster=\"basic\", component=\"tikv\", instance=\"basic-tikv-0\", job=\"default-basic-tikv\", kubernetes_namespace=\"default\", prometheus_replica=\"default_basic-monitor-0\", tidb_cluster=\"default-basic\", type=\"batch_get\"}" sample="unsupported value type"
level=debug ts=2022-03-13T15:41:46.2856307Z caller=writer.go:94 component=receive component=receive-writer msg="Out of bounds metric" lset="{__name__=\"tikv_scheduler_command_duration_seconds_bucket\", cluster=\"basic\", component=\"tikv\", instance=\"basic-tikv-0\", job=\"default-basic-tikv\", kubernetes_namespace=\"default\", le=\"0.064\", prometheus_replica=\"default_basic-monitor-0\", tidb_cluster=\"default-basic\", type=\"commit\"}" sample="unsupported value type"
level=debug ts=2022-03-13T15:41:46.2856694Z caller=writer.go:94 component=receive component=receive-writer msg="Out of bounds metric" lset="{__name__=\"tikv_scheduler_command_duration_seconds_bucket\", cluster=\"basic\", component=\"tikv\", instance=\"basic-tikv-0\", job=\"default-basic-tikv\", kubernetes_namespace=\"default\", le=\"16.384\", prometheus_replica=\"default_basic-monitor-0\", tidb_cluster=\"default-basic\", type=\"pause\"}" sample="unsupported value type"
level=debug ts=2022-03-13T15:41:46.2857167Z caller=writer.go:94 component=receive component=receive-writer msg="Out of bounds metric" lset="{__name__=\"tikv_scheduler_command_duration_seconds_bucket\", cluster=\"basic\", component=\"tikv\", instance=\"basic-tikv-0\", job=\"default-basic-tikv\", kubernetes_namespace=\"default\", le=\"0.0005\", prometheus_replica=\"default_basic-monitor-0\", tidb_cluster=\"default-basic\", type=\"raw_batch_get\"}" sample="unsupported value type"
level=debug ts=2022-03-13T15:41:46.2859654Z caller=writer.go:94 component=receive component=receive-writer msg="Out of bounds metric" lset="{__name__=\"tikv_scheduler_command_duration_seconds_bucket\", cluster=\"basic\", component=\"tikv\", instance=\"basic-tikv-0\", job=\"default-basic-tikv\", kubernetes_namespace=\"default\", le=\"0.128\", prometheus_replica=\"default_basic-monitor-0\", tidb_cluster=\"default-basic\", type=\"raw_checksum\"}" sample="unsupported value type"
level=debug ts=2022-03-13T15:41:46.2860063Z caller=writer.go:94 component=receive component=receive-writer msg="Out of bounds metric" lset="{__name__=\"tikv_scheduler_command_duration_seconds_bucket\", cluster=\"basic\", component=\"tikv\", instance=\"basic-tikv-0\", job=\"default-basic-tikv\", kubernetes_namespace=\"default\", le=\"32.768\", prometheus_replica=\"default_basic-monitor-0\", tidb_cluster=\"default-basic\", type=\"raw_get\"}" sample="unsupported value type"
level=debug ts=2022-03-13T15:41:46.2860562Z caller=writer.go:94 component=receive component=receive-writer msg="Out of bounds metric" lset="{__name__=\"tikv_scheduler_command_duration_seconds_bucket\", cluster=\"basic\", component=\"tikv\", instance=\"basic-tikv-0\", job=\"default-basic-tikv\", kubernetes_namespace=\"default\", le=\"0.001\", prometheus_replica=\"default_basic-monitor-0\", tidb_cluster=\"default-basic\", type=\"resolve_lock_lite\"}" sample="unsupported value type"
level=debug ts=2022-03-13T15:41:46.2861278Z caller=writer.go:94 component=receive component=receive-writer msg="Out of bounds metric" lset="{__name__=\"tikv_scheduler_command_duration_seconds_bucket\", cluster=\"basic\", component=\"tikv\", instance=\"basic-tikv-0\", job=\"default-basic-tikv\", kubernetes_namespace=\"default\", le=\"0.256\", prometheus_replica=\"default_basic-monitor-0\", tidb_cluster=\"default-basic\", type=\"start_ts_mvcc\"}" sample="unsupported value type"
level=debug ts=2022-03-13T15:41:46.2861665Z caller=writer.go:94 component=receive component=receive-writer msg="Out of bounds metric" lset="{__name__=\"tikv_scheduler_kv_command_key_read_bucket\", cluster=\"basic\", component=\"tikv\", instance=\"basic-tikv-0\", job=\"default-basic-tikv\", kubernetes_namespace=\"default\", le=\"2048\", prometheus_replica=\"default_basic-monitor-0\", tidb_cluster=\"default-basic\", type=\"batch_get_command\"}" sample="unsupported value type"
level=debug ts=2022-03-13T15:41:46.2862026Z caller=writer.go:94 component=receive component=receive-writer msg="Out of bounds metric" lset="{__name__=\"tikv_scheduler_kv_command_key_read_bucket\", cluster=\"basic\", component=\"tikv\", instance=\"basic-tikv-0\", job=\"default-basic-tikv\", kubernetes_namespace=\"default\", le=\"32768\", prometheus_replica=\"default_basic-monitor-0\", tidb_cluster=\"default-basic\", type=\"commit\"}" sample="unsupported value type"
level=debug ts=2022-03-13T15:41:46.2862468Z caller=writer.go:94 component=receive component=receive-writer msg="Out of bounds metric" lset="{__name__=\"tikv_scheduler_kv_command_key_read_bucket\", cluster=\"basic\", component=\"tikv\", instance=\"basic-tikv-0\", job=\"default-basic-tikv\", kubernetes_namespace=\"default\", le=\"524288\", prometheus_replica=\"default_basic-monitor-0\", tidb_cluster=\"default-basic\", type=\"pause\"}" sample="unsupported value type"
level=debug ts=2022-03-13T15:41:46.2863296Z caller=writer.go:94 component=receive component=receive-writer msg="Out of bounds metric" lset="{__name__=\"tikv_scheduler_kv_command_key_read_count\", cluster=\"basic\", component=\"tikv\", instance=\"basic-tikv-0\", job=\"default-basic-tikv\", kubernetes_namespace=\"default\", prometheus_replica=\"default_basic-monitor-0\", tidb_cluster=\"default-basic\", type=\"raw_batch_delete\"}" sample="unsupported value type"
level=debug ts=2022-03-13T15:41:46.2863615Z caller=writer.go:94 component=receive component=receive-writer msg="Out of bounds metric" lset="{__name__=\"tikv_scheduler_kv_command_key_read_bucket\", cluster=\"basic\", component=\"tikv\", instance=\"basic-tikv-0\", job=\"default-basic-tikv\", kubernetes_namespace=\"default\", le=\"8\", prometheus_replica=\"default_basic-monitor-0\", tidb_cluster=\"default-basic\", type=\"raw_checksum\"}" sample="unsupported value type"
level=debug ts=2022-03-13T15:41:46.2864135Z caller=writer.go:94 component=receive component=receive-writer msg="Out of bounds metric" lset="{__name__=\"tikv_scheduler_kv_command_key_read_bucket\", cluster=\"basic\", component=\"tikv\", instance=\"basic-tikv-0\", job=\"default-basic-tikv\", kubernetes_namespace=\"default\", le=\"128\", prometheus_replica=\"default_basic-monitor-0\", tidb_cluster=\"default-basic\", type=\"raw_get\"}" sample="unsupported value type"
level=debug ts=2022-03-13T15:41:46.2864875Z caller=writer.go:94 component=receive component=receive-writer msg="Out of bounds metric" lset="{__name__=\"tikv_scheduler_kv_command_key_read_bucket\", cluster=\"basic\", component=\"tikv\", instance=\"basic-tikv-0\", job=\"default-basic-tikv\", kubernetes_namespace=\"default\", le=\"2048\", prometheus_replica=\"default_basic-monitor-0\", tidb_cluster=\"default-basic\", type=\"resolve_lock\"}" sample="unsupported value type"
level=debug ts=2022-03-13T15:41:46.286534Z caller=writer.go:94 component=receive component=receive-writer msg="Out of bounds metric" lset="{__name__=\"tikv_scheduler_kv_command_key_read_bucket\", cluster=\"basic\", component=\"tikv\", instance=\"basic-tikv-0\", job=\"default-basic-tikv\", kubernetes_namespace=\"default\", le=\"32768\", prometheus_replica=\"default_basic-monitor-0\", tidb_cluster=\"default-basic\", type=\"scan_lock\"}" sample="unsupported value type"
level=debug ts=2022-03-13T15:41:46.2865736Z caller=writer.go:94 component=receive component=receive-writer msg="Out of bounds metric" lset="{__name__=\"tikv_scheduler_kv_command_key_write_bucket\", cluster=\"basic\", component=\"tikv\", instance=\"basic-tikv-0\", job=\"default-basic-tikv\", kubernetes_namespace=\"default\", le=\"524288\", prometheus_replica=\"default_basic-monitor-0\", tidb_cluster=\"default-basic\", type=\"batch_get\"}" sample="unsupported value type"
level=debug ts=2022-03-13T15:41:46.2866171Z caller=writer.go:94 component=receive component=receive-writer msg="Out of bounds metric" lset="{__name__=\"tikv_scheduler_kv_command_key_write_count\", cluster=\"basic\", component=\"tikv\", instance=\"basic-tikv-0\", job=\"default-basic-tikv\", kubernetes_namespace=\"default\", prometheus_replica=\"default_basic-monitor-0\", tidb_cluster=\"default-basic\", type=\"cleanup\"}" sample="unsupported value type"
level=debug ts=2022-03-13T15:41:46.2866681Z caller=writer.go:94 component=receive component=receive-writer msg="Out of bounds metric" lset="{__name__=\"tikv_scheduler_kv_command_key_write_bucket\", cluster=\"basic\", component=\"tikv\", instance=\"basic-tikv-0\", job=\"default-basic-tikv\", kubernetes_namespace=\"default\", le=\"8\", prometheus_replica=\"default_basic-monitor-0\", tidb_cluster=\"default-basic\", type=\"pause\"}" sample="unsupported value type"
level=debug ts=2022-03-13T15:41:46.286723Z caller=writer.go:94 component=receive component=receive-writer msg="Out of bounds metric" lset="{__name__=\"tikv_scheduler_kv_command_key_write_bucket\", cluster=\"basic\", component=\"tikv\", instance=\"basic-tikv-0\", job=\"default-basic-tikv\", kubernetes_namespace=\"default\", le=\"128\", prometheus_replica=\"default_basic-monitor-0\", tidb_cluster=\"default-basic\", type=\"raw_batch_delete\"}" sample="unsupported value type"
level=debug ts=2022-03-13T15:41:46.2868283Z caller=writer.go:94 component=receive component=receive-writer msg="Out of bounds metric" lset="{__name__=\"tikv_scheduler_kv_command_key_write_bucket\", cluster=\"basic\", component=\"tikv\", instance=\"basic-tikv-0\", job=\"default-basic-tikv\", kubernetes_namespace=\"default\", le=\"2048\", prometheus_replica=\"default_basic-monitor-0\", tidb_cluster=\"default-basic\", type=\"raw_batch_scan\"}" sample="unsupported value type"
level=debug ts=2022-03-13T15:41:46.2868712Z caller=writer.go:94 component=receive component=receive-writer msg="Out of bounds metric" lset="{__name__=\"tikv_scheduler_kv_command_key_write_bucket\", cluster=\"basic\", component=\"tikv\", instance=\"basic-tikv-0\", job=\"default-basic-tikv\", kubernetes_namespace=\"default\", le=\"32768\", prometheus_replica=\"default_basic-monitor-0\", tidb_cluster=\"default-basic\", type=\"raw_delete_range\"}" sample="unsupported value type"
level=debug ts=2022-03-13T15:41:46.2869154Z caller=writer.go:94 component=receive component=receive-writer msg="Out of bounds metric" lset="{__name__=\"tikv_scheduler_kv_command_key_write_bucket\", cluster=\"basic\", component=\"tikv\", instance=\"basic-tikv-0\", job=\"default-basic-tikv\", kubernetes_namespace=\"default\", le=\"524288\", prometheus_replica=\"default_basic-monitor-0\", tidb_cluster=\"default-basic\", type=\"raw_scan\"}" sample="unsupported value type"
level=debug ts=2022-03-13T15:41:46.286999Z caller=writer.go:94 component=receive component=receive-writer msg="Out of bounds metric" lset="{__name__=\"tikv_scheduler_kv_command_key_write_count\", cluster=\"basic\", component=\"tikv\", instance=\"basic-tikv-0\", job=\"default-basic-tikv\", kubernetes_namespace=\"default\", prometheus_replica=\"default_basic-monitor-0\", tidb_cluster=\"default-basic\", type=\"scan\"}" sample="unsupported value type"
level=debug ts=2022-03-13T15:41:46.2870455Z caller=writer.go:94 component=receive component=receive-writer msg="Out of bounds metric" lset="{__name__=\"tikv_scheduler_kv_scan_details\", cf=\"default\", cluster=\"basic\", component=\"tikv\", instance=\"basic-tikv-0\", job=\"default-basic-tikv\", kubernetes_namespace=\"default\", prometheus_replica=\"default_basic-monitor-0\", req=\"batch_get_command\", tag=\"over_seek_bound\", tidb_cluster=\"default-basic\"}" sample="unsupported value type"
level=debug ts=2022-03-13T15:41:46.2874005Z caller=writer.go:94 component=receive component=receive-writer msg="Out of bounds metric" lset="{__name__=\"tikv_scheduler_kv_scan_details\", cf=\"default\", cluster=\"basic\", component=\"tikv\", instance=\"basic-tikv-0\", job=\"default-basic-tikv\", kubernetes_namespace=\"default\", prometheus_replica=\"default_basic-monitor-0\", req=\"pause\", tag=\"seek\", tidb_cluster=\"default-basic\"}" sample="unsupported value type"
level=warn ts=2022-03-13T15:41:46.2874526Z caller=writer.go:139 component=receive component=receive-writer msg="Error on ingesting samples that are too old or are too far into the future" numDropped=100
level=debug ts=2022-03-13T15:41:46.2875375Z caller=handler.go:491 component=receive component=receive-handler
level=debug ts=2022-03-13T15:41:46.288052Z caller=writer.go:94 component=receive component=receive-writer msg="Out of bounds metric" lset="{__name__=\"tikv_config_raftstore\", cluster=\"basic\", component=\"tikv\", instance=\"basic-tikv-0\", job=\"default-basic-tikv\", kubernetes_namespace=\"default\", name=\"messages_per_tick\", prometheus_replica=\"default_basic-monitor-0\", tidb_cluster=\"default-basic\"}" sample="unsupported value type"
level=debug ts=2022-03-13T15:41:46.2882303Z caller=writer.go:94 component=receive component=receive-writer msg="Out of bounds metric" lset="{__name__=\"tikv_config_rocksdb\", cf=\"lock\", cluster=\"basic\", component=\"tikv\", instance=\"basic-tikv-0\", job=\"default-basic-tikv\", kubernetes_namespace=\"default\", name=\"pin_l0_filter_and_index_blocks\", prometheus_replica=\"default_basic-monitor-0\", tidb_cluster=\"default-basic\"}" sample="unsupported value type"
level=debug ts=2022-03-13T15:41:46.2883227Z caller=writer.go:94 component=receive component=receive-writer msg="Out of bounds metric" lset="{__name__=\"tikv_coprocessor_mem_lock_check_duration_seconds_bucket\", cluster=\"basic\", component=\"tikv\", instance=\"basic-tikv-0\", job=\"default-basic-tikv\", kubernetes_namespace=\"default\", le=\"0.000016\", prometheus_replica=\"default_basic-monitor-0\", result=\"locked\", tidb_cluster=\"default-basic\"}" sample="unsupported value type"
level=debug ts=2022-03-13T15:41:46.2883746Z caller=writer.go:94 component=receive component=receive-writer msg="Out of bounds metric" lset="{__name__=\"tikv_coprocessor_request_duration_seconds_bucket\", cluster=\"basic\", component=\"tikv\", instance=\"basic-tikv-0\", job=\"default-basic-tikv\", kubernetes_namespace=\"default\", le=\"0.064\", prometheus_replica=\"default_basic-monitor-0\", req=\"checksum_index\", tidb_cluster=\"default-basic\"}" sample="unsupported value type"
level=debug ts=2022-03-13T15:41:46.2884332Z caller=writer.go:94 component=receive component=receive-writer msg="Out of bounds metric" lset="{__name__=\"tikv_coprocessor_request_duration_seconds_bucket\", cluster=\"basic\", component=\"tikv\", instance=\"basic-tikv-0\", job=\"default-basic-tikv\", kubernetes_namespace=\"default\", le=\"16.384\", prometheus_replica=\"default_basic-monitor-0\", req=\"test\", tidb_cluster=\"default-basic\"}" sample="unsupported value type"
level=debug ts=2022-03-13T15:41:46.2884819Z caller=writer.go:94 component=receive component=receive-writer msg="Out of bounds metric" lset="{__name__=\"tikv_coprocessor_request_handle_seconds_bucket\", cluster=\"basic\", component=\"tikv\", instance=\"basic-tikv-0\", job=\"default-basic-tikv\", kubernetes_namespace=\"default\", le=\"0.0005\", prometheus_replica=\"default_basic-monitor-0\", req=\"checksum_table\", tidb_cluster=\"default-basic\"}" sample="unsupported value type"
level=debug ts=2022-03-13T15:41:46.2887064Z caller=writer.go:94 component=receive component=receive-writer msg="Out of bounds metric" lset="{__name__=\"tikv_coprocessor_request_handler_build_seconds_bucket\", cluster=\"basic\", component=\"tikv\", instance=\"basic-tikv-0\", job=\"default-basic-tikv\", kubernetes_namespace=\"default\", le=\"0.128\", prometheus_replica=\"default_basic-monitor-0\", req=\"analyze_full_sampling\", tidb_cluster=\"default-basic\"}" sample="unsupported value type"
level=debug ts=2022-03-13T15:41:46.2910549Z caller=writer.go:94 component=receive component=receive-writer msg="Out of bounds metric" lset="{__name__=\"tikv_coprocessor_request_handler_build_seconds_bucket\", cluster=\"basic\", component=\"tikv\", instance=\"basic-tikv-0\", job=\"default-basic-tikv\", kubernetes_namespace=\"default\", le=\"32.768\", prometheus_replica=\"default_basic-monitor-0\", req=\"checksum_table\", tidb_cluster=\"default-basic\"}" sample="unsupported value type"
level=debug ts=2022-03-13T15:41:46.291172Z caller=writer.go:94 component=receive component=receive-writer msg="Out of bounds metric" lset="{__name__=\"tikv_coprocessor_request_wait_seconds_bucket\", cluster=\"basic\", component=\"tikv\", instance=\"basic-tikv-0\", job=\"default-basic-tikv\", kubernetes_namespace=\"default\", le=\"0.001\", prometheus_replica=\"default_basic-monitor-0\", req=\"analyze_full_sampling\", tidb_cluster=\"default-basic\", type=\"schedule\"}" sample="unsupported value type"
level=debug ts=2022-03-13T15:41:46.2912169Z caller=writer.go:94 component=receive component=receive-writer msg="Out of bounds metric" lset="{__name__=\"tikv_coprocessor_request_wait_seconds_bucket\", cluster=\"basic\", component=\"tikv\", instance=\"basic-tikv-0\", job=\"default-basic-tikv\", kubernetes_namespace=\"default\", le=\"0.256\", prometheus_replica=\"default_basic-monitor-0\", req=\"analyze_index\", tidb_cluster=\"default-basic\", type=\"snapshot\"}" sample="unsupported value type"
level=debug ts=2022-03-13T15:41:46.2912529Z caller=writer.go:94 component=receive component=receive-writer msg="Out of bounds metric" lset="{__name__=\"tikv_coprocessor_request_wait_seconds_bucket\", cluster=\"basic\", component=\"tikv\", instance=\"basic-tikv-0\", job=\"default-basic-tikv\", kubernetes_namespace=\"default\", le=\"65.536\", prometheus_replica=\"default_basic-monitor-0\", req=\"checksum_index\", tidb_cluster=\"default-basic\", type=\"all\"}" sample="unsupported value type"
level=debug ts=2022-03-13T15:41:46.2915712Z caller=writer.go:94 component=receive component=receive-writer msg="Out of bounds metric" lset="{__name__=\"tikv_coprocessor_request_wait_seconds_bucket\", cluster=\"basic\", component=\"tikv\", instance=\"basic-tikv-0\", job=\"default-basic-tikv\", kubernetes_namespace=\"default\", le=\"0.002\", prometheus_replica=\"default_basic-monitor-0\", req=\"checksum_table\", tidb_cluster=\"default-basic\", type=\"snapshot\"}" sample="unsupported value type"
level=debug ts=2022-03-13T15:41:46.2916786Z caller=writer.go:94 component=receive component=receive-writer msg="Out of bounds metric" lset="{__name__=\"tikv_coprocessor_request_wait_seconds_bucket\", cluster=\"basic\", component=\"tikv\", instance=\"basic-tikv-0\", job=\"default-basic-tikv\", kubernetes_namespace=\"default\", le=\"0.512\", prometheus_replica=\"default_basic-monitor-0\", req=\"select\", tidb_cluster=\"default-basic\", type=\"all\"}" sample="unsupported value type"
level=debug ts=2022-03-13T15:41:46.2917938Z caller=writer.go:94 component=receive component=receive-writer msg="Out of bounds metric" lset="{__name__=\"tikv_coprocessor_request_wait_seconds_bucket\", cluster=\"basic\", component=\"tikv\", instance=\"basic-tikv-0\", job=\"default-basic-tikv\", kubernetes_namespace=\"default\", le=\"131.072\", prometheus_replica=\"default_basic-monitor-0\", req=\"test\", tidb_cluster=\"default-basic\", type=\"schedule\"}" sample="unsupported value type"
level=debug ts=2022-03-13T15:41:46.2918366Z caller=writer.go:94 component=receive component=receive-writer msg="Out of bounds metric" lset="{__name__=\"tikv_coprocessor_rocksdb_perf\", cluster=\"basic\", component=\"tikv\", instance=\"basic-tikv-0\", job=\"default-basic-tikv\", kubernetes_namespace=\"default\", metric=\"block_seek_nanos\", prometheus_replica=\"default_basic-monitor-0\", req=\"test\", tidb_cluster=\"default-basic\"}" sample="unsupported value type"
level=debug ts=2022-03-13T15:41:46.2918838Z caller=writer.go:94 component=receive component=receive-writer msg="Out of bounds metric" lset="{__name__=\"tikv_coprocessor_rocksdb_perf\", cluster=\"basic\", component=\"tikv\", instance=\"basic-tikv-0\", job=\"default-basic-tikv\", kubernetes_namespace=\"default\", metric=\"get_from_memtable_time\", prometheus_replica=\"default_basic-monitor-0\", req=\"checksum_index\", tidb_cluster=\"default-basic\"}" sample="unsupported value type"
level=debug ts=2022-03-13T15:41:46.291926Z caller=writer.go:94 component=receive component=receive-writer msg="Out of bounds metric" lset="{__name__=\"tikv_coprocessor_rocksdb_perf\", cluster=\"basic\", component=\"tikv\", instance=\"basic-tikv-0\", job=\"default-basic-tikv\", kubernetes_namespace=\"default\", metric=\"iter_seek_cpu_nanos\", prometheus_replica=\"default_basic-monitor-0\", req=\"test\", tidb_cluster=\"default-basic\"}" sample="unsupported value type"
level=debug ts=2022-03-13T15:41:46.2920624Z caller=writer.go:94 component=receive component=receive-writer msg="Out of bounds metric" lset="{__name__=\"tikv_coprocessor_rocksdb_perf\", cluster=\"basic\", component=\"tikv\", instance=\"basic-tikv-0\", job=\"default-basic-tikv\", kubernetes_namespace=\"default\", metric=\"seek_on_memtable_time\", prometheus_replica=\"default_basic-monitor-0\", req=\"checksum_index\", tidb_cluster=\"default-basic\"}" sample="unsupported value type"
level=debug ts=2022-03-13T15:41:46.2921088Z caller=writer.go:94 component=receive component=receive-writer msg="Out of bounds metric" lset="{__name__=\"tikv_coprocessor_scan_details\", cf=\"default\", cluster=\"basic\", component=\"tikv\", instance=\"basic-tikv-0\", job=\"default-basic-tikv\", kubernetes_namespace=\"default\", prometheus_replica=\"default_basic-monitor-0\", req=\"test\", tag=\"over_seek_bound\", tidb_cluster=\"default-basic\"}" sample="unsupported value type"
level=debug ts=2022-03-13T15:41:46.292176Z caller=writer.go:94 component=receive component=receive-writer msg="Out of bounds metric" lset="{__name__=\"tikv_coprocessor_scan_details\", cf=\"lock\", cluster=\"basic\", component=\"tikv\", instance=\"basic-tikv-0\", job=\"default-basic-tikv\", kubernetes_namespace=\"default\", prometheus_replica=\"default_basic-monitor-0\", req=\"test\", tag=\"seek\", tidb_cluster=\"default-basic\"}" sample="unsupported value type"
level=debug ts=2022-03-13T15:41:46.2922087Z caller=writer.go:94 component=receive component=receive-writer msg="Out of bounds metric" lset="{__name__=\"tikv_coprocessor_scan_details\", cf=\"write\", cluster=\"basic\", component=\"tikv\", instance=\"basic-tikv-0\", job=\"default-basic-tikv\", kubernetes_namespace=\"default\", prometheus_replica=\"default_basic-monitor-0\", req=\"test\", tag=\"ttl_tombstone\", tidb_cluster=\"default-basic\"}" sample="unsupported value type"
level=debug ts=2022-03-13T15:41:46.292261Z caller=writer.go:94 component=receive component=receive-writer msg="Out of bounds metric" lset="{__name__=\"tikv_coprocessor_scan_keys_bucket\", cluster=\"basic\", component=\"tikv\", instance=\"basic-tikv-0\", job=\"default-basic-tikv\", kind=\"processed_keys\", kubernetes_namespace=\"default\", le=\"128\", prometheus_replica=\"default_basic-monitor-0\", req=\"checksum_table\", tidb_cluster=\"default-basic\"}" sample="unsupported value type"
level=debug ts=2022-03-13T15:41:46.2923266Z caller=writer.go:94 component=receive component=receive-writer msg="Out of bounds metric" lset="{__name__=\"tikv_coprocessor_scan_keys_bucket\", cluster=\"basic\", component=\"tikv\", instance=\"basic-tikv-0\", job=\"default-basic-tikv\", kind=\"total\", kubernetes_namespace=\"default\", le=\"32768\", prometheus_replica=\"default_basic-monitor-0\", req=\"analyze_full_sampling\", tidb_cluster=\"default-basic\"}" sample="unsupported value type"
level=debug ts=2022-03-13T15:41:46.2923966Z caller=writer.go:94 component=receive component=receive-writer msg="Out of bounds metric" lset="{__name__=\"tikv_coprocessor_scan_keys_bucket\", cluster=\"basic\", component=\"tikv\", instance=\"basic-tikv-0\", job=\"default-basic-tikv\", kind=\"total\", kubernetes_namespace=\"default\", le=\"1\", prometheus_replica=\"default_basic-monitor-0\", req=\"index\", tidb_cluster=\"default-basic\"}" sample="unsupported value type"
level=debug ts=2022-03-13T15:41:46.2928004Z caller=writer.go:94 component=receive component=receive-writer msg="Out of bounds metric" lset="{__name__=\"tikv_engine_bloom_efficiency\", cluster=\"basic\", component=\"tikv\", db=\"kv\", instance=\"basic-tikv-0\", job=\"default-basic-tikv\", kubernetes_namespace=\"default\", prometheus_replica=\"default_basic-monitor-0\", tidb_cluster=\"default-basic\", type=\"block_cache_data_bytes_insert\"}" sample="unsupported value type"
level=debug ts=2022-03-13T15:41:46.2928823Z caller=writer.go:94 component=receive component=receive-writer msg="Out of bounds metric" lset="{__name__=\"tikv_engine_bloom_efficiency\", cluster=\"basic\", component=\"tikv\", db=\"raft\", instance=\"basic-tikv-0\", job=\"default-basic-tikv\", kubernetes_namespace=\"default\", prometheus_replica=\"default_basic-monitor-0\", tidb_cluster=\"default-basic\", type=\"compaction_key_drop_range_del\"}" sample="unsupported value type"
level=debug ts=2022-03-13T15:41:46.2929385Z caller=writer.go:94 component=receive component=receive-writer msg="Out of bounds metric" lset="{__name__=\"tikv_engine_cache_efficiency\", cluster=\"basic\", component=\"tikv\", db=\"kv\", instance=\"basic-tikv-0\", job=\"default-basic-tikv\", kubernetes_namespace=\"default\", prometheus_replica=\"default_basic-monitor-0\", tidb_cluster=\"default-basic\", type=\"block_cache_data_bytes_insert\"}" sample="unsupported value type"
level=debug ts=2022-03-13T15:41:46.2929826Z caller=writer.go:94 component=receive component=receive-writer msg="Out of bounds metric" lset="{__name__=\"tikv_engine_cache_efficiency\", cluster=\"basic\", component=\"tikv\", db=\"raft\", instance=\"basic-tikv-0\", job=\"default-basic-tikv\", kubernetes_namespace=\"default\", prometheus_replica=\"default_basic-monitor-0\", tidb_cluster=\"default-basic\", type=\"compaction_key_drop_range_del\"}" sample="unsupported value type"
level=debug ts=2022-03-13T15:41:46.2930632Z caller=writer.go:94 component=receive component=receive-writer msg="Out of bounds metric" lset="{__name__=\"tikv_engine_compaction_flow_bytes\", cluster=\"basic\", component=\"tikv\", db=\"kv\", instance=\"basic-tikv-0\", job=\"default-basic-tikv\", kubernetes_namespace=\"default\", prometheus_replica=\"default_basic-monitor-0\", tidb_cluster=\"default-basic\", type=\"number_blob_seek\"}" sample="unsupported value type"
level=debug ts=2022-03-13T15:41:46.2931176Z caller=writer.go:94 component=receive component=receive-writer msg="Out of bounds metric" lset="{__name__=\"tikv_engine_compaction_key_drop\", cluster=\"basic\", component=\"tikv\", db=\"kv\", instance=\"basic-tikv-0\", job=\"default-basic-tikv\", kubernetes_namespace=\"default\", prometheus_replica=\"default_basic-monitor-0\", tidb_cluster=\"default-basic\", type=\"block_cache_add_failures\"}" sample="unsupported value type"
level=debug ts=2022-03-13T15:41:46.2933569Z caller=writer.go:94 component=receive component=receive-writer msg="Out of bounds metric" lset="{__name__=\"tikv_engine_compaction_key_drop\", cluster=\"basic\", component=\"tikv\", db=\"raft\", instance=\"basic-tikv-0\", job=\"default-basic-tikv\", kubernetes_namespace=\"default\", prometheus_replica=\"default_basic-monitor-0\", tidb_cluster=\"default-basic\", type=\"bytes_relocated\"}" sample="unsupported value type"
level=debug ts=2022-03-13T15:41:46.2934103Z caller=writer.go:94 component=receive component=receive-writer msg="Out of bounds metric" lset="{__name__=\"tikv_engine_estimate_num_keys\", cf=\"raft\", cluster=\"basic\", component=\"tikv\", db=\"kv\", instance=\"basic-tikv-0\", job=\"default-basic-tikv\", kubernetes_namespace=\"default\", prometheus_replica=\"default_basic-monitor-0\", tidb_cluster=\"default-basic\"}" sample="unsupported value type"
level=debug ts=2022-03-13T15:41:46.2934499Z caller=writer.go:94 component=receive component=receive-writer msg="Out of bounds metric" lset="{__name__=\"tikv_engine_file_status\", cluster=\"basic\", component=\"tikv\", db=\"raft\", instance=\"basic-tikv-0\", job=\"default-basic-tikv\", kubernetes_namespace=\"default\", prometheus_replica=\"default_basic-monitor-0\", tidb_cluster=\"default-basic\", type=\"bloom_prefix_checked\"}" sample="unsupported value type"
level=debug ts=2022-03-13T15:41:46.2934965Z caller=writer.go:94 component=receive component=receive-writer msg="Out of bounds metric" lset="{__name__=\"tikv_engine_flow_bytes\", cluster=\"basic\", component=\"tikv\", db=\"kv\", instance=\"basic-tikv-0\", job=\"default-basic-tikv\", kubernetes_namespace=\"default\", prometheus_replica=\"default_basic-monitor-0\", tidb_cluster=\"default-basic\", type=\"memtable_hit\"}" sample="unsupported value type"
level=debug ts=2022-03-13T15:41:46.2935703Z caller=writer.go:94 component=receive component=receive-writer msg="Out of bounds metric" lset="{__name__=\"tikv_engine_flow_bytes\", cluster=\"basic\", component=\"tikv\", db=\"raft\", instance=\"basic-tikv-0\", job=\"default-basic-tikv\", kubernetes_namespace=\"default\", prometheus_replica=\"default_basic-monitor-0\", tidb_cluster=\"default-basic\", type=\"trigger_next\"}" sample="unsupported value type"
level=debug ts=2022-03-13T15:41:46.2936193Z caller=writer.go:94 component=receive component=receive-writer msg="Out of bounds metric" lset="{__name__=\"tikv_engine_get_served\", cluster=\"basic\", component=\"tikv\", db=\"raft\", instance=\"basic-tikv-0\", job=\"default-basic-tikv\", kubernetes_namespace=\"default\", prometheus_replica=\"default_basic-monitor-0\", tidb_cluster=\"default-basic\", type=\"block_cache_data_add\"}" sample="unsupported value type"
level=debug ts=2022-03-13T15:41:46.2936709Z caller=writer.go:94 component=receive component=receive-writer msg="Out of bounds metric" lset="{__name__=\"tikv_engine_locate\", cluster=\"basic\", component=\"tikv\", db=\"kv\", instance=\"basic-tikv-0\", job=\"default-basic-tikv\", kubernetes_namespace=\"default\", prometheus_replica=\"default_basic-monitor-0\", tidb_cluster=\"default-basic\", type=\"block_cache_index_bytes_insert\"}" sample="unsupported value type"
level=debug ts=2022-03-13T15:41:46.293943Z caller=writer.go:94 component=receive component=receive-writer msg="Out of bounds metric" lset="{__name__=\"tikv_engine_locate\", cluster=\"basic\", component=\"tikv\", db=\"raft\", instance=\"basic-tikv-0\", job=\"default-basic-tikv\", kubernetes_namespace=\"default\", prometheus_replica=\"default_basic-monitor-0\", tidb_cluster=\"default-basic\", type=\"keys_read\"}" sample="unsupported value type"
level=debug ts=2022-03-13T15:41:46.2939886Z caller=writer.go:94 component=receive component=receive-writer msg="Out of bounds metric" lset="{__name__=\"tikv_engine_memtable_efficiency\", cluster=\"basic\", component=\"tikv\", db=\"kv\", instance=\"basic-tikv-0\", job=\"default-basic-tikv\", kubernetes_namespace=\"default\", prometheus_replica=\"default_basic-monitor-0\", tidb_cluster=\"default-basic\", type=\"keys_updated\"}" sample="unsupported value type"
level=debug ts=2022-03-13T15:41:46.2940223Z caller=writer.go:94 component=receive component=receive-writer msg="Out of bounds metric" lset="{__name__=\"tikv_engine_memtable_efficiency\", cluster=\"basic\", component=\"tikv\", db=\"raft\", instance=\"basic-tikv-0\", job=\"default-basic-tikv\", kubernetes_namespace=\"default\", prometheus_replica=\"default_basic-monitor-0\", tidb_cluster=\"default-basic\", type=\"small_file\"}" sample="unsupported value type"
level=debug ts=2022-03-13T15:41:46.2940585Z caller=writer.go:94 component=receive component=receive-writer msg="Out of bounds metric" lset="{__name__=\"tikv_engine_read_amp_flow_bytes\", cluster=\"basic\", component=\"tikv\", db=\"kv\", instance=\"basic-tikv-0\", job=\"default-basic-tikv\", kubernetes_namespace=\"default\", prometheus_replica=\"default_basic-monitor-0\", tidb_cluster=\"default-basic\", type=\"block_cache_index_hit\"}" sample="unsupported value type"
level=debug ts=2022-03-13T15:41:46.2941003Z caller=writer.go:94 component=receive component=receive-writer msg="Out of bounds metric" lset="{__name__=\"tikv_engine_read_amp_flow_bytes\", cluster=\"basic\", component=\"tikv\", db=\"raft\", instance=\"basic-tikv-0\", job=\"default-basic-tikv\", kubernetes_namespace=\"default\", prometheus_replica=\"default_basic-monitor-0\", tidb_cluster=\"default-basic\", type=\"keys_relocated\"}" sample="unsupported value type"
level=debug ts=2022-03-13T15:41:46.2941406Z caller=writer.go:94 component=receive component=receive-writer msg="Out of bounds metric" lset="{__name__=\"tikv_engine_stall_memtable_compaction_count\", cluster=\"basic\", component=\"tikv\", db=\"kv\", instance=\"basic-tikv-0\", job=\"default-basic-tikv\", kubernetes_namespace=\"default\", prometheus_replica=\"default_basic-monitor-0\", tidb_cluster=\"default-basic\", type=\"stall_memtable_compaction_count_median\"}" sample="unsupported value type"
level=debug ts=2022-03-13T15:41:46.2942295Z caller=writer.go:94 component=receive component=receive-writer msg="Out of bounds metric" lset="{__name__=\"tikv_engine_write_served\", cluster=\"basic\", component=\"tikv\", db=\"kv\", instance=\"basic-tikv-0\", job=\"default-basic-tikv\", kubernetes_namespace=\"default\", prometheus_replica=\"default_basic-monitor-0\", tidb_cluster=\"default-basic\", type=\"no_file_opens\"}" sample="unsupported value type"
level=debug ts=2022-03-13T15:41:46.294263Z caller=writer.go:94 component=receive component=receive-writer msg="Out of bounds metric" lset="{__name__=\"tikv_engine_write_served\", cluster=\"basic\", component=\"tikv\", db=\"raft\", instance=\"basic-tikv-0\", job=\"default-basic-tikv\", kubernetes_namespace=\"default\", prometheus_replica=\"default_basic-monitor-0\", tidb_cluster=\"default-basic\", type=\"write_timeout\"}" sample="unsupported value type"
level=debug ts=2022-03-13T15:41:46.2943013Z caller=writer.go:94 component=receive component=receive-writer msg="Out of bounds metric" lset="{__name__=\"tikv_gcworker_autogc_safe_point\", cluster=\"basic\", component=\"tikv\", instance=\"basic-tikv-0\", job=\"default-basic-tikv\", kubernetes_namespace=\"default\", prometheus_replica=\"default_basic-monitor-0\", tidb_cluster=\"default-basic\"}" sample="unsupported value type"
level=debug ts=2022-03-13T15:41:46.2943858Z caller=writer.go:94 component=receive component=receive-writer msg="Out of bounds metric" lset="{__name__=\"tikv_grpc_msg_duration_seconds_bucket\", cluster=\"basic\", component=\"tikv\", instance=\"basic-tikv-0\", job=\"default-basic-tikv\", kubernetes_namespace=\"default\", le=\"0.004\", prometheus_replica=\"default_basic-monitor-0\", tidb_cluster=\"default-basic\", type=\"coprocessor_stream\"}" sample="unsupported value type"
level=debug ts=2022-03-13T15:41:46.2944171Z caller=writer.go:94 component=receive component=receive-writer msg="Out of bounds metric" lset="{__name__=\"tikv_grpc_msg_duration_seconds_bucket\", cluster=\"basic\", component=\"tikv\", instance=\"basic-tikv-0\", job=\"default-basic-tikv\", kubernetes_namespace=\"default\", le=\"1.024\", prometheus_replica=\"default_basic-monitor-0\", tidb_cluster=\"default-basic\", type=\"kv_batch_rollback\"}" sample="unsupported value type"
level=debug ts=2022-03-13T15:41:46.2944494Z caller=writer.go:94 component=receive component=receive-writer msg="Out of bounds metric" lset="{__name__=\"tikv_grpc_msg_duration_seconds_bucket\", cluster=\"basic\", component=\"tikv\", instance=\"basic-tikv-0\", job=\"default-basic-tikv\", kubernetes_namespace=\"default\", le=\"262.144\", prometheus_replica=\"default_basic-monitor-0\", tidb_cluster=\"default-basic\", type=\"kv_commit\"}" sample="unsupported value type"
level=debug ts=2022-03-13T15:41:46.2945508Z caller=writer.go:94 component=receive component=receive-writer msg="Out of bounds metric" lset="{__name__=\"tikv_grpc_msg_duration_seconds_bucket\", cluster=\"basic\", component=\"tikv\", instance=\"basic-tikv-0\", job=\"default-basic-tikv\", kubernetes_namespace=\"default\", le=\"0.008\", prometheus_replica=\"default_basic-monitor-0\", tidb_cluster=\"default-basic\", type=\"kv_pessimistic_rollback\"}" sample="unsupported value type"
level=debug ts=2022-03-13T15:41:46.2945914Z caller=writer.go:94 component=receive component=receive-writer msg="Out of bounds metric" lset="{__name__=\"tikv_grpc_msg_duration_seconds_bucket\", cluster=\"basic\", component=\"tikv\", instance=\"basic-tikv-0\", job=\"default-basic-tikv\", kubernetes_namespace=\"default\", le=\"2.048\", prometheus_replica=\"default_basic-monitor-0\", tidb_cluster=\"default-basic\", type=\"kv_scan_lock\"}" sample="unsupported value type"
level=debug ts=2022-03-13T15:41:46.2946362Z caller=writer.go:94 component=receive component=receive-writer msg="Out of bounds metric" lset="{__name__=\"tikv_grpc_msg_duration_seconds_bucket\", cluster=\"basic\", component=\"tikv\", instance=\"basic-tikv-0\", job=\"default-basic-tikv\", kubernetes_namespace=\"default\", le=\"+Inf\", prometheus_replica=\"default_basic-monitor-0\", tidb_cluster=\"default-basic\", type=\"physical_scan_lock\"}" sample="unsupported value type"
level=debug ts=2022-03-13T15:41:46.2946704Z caller=writer.go:94 component=receive component=receive-writer msg="Out of bounds metric" lset="{__name__=\"tikv_grpc_msg_duration_seconds_bucket\", cluster=\"basic\", component=\"tikv\", instance=\"basic-tikv-0\", job=\"default-basic-tikv\", kubernetes_namespace=\"default\", le=\"0.016\", prometheus_replica=\"default_basic-monitor-0\", tidb_cluster=\"default-basic\", type=\"raw_batch_scan\"}" sample="unsupported value type"
level=debug ts=2022-03-13T15:41:46.2947055Z caller=writer.go:94 component=receive component=receive-writer msg="Out of bounds metric" lset="{__name__=\"tikv_grpc_msg_duration_seconds_bucket\", cluster=\"basic\", component=\"tikv\", instance=\"basic-tikv-0\", job=\"default-basic-tikv\", kubernetes_namespace=\"default\", le=\"4.096\", prometheus_replica=\"default_basic-monitor-0\", tidb_cluster=\"default-basic\", type=\"raw_delete\"}" sample="unsupported value type"
level=debug ts=2022-03-13T15:41:46.2948676Z caller=writer.go:94 component=receive component=receive-writer msg="Out of bounds metric" lset="{__name__=\"tikv_grpc_msg_duration_seconds_sum\", cluster=\"basic\", component=\"tikv\", instance=\"basic-tikv-0\", job=\"default-basic-tikv\", kubernetes_namespace=\"default\", prometheus_replica=\"default_basic-monitor-0\", tidb_cluster=\"default-basic\", type=\"raw_put\"}" sample="unsupported value type"
level=debug ts=2022-03-13T15:41:46.2949268Z caller=writer.go:94 component=receive component=receive-writer msg="Out of bounds metric" lset="{__name__=\"tikv_grpc_msg_duration_seconds_bucket\", cluster=\"basic\", component=\"tikv\", instance=\"basic-tikv-0\", job=\"default-basic-tikv\", kubernetes_namespace=\"default\", le=\"0.032\", prometheus_replica=\"default_basic-monitor-0\", tidb_cluster=\"default-basic\", type=\"split_region\"}" sample="unsupported value type"
level=debug ts=2022-03-13T15:41:46.2949692Z caller=writer.go:94 component=receive component=receive-writer msg="Out of bounds metric" lset="{__name__=\"tikv_io_bytes\", cluster=\"basic\", component=\"tikv\", instance=\"basic-tikv-0\", job=\"default-basic-tikv\", kubernetes_namespace=\"default\", op=\"write\", prometheus_replica=\"default_basic-monitor-0\", tidb_cluster=\"default-basic\", type=\"import\"}" sample="unsupported value type"
level=debug ts=2022-03-13T15:41:46.2950027Z caller=writer.go:94 component=receive component=receive-writer msg="Out of bounds metric" lset="{__name__=\"tikv_pd_request_duration_seconds_bucket\", cluster=\"basic\", component=\"tikv\", instance=\"basic-tikv-0\", job=\"default-basic-tikv\", kubernetes_namespace=\"default\", le=\"0.05\", prometheus_replica=\"default_basic-monitor-0\", tidb_cluster=\"default-basic\", type=\"store_heartbeat\"}" sample="unsupported value type"
level=debug ts=2022-03-13T15:41:46.2950447Z caller=writer.go:94 component=receive component=receive-writer msg="Out of bounds metric" lset="{__name__=\"tikv_raftstore_admin_cmd_total\", cluster=\"basic\", component=\"tikv\", instance=\"basic-tikv-0\", job=\"default-basic-tikv\", kubernetes_namespace=\"default\", prometheus_replica=\"default_basic-monitor-0\", status=\"all\", tidb_cluster=\"default-basic\", type=\"conf_change\"}" sample="unsupported value type"
level=debug ts=2022-03-13T15:41:46.2950755Z caller=writer.go:94 component=receive component=receive-writer msg="Out of bounds metric" lset="{__name__=\"tikv_raftstore_apply_log_duration_seconds_bucket\", cluster=\"basic\", component=\"tikv\", instance=\"basic-tikv-0\", job=\"default-basic-tikv\", kubernetes_namespace=\"default\", le=\"16.384\", prometheus_replica=\"default_basic-monitor-0\", tidb_cluster=\"default-basic\"}" sample="unsupported value type"
level=debug ts=2022-03-13T15:41:46.2951124Z caller=writer.go:94 component=receive component=receive-writer msg="Out of bounds metric" lset="{__name__=\"tikv_raftstore_apply_perf_context_time_duration_secs_bucket\", cluster=\"basic\", component=\"tikv\", instance=\"basic-tikv-0\", job=\"default-basic-tikv\", kubernetes_namespace=\"default\", le=\"0.0005\", prometheus_replica=\"default_basic-monitor-0\", tidb_cluster=\"default-basic\", type=\"write_memtable_time\"}" sample="unsupported value type"
level=debug ts=2022-03-13T15:41:46.2952772Z caller=writer.go:94 component=receive component=receive-writer msg="Out of bounds metric" lset="{__name__=\"tikv_raftstore_apply_proposal_bucket\", cluster=\"basic\", component=\"tikv\", instance=\"basic-tikv-0\", job=\"default-basic-tikv\", kubernetes_namespace=\"default\", le=\"256\", prometheus_replica=\"default_basic-monitor-0\", tidb_cluster=\"default-basic\"}" sample="unsupported value type"
level=debug ts=2022-03-13T15:41:46.2953085Z caller=writer.go:94 component=receive component=receive-writer msg="Out of bounds metric" lset="{__name__=\"tikv_raftstore_event_duration_bucket\", cluster=\"basic\", component=\"tikv\", instance=\"basic-tikv-0\", job=\"default-basic-tikv\", kubernetes_namespace=\"default\", le=\"0.04084858287889397\", prometheus_replica=\"default_basic-monitor-0\", tidb_cluster=\"default-basic\", type=\"compact_check\"}" sample="unsupported value type"
level=debug ts=2022-03-13T15:41:46.2953373Z caller=writer.go:94 component=receive component=receive-writer msg="Out of bounds metric" lset="{__name__=\"tikv_raftstore_event_duration_bucket\", cluster=\"basic\", component=\"tikv\", instance=\"basic-tikv-0\", job=\"default-basic-tikv\", kubernetes_namespace=\"default\", le=\"1.668606723213869\", prometheus_replica=\"default_basic-monitor-0\", tidb_cluster=\"default-basic\", type=\"raft_engine_purge\"}" sample="unsupported value type"
level=debug ts=2022-03-13T15:41:46.2953691Z caller=writer.go:94 component=receive component=receive-writer msg="Out of bounds metric" lset="{__name__=\"tikv_raftstore_inspect_duration_seconds_count\", cluster=\"basic\", component=\"tikv\", instance=\"basic-tikv-0\", job=\"default-basic-tikv\", kubernetes_namespace=\"default\", prometheus_replica=\"default_basic-monitor-0\", tidb_cluster=\"default-basic\", type=\"store_wait\"}" sample="unsupported value type"
level=debug ts=2022-03-13T15:41:46.2953978Z caller=writer.go:94 component=receive component=receive-writer msg="Out of bounds metric" lset="{__name__=\"tikv_raftstore_raft_log_gc_deleted_keys_sum\", cluster=\"basic\", component=\"tikv\", instance=\"basic-tikv-0\", job=\"default-basic-tikv\", kubernetes_namespace=\"default\", prometheus_replica=\"default_basic-monitor-0\", tidb_cluster=\"default-basic\"}" sample="unsupported value type"
level=debug ts=2022-03-13T15:41:46.2954315Z caller=writer.go:94 component=receive component=receive-writer msg="Out of bounds metric" lset="{__name__=\"tikv_raftstore_region_size_bucket\", cluster=\"basic\", component=\"tikv\", instance=\"basic-tikv-0\", job=\"default-basic-tikv\", kubernetes_namespace=\"default\", le=\"134217728\", prometheus_replica=\"default_basic-monitor-0\", tidb_cluster=\"default-basic\"}" sample="unsupported value type"
level=debug ts=2022-03-13T15:41:46.2955268Z caller=writer.go:94 component=receive component=receive-writer msg="Out of bounds metric" lset="{__name__=\"tikv_raftstore_store_perf_context_time_duration_secs_bucket\", cluster=\"basic\", component=\"tikv\", instance=\"basic-tikv-0\", job=\"default-basic-tikv\", kubernetes_namespace=\"default\", le=\"0.032\", prometheus_replica=\"default_basic-monitor-0\", tidb_cluster=\"default-basic\", type=\"db_mutex_lock_nanos\"}" sample="unsupported value type"
level=debug ts=2022-03-13T15:41:46.2955674Z caller=writer.go:94 component=receive component=receive-writer msg="Out of bounds metric" lset="{__name__=\"tikv_raftstore_store_perf_context_time_duration_secs_bucket\", cluster=\"basic\", component=\"tikv\", instance=\"basic-tikv-0\", job=\"default-basic-tikv\", kubernetes_namespace=\"default\", le=\"8.192\", prometheus_replica=\"default_basic-monitor-0\", tidb_cluster=\"default-basic\", type=\"write_scheduling_flushes_compactions_time\"}" sample="unsupported value type"
level=debug ts=2022-03-13T15:41:46.2956302Z caller=writer.go:94 component=receive component=receive-writer msg="Out of bounds metric" lset="{__name__=\"tikv_raftstore_store_wf_before_write_duration_seconds_bucket\", cluster=\"basic\", component=\"tikv\", instance=\"basic-tikv-0\", job=\"default-basic-tikv\", kubernetes_namespace=\"default\", le=\"0.65536\", prometheus_replica=\"default_basic-monitor-0\", tidb_cluster=\"default-basic\"}" sample="unsupported value type"
level=debug ts=2022-03-13T15:41:46.2956669Z caller=writer.go:94 component=receive component=receive-writer msg="Out of bounds metric" lset="{__name__=\"tikv_raftstore_store_wf_send_to_queue_duration_seconds_bucket\", cluster=\"basic\", component=\"tikv\", instance=\"basic-tikv-0\", job=\"default-basic-tikv\", kubernetes_namespace=\"default\", le=\"0.00001\", prometheus_replica=\"default_basic-monitor-0\", tidb_cluster=\"default-basic\"}" sample="unsupported value type"
level=debug ts=2022-03-13T15:41:46.2957049Z caller=writer.go:94 component=receive component=receive-writer msg="Out of bounds metric" lset="{__name__=\"tikv_raftstore_store_write_msg_block_wait_duration_seconds_bucket\", cluster=\"basic\", component=\"tikv\", instance=\"basic-tikv-0\", job=\"default-basic-tikv\", kubernetes_namespace=\"default\", le=\"0.08192\", prometheus_replica=\"default_basic-monitor-0\", tidb_cluster=\"default-basic\"}" sample="unsupported value type"
level=debug ts=2022-03-13T15:41:46.2957339Z caller=writer.go:94 component=receive component=receive-writer msg="Out of bounds metric" lset="{__name__=\"tikv_raftstore_store_write_task_wait_duration_secs_bucket\", cluster=\"basic\", component=\"tikv\", instance=\"basic-tikv-0\", job=\"default-basic-tikv\", kubernetes_namespace=\"default\", le=\"+Inf\", prometheus_replica=\"default_basic-monitor-0\", tidb_cluster=\"default-basic\"}" sample="unsupported value type"
level=debug ts=2022-03-13T15:41:46.2966174Z caller=writer.go:94 component=receive component=receive-writer msg="Out of bounds metric" lset="{__name__=\"tikv_region_written_keys_bucket\", cluster=\"basic\", component=\"tikv\", instance=\"basic-tikv-0\", job=\"default-basic-tikv\", kubernetes_namespace=\"default\", le=\"32768\", prometheus_replica=\"default_basic-monitor-0\", tidb_cluster=\"default-basic\"}" sample="unsupported value type"
level=debug ts=2022-03-13T15:41:46.2973637Z caller=writer.go:94 component=receive component=receive-writer msg="Out of bounds metric" lset="{__name__=\"tikv_scheduler_command_duration_seconds_bucket\", cluster=\"basic\", component=\"tikv\", instance=\"basic-tikv-0\", job=\"default-basic-tikv\", kubernetes_namespace=\"default\", le=\"131.072\", prometheus_replica=\"default_basic-monitor-0\", tidb_cluster=\"default-basic\", type=\"acquire_pessimistic_lock\"}" sample="unsupported value type"
level=debug ts=2022-03-13T15:41:46.2974242Z caller=writer.go:94 component=receive component=receive-writer msg="Out of bounds metric" lset="{__name__=\"tikv_scheduler_command_duration_seconds_bucket\", cluster=\"basic\", component=\"tikv\", instance=\"basic-tikv-0\", job=\"default-basic-tikv\", kubernetes_namespace=\"default\", le=\"0.004\", prometheus_replica=\"default_basic-monitor-0\", tidb_cluster=\"default-basic\", type=\"cleanup\"}" sample="unsupported value type"
level=debug ts=2022-03-13T15:41:46.2974746Z caller=writer.go:94 component=receive component=receive-writer msg="Out of bounds metric" lset="{__name__=\"tikv_scheduler_command_duration_seconds_bucket\", cluster=\"basic\", component=\"tikv\", instance=\"basic-tikv-0\", job=\"default-basic-tikv\", kubernetes_namespace=\"default\", le=\"1.024\", prometheus_replica=\"default_basic-monitor-0\", tidb_cluster=\"default-basic\", type=\"key_mvcc\"}" sample="unsupported value type"
level=debug ts=2022-03-13T15:41:46.2975244Z caller=writer.go:94 component=receive component=receive-writer msg="Out of bounds metric" lset="{__name__=\"tikv_scheduler_command_duration_seconds_bucket\", cluster=\"basic\", component=\"tikv\", instance=\"basic-tikv-0\", job=\"default-basic-tikv\", kubernetes_namespace=\"default\", le=\"262.144\", prometheus_replica=\"default_basic-monitor-0\", tidb_cluster=\"default-basic\", type=\"raw_atomic_store\"}" sample="unsupported value type"
level=debug ts=2022-03-13T15:41:46.2975813Z caller=writer.go:94 component=receive component=receive-writer msg="Out of bounds metric" lset="{__name__=\"tikv_scheduler_command_duration_seconds_bucket\", cluster=\"basic\", component=\"tikv\", instance=\"basic-tikv-0\", job=\"default-basic-tikv\", kubernetes_namespace=\"default\", le=\"0.008\", prometheus_replica=\"default_basic-monitor-0\", tidb_cluster=\"default-basic\", type=\"raw_batch_scan\"}" sample="unsupported value type"
level=debug ts=2022-03-13T15:41:46.2976247Z caller=writer.go:94 component=receive component=receive-writer msg="Out of bounds metric" lset="{__name__=\"tikv_scheduler_command_duration_seconds_bucket\", cluster=\"basic\", component=\"tikv\", instance=\"basic-tikv-0\", job=\"default-basic-tikv\", kubernetes_namespace=\"default\", le=\"2.048\", prometheus_replica=\"default_basic-monitor-0\", tidb_cluster=\"default-basic\", type=\"raw_delete_range\"}" sample="unsupported value type"
level=debug ts=2022-03-13T15:41:46.2978162Z caller=writer.go:94 component=receive component=receive-writer msg="Out of bounds metric" lset="{__name__=\"tikv_scheduler_command_duration_seconds_bucket\", cluster=\"basic\", component=\"tikv\", instance=\"basic-tikv-0\", job=\"default-basic-tikv\", kubernetes_namespace=\"default\", le=\"+Inf\", prometheus_replica=\"default_basic-monitor-0\", tidb_cluster=\"default-basic\", type=\"raw_scan\"}" sample="unsupported value type"
level=debug ts=2022-03-13T15:41:46.2978675Z caller=writer.go:94 component=receive component=receive-writer msg="Out of bounds metric" lset="{__name__=\"tikv_scheduler_command_duration_seconds_bucket\", cluster=\"basic\", component=\"tikv\", instance=\"basic-tikv-0\", job=\"default-basic-tikv\", kubernetes_namespace=\"default\", le=\"0.016\", prometheus_replica=\"default_basic-monitor-0\", tidb_cluster=\"default-basic\", type=\"scan_lock\"}" sample="unsupported value type"
level=debug ts=2022-03-13T15:41:46.2979098Z caller=writer.go:94 component=receive component=receive-writer msg="Out of bounds metric" lset="{__name__=\"tikv_scheduler_kv_command_key_read_bucket\", cluster=\"basic\", component=\"tikv\", instance=\"basic-tikv-0\", job=\"default-basic-tikv\", kubernetes_namespace=\"default\", le=\"256\", prometheus_replica=\"default_basic-monitor-0\", tidb_cluster=\"default-basic\", type=\"batch_get\"}" sample="unsupported value type"
level=debug ts=2022-03-13T15:41:46.2979527Z caller=writer.go:94 component=receive component=receive-writer msg="Out of bounds metric" lset="{__name__=\"tikv_scheduler_kv_command_key_read_bucket\", cluster=\"basic\", component=\"tikv\", instance=\"basic-tikv-0\", job=\"default-basic-tikv\", kubernetes_namespace=\"default\", le=\"4096\", prometheus_replica=\"default_basic-monitor-0\", tidb_cluster=\"default-basic\", type=\"cleanup\"}" sample="unsupported value type"
level=debug ts=2022-03-13T15:41:46.2979947Z caller=writer.go:94 component=receive component=receive-writer msg="Out of bounds metric" lset="{__name__=\"tikv_scheduler_kv_command_key_read_bucket\", cluster=\"basic\", component=\"tikv\", instance=\"basic-tikv-0\", job=\"default-basic-tikv\", kubernetes_namespace=\"default\", le=\"65536\", prometheus_replica=\"default_basic-monitor-0\", tidb_cluster=\"default-basic\", type=\"key_mvcc\"}" sample="unsupported value type"
level=debug ts=2022-03-13T15:41:46.298043Z caller=writer.go:94 component=receive component=receive-writer msg="Out of bounds metric" lset="{__name__=\"tikv_scheduler_kv_command_key_read_bucket\", cluster=\"basic\", component=\"tikv\", instance=\"basic-tikv-0\", job=\"default-basic-tikv\", kubernetes_namespace=\"default\", le=\"1048576\", prometheus_replica=\"default_basic-monitor-0\", tidb_cluster=\"default-basic\", type=\"raw_atomic_store\"}" sample="unsupported value type"
level=debug ts=2022-03-13T15:41:46.2981108Z caller=writer.go:94 component=receive component=receive-writer msg="Out of bounds metric" lset="{__name__=\"tikv_scheduler_kv_command_key_read_bucket\", cluster=\"basic\", component=\"tikv\", instance=\"basic-tikv-0\", job=\"default-basic-tikv\", kubernetes_namespace=\"default\", le=\"1\", prometheus_replica=\"default_basic-monitor-0\", tidb_cluster=\"default-basic\", type=\"raw_batch_scan\"}" sample="unsupported value type"
level=debug ts=2022-03-13T15:41:46.2982113Z caller=writer.go:94 component=receive component=receive-writer msg="Out of bounds metric" lset="{__name__=\"tikv_scheduler_kv_command_key_read_bucket\", cluster=\"basic\", component=\"tikv\", instance=\"basic-tikv-0\", job=\"default-basic-tikv\", kubernetes_namespace=\"default\", le=\"16\", prometheus_replica=\"default_basic-monitor-0\", tidb_cluster=\"default-basic\", type=\"raw_delete_range\"}" sample="unsupported value type"
level=debug ts=2022-03-13T15:41:46.2982672Z caller=writer.go:94 component=receive component=receive-writer msg="Out of bounds metric" lset="{__name__=\"tikv_scheduler_kv_command_key_read_bucket\", cluster=\"basic\", component=\"tikv\", instance=\"basic-tikv-0\", job=\"default-basic-tikv\", kubernetes_namespace=\"default\", le=\"256\", prometheus_replica=\"default_basic-monitor-0\", tidb_cluster=\"default-basic\", type=\"raw_scan\"}" sample="unsupported value type"
level=debug ts=2022-03-13T15:41:46.298307Z caller=writer.go:94 component=receive component=receive-writer msg="Out of bounds metric" lset="{__name__=\"tikv_scheduler_kv_command_key_read_bucket\", cluster=\"basic\", component=\"tikv\", instance=\"basic-tikv-0\", job=\"default-basic-tikv\", kubernetes_namespace=\"default\", le=\"4096\", prometheus_replica=\"default_basic-monitor-0\", tidb_cluster=\"default-basic\", type=\"scan\"}" sample="unsupported value type"
level=debug ts=2022-03-13T15:41:46.2983573Z caller=writer.go:94 component=receive component=receive-writer msg="Out of bounds metric" lset="{__name__=\"tikv_scheduler_kv_command_key_write_bucket\", cluster=\"basic\", component=\"tikv\", instance=\"basic-tikv-0\", job=\"default-basic-tikv\", kubernetes_namespace=\"default\", le=\"65536\", prometheus_replica=\"default_basic-monitor-0\", tidb_cluster=\"default-basic\", type=\"acquire_pessimistic_lock\"}" sample="unsupported value type"
level=debug ts=2022-03-13T15:41:46.2984099Z caller=writer.go:94 component=receive component=receive-writer msg="Out of bounds metric" lset="{__name__=\"tikv_scheduler_kv_command_key_write_bucket\", cluster=\"basic\", component=\"tikv\", instance=\"basic-tikv-0\", job=\"default-basic-tikv\", kubernetes_namespace=\"default\", le=\"1048576\", prometheus_replica=\"default_basic-monitor-0\", tidb_cluster=\"default-basic\", type=\"check_txn_status\"}" sample="unsupported value type"
level=debug ts=2022-03-13T15:41:46.2984556Z caller=writer.go:94 component=receive component=receive-writer msg="Out of bounds metric" lset="{__name__=\"tikv_scheduler_kv_command_key_write_bucket\", cluster=\"basic\", component=\"tikv\", instance=\"basic-tikv-0\", job=\"default-basic-tikv\", kubernetes_namespace=\"default\", le=\"1\", prometheus_replica=\"default_basic-monitor-0\", tidb_cluster=\"default-basic\", type=\"key_mvcc\"}" sample="unsupported value type"
level=debug ts=2022-03-13T15:41:46.2985518Z caller=writer.go:94 component=receive component=receive-writer msg="Out of bounds metric" lset="{__name__=\"tikv_scheduler_kv_command_key_write_bucket\", cluster=\"basic\", component=\"tikv\", instance=\"basic-tikv-0\", job=\"default-basic-tikv\", kubernetes_namespace=\"default\", le=\"16\", prometheus_replica=\"default_basic-monitor-0\", tidb_cluster=\"default-basic\", type=\"raw_atomic_store\"}" sample="unsupported value type"
level=debug ts=2022-03-13T15:41:46.2985984Z caller=writer.go:94 component=receive component=receive-writer msg="Out of bounds metric" lset="{__name__=\"tikv_scheduler_kv_command_key_write_bucket\", cluster=\"basic\", component=\"tikv\", instance=\"basic-tikv-0\", job=\"default-basic-tikv\", kubernetes_namespace=\"default\", le=\"256\", prometheus_replica=\"default_basic-monitor-0\", tidb_cluster=\"default-basic\", type=\"raw_batch_put\"}" sample="unsupported value type"
level=debug ts=2022-03-13T15:41:46.2987152Z caller=writer.go:94 component=receive component=receive-writer msg="Out of bounds metric" lset="{__name__=\"tikv_scheduler_kv_command_key_write_bucket\", cluster=\"basic\", component=\"tikv\", instance=\"basic-tikv-0\", job=\"default-basic-tikv\", kubernetes_namespace=\"default\", le=\"4096\", prometheus_replica=\"default_basic-monitor-0\", tidb_cluster=\"default-basic\", type=\"raw_delete\"}" sample="unsupported value type"
level=debug ts=2022-03-13T15:41:46.298847Z caller=writer.go:94 component=receive component=receive-writer msg="Out of bounds metric" lset="{__name__=\"tikv_scheduler_kv_command_key_write_bucket\", cluster=\"basic\", component=\"tikv\", instance=\"basic-tikv-0\", job=\"default-basic-tikv\", kubernetes_namespace=\"default\", le=\"65536\", prometheus_replica=\"default_basic-monitor-0\", tidb_cluster=\"default-basic\", type=\"raw_put\"}" sample="unsupported value type"
level=debug ts=2022-03-13T15:41:46.2989066Z caller=writer.go:94 component=receive component=receive-writer msg="Out of bounds metric" lset="{__name__=\"tikv_scheduler_kv_command_key_write_bucket\", cluster=\"basic\", component=\"tikv\", instance=\"basic-tikv-0\", job=\"default-basic-tikv\", kubernetes_namespace=\"default\", le=\"1048576\", prometheus_replica=\"default_basic-monitor-0\", tidb_cluster=\"default-basic\", type=\"rollback\"}" sample="unsupported value type"
level=debug ts=2022-03-13T15:41:46.2989483Z caller=writer.go:94 component=receive component=receive-writer msg="Out of bounds metric" lset="{__name__=\"tikv_scheduler_kv_scan_details\", cf=\"default\", cluster=\"basic\", component=\"tikv\", instance=\"basic-tikv-0\", job=\"default-basic-tikv\", kubernetes_namespace=\"default\", prometheus_replica=\"default_basic-monitor-0\", req=\"acquire_pessimistic_lock\", tag=\"get\", tidb_cluster=\"default-basic\"}" sample="unsupported value type"
level=debug ts=2022-03-13T15:41:46.2989802Z caller=writer.go:94 component=receive component=receive-writer msg="Out of bounds metric" lset="{__name__=\"tikv_scheduler_kv_scan_details\", cf=\"default\", cluster=\"basic\", component=\"tikv\", instance=\"basic-tikv-0\", job=\"default-basic-tikv\", kubernetes_namespace=\"default\", prometheus_replica=\"default_basic-monitor-0\", req=\"get\", tag=\"prev\", tidb_cluster=\"default-basic\"}" sample="unsupported value type"
level=warn ts=2022-03-13T15:41:46.2990569Z caller=writer.go:139 component=receive component=receive-writer msg="Error on ingesting samples that are too old or are too far into the future" numDropped=100
level=debug ts=2022-03-13T15:41:46.2991439Z caller=handler.go:491 component=receive component=receive-handler
level=debug ts=2022-03-13T15:41:46.3043004Z caller=writer.go:94 component=receive component=receive-writer msg="Out of bounds metric" lset="{__name__=\"tikv_config_raftstore\", cluster=\"basic\", component=\"tikv\", instance=\"basic-tikv-0\", job=\"default-basic-tikv\", kubernetes_namespace=\"default\", name=\"region_compact_min_tombstones\", prometheus_replica=\"default_basic-monitor-0\", tidb_cluster=\"default-basic\"}" sample="unsupported value type"
level=debug ts=2022-03-13T15:41:46.3044081Z caller=writer.go:94 component=receive component=receive-writer msg="Out of bounds metric" lset="{__name__=\"tikv_config_rocksdb\", cf=\"raft\", cluster=\"basic\", component=\"tikv\", instance=\"basic-tikv-0\", job=\"default-basic-tikv\", kubernetes_namespace=\"default\", name=\"level0_file_num_compaction_trigger\", prometheus_replica=\"default_basic-monitor-0\", tidb_cluster=\"default-basic\"}" sample="unsupported value type"
level=debug ts=2022-03-13T15:41:46.3044645Z caller=writer.go:94 component=receive component=receive-writer msg="Out of bounds metric" lset="{__name__=\"tikv_coprocessor_request_duration_seconds_bucket\", cluster=\"basic\", component=\"tikv\", instance=\"basic-tikv-0\", job=\"default-basic-tikv\", kubernetes_namespace=\"default\", le=\"0.002\", prometheus_replica=\"default_basic-monitor-0\", req=\"analyze_full_sampling\", tidb_cluster=\"default-basic\"}" sample="unsupported value type"
level=debug ts=2022-03-13T15:41:46.3045065Z caller=writer.go:94 component=receive component=receive-writer msg="Out of bounds metric" lset="{__name__=\"tikv_coprocessor_request_duration_seconds_bucket\", cluster=\"basic\", component=\"tikv\", instance=\"basic-tikv-0\", job=\"default-basic-tikv\", kubernetes_namespace=\"default\", le=\"0.512\", prometheus_replica=\"default_basic-monitor-0\", req=\"checksum_table\", tidb_cluster=\"default-basic\"}" sample="unsupported value type"
level=debug ts=2022-03-13T15:41:46.3045433Z caller=writer.go:94 component=receive component=receive-writer msg="Out of bounds metric" lset="{__name__=\"tikv_coprocessor_request_handle_seconds_bucket\", cluster=\"basic\", component=\"tikv\", instance=\"basic-tikv-0\", job=\"default-basic-tikv\", kubernetes_namespace=\"default\", le=\"131.072\", prometheus_replica=\"default_basic-monitor-0\", req=\"analyze_full_sampling\", tidb_cluster=\"default-basic\"}" sample="unsupported value type"
level=debug ts=2022-03-13T15:41:46.3045789Z caller=writer.go:94 component=receive component=receive-writer msg="Out of bounds metric" lset="{__name__=\"tikv_coprocessor_request_handle_seconds_bucket\", cluster=\"basic\", component=\"tikv\", instance=\"basic-tikv-0\", job=\"default-basic-tikv\", kubernetes_namespace=\"default\", le=\"0.004\", prometheus_replica=\"default_basic-monitor-0\", req=\"index\", tidb_cluster=\"default-basic\"}" sample="unsupported value type"
level=debug ts=2022-03-13T15:41:46.3046086Z caller=writer.go:94 component=receive component=receive-writer msg="Out of bounds metric" lset="{__name__=\"tikv_coprocessor_request_handler_build_seconds_bucket\", cluster=\"basic\", component=\"tikv\", instance=\"basic-tikv-0\", job=\"default-basic-tikv\", kubernetes_namespace=\"default\", le=\"1.024\", prometheus_replica=\"default_basic-monitor-0\", req=\"analyze_index\", tidb_cluster=\"default-basic\"}" sample="unsupported value type"
level=debug ts=2022-03-13T15:41:46.3046354Z caller=writer.go:94 component=receive component=receive-writer msg="Out of bounds metric" lset="{__name__=\"tikv_coprocessor_request_handler_build_seconds_bucket\", cluster=\"basic\", component=\"tikv\", instance=\"basic-tikv-0\", job=\"default-basic-tikv\", kubernetes_namespace=\"default\", le=\"262.144\", prometheus_replica=\"default_basic-monitor-0\", req=\"index\", tidb_cluster=\"default-basic\"}" sample="unsupported value type"
level=debug ts=2022-03-13T15:41:46.3046841Z caller=writer.go:94 component=receive component=receive-writer msg="Out of bounds metric" lset="{__name__=\"tikv_coprocessor_request_wait_seconds_bucket\", cluster=\"basic\", component=\"tikv\", instance=\"basic-tikv-0\", job=\"default-basic-tikv\", kubernetes_namespace=\"default\", le=\"0.008\", prometheus_replica=\"default_basic-monitor-0\", req=\"analyze_full_sampling\", tidb_cluster=\"default-basic\", type=\"snapshot\"}" sample="unsupported value type"
level=debug ts=2022-03-13T15:41:46.3049249Z caller=writer.go:94 component=receive component=receive-writer msg="Out of bounds metric" lset="{__name__=\"tikv_coprocessor_request_wait_seconds_bucket\", cluster=\"basic\", component=\"tikv\", instance=\"basic-tikv-0\", job=\"default-basic-tikv\", kubernetes_namespace=\"default\", le=\"2.048\", prometheus_replica=\"default_basic-monitor-0\", req=\"analyze_table\", tidb_cluster=\"default-basic\", type=\"all\"}" sample="unsupported value type"
level=debug ts=2022-03-13T15:41:46.3049961Z caller=writer.go:94 component=receive component=receive-writer msg="Out of bounds metric" lset="{__name__=\"tikv_coprocessor_request_wait_seconds_bucket\", cluster=\"basic\", component=\"tikv\", instance=\"basic-tikv-0\", job=\"default-basic-tikv\", kubernetes_namespace=\"default\", le=\"+Inf\", prometheus_replica=\"default_basic-monitor-0\", req=\"checksum_index\", tidb_cluster=\"default-basic\", type=\"schedule\"}" sample="unsupported value type"
level=debug ts=2022-03-13T15:41:46.3050764Z caller=writer.go:94 component=receive component=receive-writer msg="Out of bounds metric" lset="{__name__=\"tikv_coprocessor_request_wait_seconds_bucket\", cluster=\"basic\", component=\"tikv\", instance=\"basic-tikv-0\", job=\"default-basic-tikv\", kubernetes_namespace=\"default\", le=\"0.016\", prometheus_replica=\"default_basic-monitor-0\", req=\"index\", tidb_cluster=\"default-basic\", type=\"all\"}" sample="unsupported value type"
level=debug ts=2022-03-13T15:41:46.3051909Z caller=writer.go:94 component=receive component=receive-writer msg="Out of bounds metric" lset="{__name__=\"tikv_coprocessor_request_wait_seconds_bucket\", cluster=\"basic\", component=\"tikv\", instance=\"basic-tikv-0\", job=\"default-basic-tikv\", kubernetes_namespace=\"default\", le=\"4.096\", prometheus_replica=\"default_basic-monitor-0\", req=\"select\", tidb_cluster=\"default-basic\", type=\"schedule\"}" sample="unsupported value type"
level=debug ts=2022-03-13T15:41:46.3052393Z caller=writer.go:94 component=receive component=receive-writer msg="Out of bounds metric" lset="{__name__=\"tikv_coprocessor_request_wait_seconds_sum\", cluster=\"basic\", component=\"tikv\", instance=\"basic-tikv-0\", job=\"default-basic-tikv\", kubernetes_namespace=\"default\", prometheus_replica=\"default_basic-monitor-0\", req=\"test\", tidb_cluster=\"default-basic\", type=\"snapshot\"}" sample="unsupported value type"
level=debug ts=2022-03-13T15:41:46.3053073Z caller=writer.go:94 component=receive component=receive-writer msg="Out of bounds metric" lset="{__name__=\"tikv_coprocessor_rocksdb_perf\", cluster=\"basic\", component=\"tikv\", instance=\"basic-tikv-0\", job=\"default-basic-tikv\", kubernetes_namespace=\"default\", metric=\"bloom_sst_miss_count\", prometheus_replica=\"default_basic-monitor-0\", req=\"analyze_index\", tidb_cluster=\"default-basic\"}" sample="unsupported value type"
level=debug ts=2022-03-13T15:41:46.3053826Z caller=writer.go:94 component=receive component=receive-writer msg="Out of bounds metric" lset="{__name__=\"tikv_coprocessor_rocksdb_perf\", cluster=\"basic\", component=\"tikv\", instance=\"basic-tikv-0\", job=\"default-basic-tikv\", kubernetes_namespace=\"default\", metric=\"get_read_bytes\", prometheus_replica=\"default_basic-monitor-0\", req=\"index\", tidb_cluster=\"default-basic\"}" sample="unsupported value type"
level=debug ts=2022-03-13T15:41:46.3054374Z caller=writer.go:94 component=receive component=receive-writer msg="Out of bounds metric" lset="{__name__=\"tikv_coprocessor_rocksdb_perf\", cluster=\"basic\", component=\"tikv\", instance=\"basic-tikv-0\", job=\"default-basic-tikv\", kubernetes_namespace=\"default\", metric=\"prev_on_memtable_count\", prometheus_replica=\"default_basic-monitor-0\", req=\"analyze_index\", tidb_cluster=\"default-basic\"}" sample="unsupported value type"
level=debug ts=2022-03-13T15:41:46.3054903Z caller=writer.go:94 component=receive component=receive-writer msg="Out of bounds metric" lset="{__name__=\"tikv_coprocessor_scan_details\", cf=\"default\", cluster=\"basic\", component=\"tikv\", instance=\"basic-tikv-0\", job=\"default-basic-tikv\", kubernetes_namespace=\"default\", prometheus_replica=\"default_basic-monitor-0\", req=\"analyze_index\", tag=\"next\", tidb_cluster=\"default-basic\"}" sample="unsupported value type"
level=debug ts=2022-03-13T15:41:46.305562Z caller=writer.go:94 component=receive component=receive-writer msg="Out of bounds metric" lset="{__name__=\"tikv_coprocessor_scan_details\", cf=\"lock\", cluster=\"basic\", component=\"tikv\", instance=\"basic-tikv-0\", job=\"default-basic-tikv\", kubernetes_namespace=\"default\", prometheus_replica=\"default_basic-monitor-0\", req=\"analyze_index\", tag=\"prev_tombstone\", tidb_cluster=\"default-basic\"}" sample="unsupported value type"
level=debug ts=2022-03-13T15:41:46.3056301Z caller=writer.go:94 component=receive component=receive-writer msg="Out of bounds metric" lset="{__name__=\"tikv_coprocessor_scan_details\", cf=\"write\", cluster=\"basic\", component=\"tikv\", instance=\"basic-tikv-0\", job=\"default-basic-tikv\", kubernetes_namespace=\"default\", prometheus_replica=\"default_basic-monitor-0\", req=\"analyze_index\", tag=\"seek_for_prev_tombstone\", tidb_cluster=\"default-basic\"}" sample="unsupported value type"
level=debug ts=2022-03-13T15:41:46.3056712Z caller=writer.go:94 component=receive component=receive-writer msg="Out of bounds metric" lset="{__name__=\"tikv_coprocessor_scan_keys_bucket\", cluster=\"basic\", component=\"tikv\", instance=\"basic-tikv-0\", job=\"default-basic-tikv\", kind=\"processed_keys\", kubernetes_namespace=\"default\", le=\"4\", prometheus_replica=\"default_basic-monitor-0\", req=\"analyze_index\", tidb_cluster=\"default-basic\"}" sample="unsupported value type"
level=debug ts=2022-03-13T15:41:46.3057087Z caller=writer.go:94 component=receive component=receive-writer msg="Out of bounds metric" lset="{__name__=\"tikv_coprocessor_scan_keys_bucket\", cluster=\"basic\", component=\"tikv\", instance=\"basic-tikv-0\", job=\"default-basic-tikv\", kind=\"processed_keys\", kubernetes_namespace=\"default\", le=\"1024\", prometheus_replica=\"default_basic-monitor-0\", req=\"index\", tidb_cluster=\"default-basic\"}" sample="unsupported value type"
level=debug ts=2022-03-13T15:41:46.3058239Z caller=writer.go:94 component=receive component=receive-writer msg="Out of bounds metric" lset="{__name__=\"tikv_coprocessor_scan_keys_bucket\", cluster=\"basic\", component=\"tikv\", instance=\"basic-tikv-0\", job=\"default-basic-tikv\", kind=\"total\", kubernetes_namespace=\"default\", le=\"262144\", prometheus_replica=\"default_basic-monitor-0\", req=\"analyze_index\", tidb_cluster=\"default-basic\"}" sample="unsupported value type"
level=debug ts=2022-03-13T15:41:46.3058547Z caller=writer.go:94 component=receive component=receive-writer msg="Out of bounds metric" lset="{__name__=\"tikv_coprocessor_scan_keys_bucket\", cluster=\"basic\", component=\"tikv\", instance=\"basic-tikv-0\", job=\"default-basic-tikv\", kind=\"total\", kubernetes_namespace=\"default\", le=\"8\", prometheus_replica=\"default_basic-monitor-0\", req=\"select\", tidb_cluster=\"default-basic\"}" sample="unsupported value type"
level=debug ts=2022-03-13T15:41:46.3060213Z caller=writer.go:94 component=receive component=receive-writer msg="Out of bounds metric" lset="{__name__=\"tikv_engine_bloom_efficiency\", cluster=\"basic\", component=\"tikv\", db=\"kv\", instance=\"basic-tikv-0\", job=\"default-basic-tikv\", kubernetes_namespace=\"default\", prometheus_replica=\"default_basic-monitor-0\", tidb_cluster=\"default-basic\", type=\"failure\"}" sample="unsupported value type"
level=debug ts=2022-03-13T15:41:46.3060561Z caller=writer.go:94 component=receive component=receive-writer msg="Out of bounds metric" lset="{__name__=\"tikv_engine_bloom_efficiency\", cluster=\"basic\", component=\"tikv\", db=\"raft\", instance=\"basic-tikv-0\", job=\"default-basic-tikv\", kubernetes_namespace=\"default\", prometheus_replica=\"default_basic-monitor-0\", tidb_cluster=\"default-basic\", type=\"number_db_next_found\"}" sample="unsupported value type"
level=debug ts=2022-03-13T15:41:46.3060878Z caller=writer.go:94 component=receive component=receive-writer msg="Out of bounds metric" lset="{__name__=\"tikv_engine_cache_efficiency\", cluster=\"basic\", component=\"tikv\", db=\"kv\", instance=\"basic-tikv-0\", job=\"default-basic-tikv\", kubernetes_namespace=\"default\", prometheus_replica=\"default_basic-monitor-0\", tidb_cluster=\"default-basic\", type=\"failure\"}" sample="unsupported value type"
level=debug ts=2022-03-13T15:41:46.3061251Z caller=writer.go:94 component=receive component=receive-writer msg="Out of bounds metric" lset="{__name__=\"tikv_engine_cache_efficiency\", cluster=\"basic\", component=\"tikv\", db=\"raft\", instance=\"basic-tikv-0\", job=\"default-basic-tikv\", kubernetes_namespace=\"default\", prometheus_replica=\"default_basic-monitor-0\", tidb_cluster=\"default-basic\", type=\"number_db_next_found\"}" sample="unsupported value type"
level=debug ts=2022-03-13T15:41:46.3061555Z caller=writer.go:94 component=receive component=receive-writer msg="Out of bounds metric" lset="{__name__=\"tikv_engine_compaction_flow_bytes\", cluster=\"basic\", component=\"tikv\", db=\"raft\", instance=\"basic-tikv-0\", job=\"default-basic-tikv\", kubernetes_namespace=\"default\", prometheus_replica=\"default_basic-monitor-0\", tidb_cluster=\"default-basic\", type=\"block_cache_byte_write\"}" sample="unsupported value type"
level=debug ts=2022-03-13T15:41:46.3061855Z caller=writer.go:94 component=receive component=receive-writer msg="Out of bounds metric" lset="{__name__=\"tikv_engine_compaction_key_drop\", cluster=\"basic\", component=\"tikv\", db=\"kv\", instance=\"basic-tikv-0\", job=\"default-basic-tikv\", kubernetes_namespace=\"default\", prometheus_replica=\"default_basic-monitor-0\", tidb_cluster=\"default-basic\", type=\"compaction_key_drop_newer_entry\"}" sample="unsupported value type"
level=debug ts=2022-03-13T15:41:46.3063045Z caller=writer.go:94 component=receive component=receive-writer msg="Out of bounds metric" lset="{__name__=\"tikv_engine_compaction_key_drop\", cluster=\"basic\", component=\"tikv\", db=\"raft\", instance=\"basic-tikv-0\", job=\"default-basic-tikv\", kubernetes_namespace=\"default\", prometheus_replica=\"default_basic-monitor-0\", tidb_cluster=\"default-basic\", type=\"number_blob_next\"}" sample="unsupported value type"
level=debug ts=2022-03-13T15:41:46.3063655Z caller=writer.go:94 component=receive component=receive-writer msg="Out of bounds metric" lset="{__name__=\"tikv_engine_file_status\", cluster=\"basic\", component=\"tikv\", db=\"kv\", instance=\"basic-tikv-0\", job=\"default-basic-tikv\", kubernetes_namespace=\"default\", prometheus_replica=\"default_basic-monitor-0\", tidb_cluster=\"default-basic\", type=\"bloom_useful\"}" sample="unsupported value type"
level=debug ts=2022-03-13T15:41:46.3064003Z caller=writer.go:94 component=receive component=receive-writer msg="Out of bounds metric" lset="{__name__=\"tikv_engine_file_status\", cluster=\"basic\", component=\"tikv\", db=\"raft\", instance=\"basic-tikv-0\", job=\"default-basic-tikv\", kubernetes_namespace=\"default\", prometheus_replica=\"default_basic-monitor-0\", tidb_cluster=\"default-basic\", type=\"no_file_closes\"}" sample="unsupported value type"
level=debug ts=2022-03-13T15:41:46.3064298Z caller=writer.go:94 component=receive component=receive-writer msg="Out of bounds metric" lset="{__name__=\"tikv_engine_flow_bytes\", cluster=\"basic\", component=\"tikv\", db=\"kv\", instance=\"basic-tikv-0\", job=\"default-basic-tikv\", kubernetes_namespace=\"default\", prometheus_replica=\"default_basic-monitor-0\", tidb_cluster=\"default-basic\", type=\"write_done_by_other\"}" sample="unsupported value type"
level=debug ts=2022-03-13T15:41:46.3064708Z caller=writer.go:94 component=receive component=receive-writer msg="Out of bounds metric" lset="{__name__=\"tikv_engine_get_served\", cluster=\"basic\", component=\"tikv\", db=\"kv\", instance=\"basic-tikv-0\", job=\"default-basic-tikv\", kubernetes_namespace=\"default\", prometheus_replica=\"default_basic-monitor-0\", tidb_cluster=\"default-basic\", type=\"block_cache_data_hit\"}" sample="unsupported value type"
level=debug ts=2022-03-13T15:41:46.3065025Z caller=writer.go:94 component=receive component=receive-writer msg="Out of bounds metric" lset="{__name__=\"tikv_engine_get_served\", cluster=\"basic\", component=\"tikv\", db=\"raft\", instance=\"basic-tikv-0\", job=\"default-basic-tikv\", kubernetes_namespace=\"default\", prometheus_replica=\"default_basic-monitor-0\", tidb_cluster=\"default-basic\", type=\"discardable\"}" sample="unsupported value type"
level=debug ts=2022-03-13T15:41:46.3065334Z caller=writer.go:94 component=receive component=receive-writer msg="Out of bounds metric" lset="{__name__=\"tikv_engine_locate\", cluster=\"basic\", component=\"tikv\", db=\"kv\", instance=\"basic-tikv-0\", job=\"default-basic-tikv\", kubernetes_namespace=\"default\", prometheus_replica=\"default_basic-monitor-0\", tidb_cluster=\"default-basic\", type=\"keys_updated\"}" sample="unsupported value type"
level=debug ts=2022-03-13T15:41:46.3066359Z caller=writer.go:94 component=receive component=receive-writer msg="Out of bounds metric" lset="{__name__=\"tikv_engine_locate\", cluster=\"basic\", component=\"tikv\", db=\"raft\", instance=\"basic-tikv-0\", job=\"default-basic-tikv\", kubernetes_namespace=\"default\", prometheus_replica=\"default_basic-monitor-0\", tidb_cluster=\"default-basic\", type=\"small_file\"}" sample="unsupported value type"
level=debug ts=2022-03-13T15:41:46.3066726Z caller=writer.go:94 component=receive component=receive-writer msg="Out of bounds metric" lset="{__name__=\"tikv_engine_memtable_efficiency\", cluster=\"basic\", component=\"tikv\", db=\"kv\", instance=\"basic-tikv-0\", job=\"default-basic-tikv\", kubernetes_namespace=\"default\", prometheus_replica=\"default_basic-monitor-0\", tidb_cluster=\"default-basic\", type=\"trigger_next\"}" sample="unsupported value type"
level=debug ts=2022-03-13T15:41:46.3067815Z caller=writer.go:94 component=receive component=receive-writer msg="Out of bounds metric" lset="{__name__=\"tikv_engine_num_files_at_level\", cf=\"lock\", cluster=\"basic\", component=\"tikv\", db=\"kv\", instance=\"basic-tikv-0\", job=\"default-basic-tikv\", kubernetes_namespace=\"default\", level=\"4\", prometheus_replica=\"default_basic-monitor-0\", tidb_cluster=\"default-basic\"}" sample="unsupported value type"
level=debug ts=2022-03-13T15:41:46.3068198Z caller=writer.go:94 component=receive component=receive-writer msg="Out of bounds metric" lset="{__name__=\"tikv_engine_read_amp_flow_bytes\", cluster=\"basic\", component=\"tikv\", db=\"kv\", instance=\"basic-tikv-0\", job=\"default-basic-tikv\", kubernetes_namespace=\"default\", prometheus_replica=\"default_basic-monitor-0\", tidb_cluster=\"default-basic\", type=\"keys_written\"}" sample="unsupported value type"
level=debug ts=2022-03-13T15:41:46.3068497Z caller=writer.go:94 component=receive component=receive-writer msg="Out of bounds metric" lset="{__name__=\"tikv_engine_read_amp_flow_bytes\", cluster=\"basic\", component=\"tikv\", db=\"raft\", instance=\"basic-tikv-0\", job=\"default-basic-tikv\", kubernetes_namespace=\"default\", prometheus_replica=\"default_basic-monitor-0\", tidb_cluster=\"default-basic\", type=\"success\"}" sample="unsupported value type"
level=debug ts=2022-03-13T15:41:46.3068821Z caller=writer.go:94 component=receive component=receive-writer msg="Out of bounds metric" lset="{__name__=\"tikv_engine_wal_file_sync_micro_seconds\", cluster=\"basic\", component=\"tikv\", db=\"kv\", instance=\"basic-tikv-0\", job=\"default-basic-tikv\", kubernetes_namespace=\"default\", prometheus_replica=\"default_basic-monitor-0\", tidb_cluster=\"default-basic\", type=\"wal_file_sync_median\"}" sample="unsupported value type"
level=debug ts=2022-03-13T15:41:46.3069145Z caller=writer.go:94 component=receive component=receive-writer msg="Out of bounds metric" lset="{__name__=\"tikv_engine_write_served\", cluster=\"basic\", component=\"tikv\", db=\"raft\", instance=\"basic-tikv-0\", job=\"default-basic-tikv\", kubernetes_namespace=\"default\", prometheus_replica=\"default_basic-monitor-0\", tidb_cluster=\"default-basic\", type=\"blob_cache_hit\"}" sample="unsupported value type"
level=debug ts=2022-03-13T15:41:46.3070157Z caller=writer.go:94 component=receive component=receive-writer msg="Out of bounds metric" lset="{__name__=\"tikv_engine_write_wal_time_micro_seconds\", cluster=\"basic\", component=\"tikv\", db=\"kv\", instance=\"basic-tikv-0\", job=\"default-basic-tikv\", kubernetes_namespace=\"default\", prometheus_replica=\"default_basic-monitor-0\", tidb_cluster=\"default-basic\", type=\"write_wal_micros_average\"}" sample="unsupported value type"
level=debug ts=2022-03-13T15:41:46.3070482Z caller=writer.go:94 component=receive component=receive-writer msg="Out of bounds metric" lset="{__name__=\"tikv_grpc_msg_duration_seconds_sum\", cluster=\"basic\", component=\"tikv\", instance=\"basic-tikv-0\", job=\"default-basic-tikv\", kubernetes_namespace=\"default\", prometheus_replica=\"default_basic-monitor-0\", tidb_cluster=\"default-basic\", type=\"batch_commands\"}" sample="unsupported value type"
level=debug ts=2022-03-13T15:41:46.3070776Z caller=writer.go:94 component=receive component=receive-writer msg="Out of bounds metric" lset="{__name__=\"tikv_grpc_msg_duration_seconds_bucket\", cluster=\"basic\", component=\"tikv\", instance=\"basic-tikv-0\", job=\"default-basic-tikv\", kubernetes_namespace=\"default\", le=\"0.032\", prometheus_replica=\"default_basic-monitor-0\", tidb_cluster=\"default-basic\", type=\"invalid\"}" sample="unsupported value type"
level=debug ts=2022-03-13T15:41:46.3071161Z caller=writer.go:94 component=receive component=receive-writer msg="Out of bounds metric" lset="{__name__=\"tikv_grpc_msg_duration_seconds_bucket\", cluster=\"basic\", component=\"tikv\", instance=\"basic-tikv-0\", job=\"default-basic-tikv\", kubernetes_namespace=\"default\", le=\"8.192\", prometheus_replica=\"default_basic-monitor-0\", tidb_cluster=\"default-basic\", type=\"kv_check_secondary_locks\"}" sample="unsupported value type"
level=debug ts=2022-03-13T15:41:46.3071448Z caller=writer.go:94 component=receive component=receive-writer msg="Out of bounds metric" lset="{__name__=\"tikv_grpc_msg_duration_seconds_count\", cluster=\"basic\", component=\"tikv\", instance=\"basic-tikv-0\", job=\"default-basic-tikv\", kubernetes_namespace=\"default\", prometheus_replica=\"default_basic-monitor-0\", tidb_cluster=\"default-basic\", type=\"kv_delete_range\"}" sample="unsupported value type"
level=debug ts=2022-03-13T15:41:46.3071735Z caller=writer.go:94 component=receive component=receive-writer msg="Out of bounds metric" lset="{__name__=\"tikv_grpc_msg_duration_seconds_bucket\", cluster=\"basic\", component=\"tikv\", instance=\"basic-tikv-0\", job=\"default-basic-tikv\", kubernetes_namespace=\"default\", le=\"0.064\", prometheus_replica=\"default_basic-monitor-0\", tidb_cluster=\"default-basic\", type=\"kv_prewrite\"}" sample="unsupported value type"
level=debug ts=2022-03-13T15:41:46.307265Z caller=writer.go:94 component=receive component=receive-writer msg="Out of bounds metric" lset="{__name__=\"tikv_grpc_msg_duration_seconds_bucket\", cluster=\"basic\", component=\"tikv\", instance=\"basic-tikv-0\", job=\"default-basic-tikv\", kubernetes_namespace=\"default\", le=\"16.384\", prometheus_replica=\"default_basic-monitor-0\", tidb_cluster=\"default-basic\", type=\"kv_txn_heart_beat\"}" sample="unsupported value type"
level=debug ts=2022-03-13T15:41:46.3073275Z caller=writer.go:94 component=receive component=receive-writer msg="Out of bounds metric" lset="{__name__=\"tikv_grpc_msg_duration_seconds_bucket\", cluster=\"basic\", component=\"tikv\", instance=\"basic-tikv-0\", job=\"default-basic-tikv\", kubernetes_namespace=\"default\", le=\"0.0005\", prometheus_replica=\"default_basic-monitor-0\", tidb_cluster=\"default-basic\", type=\"raw_batch_get\"}" sample="unsupported value type"
level=debug ts=2022-03-13T15:41:46.3073642Z caller=writer.go:94 component=receive component=receive-writer msg="Out of bounds metric" lset="{__name__=\"tikv_grpc_msg_duration_seconds_bucket\", cluster=\"basic\", component=\"tikv\", instance=\"basic-tikv-0\", job=\"default-basic-tikv\", kubernetes_namespace=\"default\", le=\"0.128\", prometheus_replica=\"default_basic-monitor-0\", tidb_cluster=\"default-basic\", type=\"raw_checksum\"}" sample="unsupported value type"
level=debug ts=2022-03-13T15:41:46.3073941Z caller=writer.go:94 component=receive component=receive-writer msg="Out of bounds metric" lset="{__name__=\"tikv_grpc_msg_duration_seconds_bucket\", cluster=\"basic\", component=\"tikv\", instance=\"basic-tikv-0\", job=\"default-basic-tikv\", kubernetes_namespace=\"default\", le=\"32.768\", prometheus_replica=\"default_basic-monitor-0\", tidb_cluster=\"default-basic\", type=\"raw_delete_range\"}" sample="unsupported value type"
level=debug ts=2022-03-13T15:41:46.3074309Z caller=writer.go:94 component=receive component=receive-writer msg="Out of bounds metric" lset="{__name__=\"tikv_grpc_msg_duration_seconds_bucket\", cluster=\"basic\", component=\"tikv\", instance=\"basic-tikv-0\", job=\"default-basic-tikv\", kubernetes_namespace=\"default\", le=\"0.001\", prometheus_replica=\"default_basic-monitor-0\", tidb_cluster=\"default-basic\", type=\"read_index\"}" sample="unsupported value type"
level=debug ts=2022-03-13T15:41:46.3074585Z caller=writer.go:94 component=receive component=receive-writer msg="Out of bounds metric" lset="{__name__=\"tikv_grpc_msg_duration_seconds_bucket\", cluster=\"basic\", component=\"tikv\", instance=\"basic-tikv-0\", job=\"default-basic-tikv\", kubernetes_namespace=\"default\", le=\"0.256\", prometheus_replica=\"default_basic-monitor-0\", tidb_cluster=\"default-basic\", type=\"unsafe_destroy_range\"}" sample="unsupported value type"
level=debug ts=2022-03-13T15:41:46.3075595Z caller=writer.go:94 component=receive component=receive-writer msg="Out of bounds metric" lset="{__name__=\"tikv_pd_request_duration_seconds_count\", cluster=\"basic\", component=\"tikv\", instance=\"basic-tikv-0\", job=\"default-basic-tikv\", kubernetes_namespace=\"default\", prometheus_replica=\"default_basic-monitor-0\", tidb_cluster=\"default-basic\", type=\"alloc_id\"}" sample="unsupported value type"
level=debug ts=2022-03-13T15:41:46.3075959Z caller=writer.go:94 component=receive component=receive-writer msg="Out of bounds metric" lset="{__name__=\"tikv_raft_entries_caches\", cluster=\"basic\", component=\"tikv\", instance=\"basic-tikv-0\", job=\"default-basic-tikv\", kubernetes_namespace=\"default\", prometheus_replica=\"default_basic-monitor-0\", tidb_cluster=\"default-basic\"}" sample="unsupported value type"
level=debug ts=2022-03-13T15:41:46.3076254Z caller=writer.go:94 component=receive component=receive-writer msg="Out of bounds metric" lset="{__name__=\"tikv_raftstore_apply_perf_context_time_duration_secs_bucket\", cluster=\"basic\", component=\"tikv\", instance=\"basic-tikv-0\", job=\"default-basic-tikv\", kubernetes_namespace=\"default\", le=\"131.072\", prometheus_replica=\"default_basic-monitor-0\", tidb_cluster=\"default-basic\", type=\"db_condition_wait_nanos\"}" sample="unsupported value type"
level=debug ts=2022-03-13T15:41:46.3076533Z caller=writer.go:94 component=receive component=receive-writer msg="Out of bounds metric" lset="{__name__=\"tikv_raftstore_apply_perf_context_time_duration_secs_bucket\", cluster=\"basic\", component=\"tikv\", instance=\"basic-tikv-0\", job=\"default-basic-tikv\", kubernetes_namespace=\"default\", le=\"0.004\", prometheus_replica=\"default_basic-monitor-0\", tidb_cluster=\"default-basic\", type=\"write_scheduling_flushes_compactions_time\"}" sample="unsupported value type"
level=debug ts=2022-03-13T15:41:46.3076906Z caller=writer.go:94 component=receive component=receive-writer msg="Out of bounds metric" lset="{__name__=\"tikv_raftstore_apply_wait_time_duration_secs_bucket\", cluster=\"basic\", component=\"tikv\", instance=\"basic-tikv-0\", job=\"default-basic-tikv\", kubernetes_namespace=\"default\", le=\"1.024\", prometheus_replica=\"default_basic-monitor-0\", tidb_cluster=\"default-basic\"}" sample="unsupported value type"
level=debug ts=2022-03-13T15:41:46.3086625Z caller=writer.go:94 component=receive component=receive-writer msg="Out of bounds metric" lset="{__name__=\"tikv_raftstore_event_duration_bucket\", cluster=\"basic\", component=\"tikv\", instance=\"basic-tikv-0\", job=\"default-basic-tikv\", kubernetes_namespace=\"default\", le=\"0.16419819077804965\", prometheus_replica=\"default_basic-monitor-0\", tidb_cluster=\"default-basic\", type=\"compact_lock_cf\"}" sample="unsupported value type"
level=debug ts=2022-03-13T15:41:46.3088483Z caller=writer.go:94 component=receive component=receive-writer msg="Out of bounds metric" lset="{__name__=\"tikv_raftstore_event_duration_bucket\", cluster=\"basic\", component=\"tikv\", instance=\"basic-tikv-0\", job=\"default-basic-tikv\", kubernetes_namespace=\"default\", le=\"6.707263404561603\", prometheus_replica=\"default_basic-monitor-0\", tidb_cluster=\"default-basic\", type=\"snap_gc\"}" sample="unsupported value type"
level=debug ts=2022-03-13T15:41:46.3088767Z caller=writer.go:94 component=receive component=receive-writer msg="Out of bounds metric" lset="{__name__=\"tikv_raftstore_local_read_reject_total\", cluster=\"basic\", component=\"tikv\", instance=\"basic-tikv-0\", job=\"default-basic-tikv\", kubernetes_namespace=\"default\", prometheus_replica=\"default_basic-monitor-0\", reason=\"lease_expire\", tidb_cluster=\"default-basic\"}" sample="unsupported value type"
level=debug ts=2022-03-13T15:41:46.308905Z caller=writer.go:94 component=receive component=receive-writer msg="Out of bounds metric" lset="{__name__=\"tikv_raftstore_raft_log_gc_skipped\", cluster=\"basic\", component=\"tikv\", instance=\"basic-tikv-0\", job=\"default-basic-tikv\", kubernetes_namespace=\"default\", prometheus_replica=\"default_basic-monitor-0\", reason=\"reserve_log\", tidb_cluster=\"default-basic\"}" sample="unsupported value type"
level=debug ts=2022-03-13T15:41:46.3089371Z caller=writer.go:94 component=receive component=receive-writer msg="Out of bounds metric" lset="{__name__=\"tikv_raftstore_raft_log_kv_sync_duration_secs_bucket\", cluster=\"basic\", component=\"tikv\", instance=\"basic-tikv-0\", job=\"default-basic-tikv\", kubernetes_namespace=\"default\", le=\"0.0001\", prometheus_replica=\"default_basic-monitor-0\", tidb_cluster=\"default-basic\"}" sample="unsupported value type"
level=debug ts=2022-03-13T15:41:46.3089668Z caller=writer.go:94 component=receive component=receive-writer msg="Out of bounds metric" lset="{__name__=\"tikv_raftstore_request_wait_time_duration_secs_bucket\", cluster=\"basic\", component=\"tikv\", instance=\"basic-tikv-0\", job=\"default-basic-tikv\", kubernetes_namespace=\"default\", le=\"0.512\", prometheus_replica=\"default_basic-monitor-0\", tidb_cluster=\"default-basic\"}" sample="unsupported value type"
level=debug ts=2022-03-13T15:41:46.3090034Z caller=writer.go:94 component=receive component=receive-writer msg="Out of bounds metric" lset="{__name__=\"tikv_raftstore_store_perf_context_time_duration_secs_bucket\", cluster=\"basic\", component=\"tikv\", instance=\"basic-tikv-0\", job=\"default-basic-tikv\", kubernetes_namespace=\"default\", le=\"0.256\", prometheus_replica=\"default_basic-monitor-0\", tidb_cluster=\"default-basic\", type=\"pre_and_post_process\"}" sample="unsupported value type"
level=debug ts=2022-03-13T15:41:46.3091153Z caller=writer.go:94 component=receive component=receive-writer msg="Out of bounds metric" lset="{__name__=\"tikv_raftstore_store_perf_context_time_duration_secs_bucket\", cluster=\"basic\", component=\"tikv\", instance=\"basic-tikv-0\", job=\"default-basic-tikv\", kubernetes_namespace=\"default\", le=\"65.536\", prometheus_replica=\"default_basic-monitor-0\", tidb_cluster=\"default-basic\", type=\"write_thread_wait\"}" sample="unsupported value type"
level=debug ts=2022-03-13T15:41:46.3091535Z caller=writer.go:94 component=receive component=receive-writer msg="Out of bounds metric" lset="{__name__=\"tikv_raftstore_store_wf_commit_log_duration_seconds_bucket\", cluster=\"basic\", component=\"tikv\", instance=\"basic-tikv-0\", job=\"default-basic-tikv\", kubernetes_namespace=\"default\", le=\"0.08192\", prometheus_replica=\"default_basic-monitor-0\", tidb_cluster=\"default-basic\"}" sample="unsupported value type"
level=debug ts=2022-03-13T15:41:46.3091893Z caller=writer.go:94 component=receive component=receive-writer msg="Out of bounds metric" lset="{__name__=\"tikv_raftstore_store_wf_send_to_queue_duration_seconds_bucket\", cluster=\"basic\", component=\"tikv\", instance=\"basic-tikv-0\", job=\"default-basic-tikv\", kubernetes_namespace=\"default\", le=\"+Inf\", prometheus_replica=\"default_basic-monitor-0\", tidb_cluster=\"default-basic\"}" sample="unsupported value type"
level=debug ts=2022-03-13T15:41:46.3092212Z caller=writer.go:94 component=receive component=receive-writer msg="Out of bounds metric" lset="{__name__=\"tikv_raftstore_store_write_raftdb_duration_seconds_bucket\", cluster=\"basic\", component=\"tikv\", instance=\"basic-tikv-0\", job=\"default-basic-tikv\", kubernetes_namespace=\"default\", le=\"0.01024\", prometheus_replica=\"default_basic-monitor-0\", tidb_cluster=\"default-basic\"}" sample="unsupported value type"
level=debug ts=2022-03-13T15:41:46.3092531Z caller=writer.go:94 component=receive component=receive-writer msg="Out of bounds metric" lset="{__name__=\"tikv_region_read_bytes_bucket\", cluster=\"basic\", component=\"tikv\", instance=\"basic-tikv-0\", job=\"default-basic-tikv\", kubernetes_namespace=\"default\", le=\"262144\", prometheus_replica=\"default_basic-monitor-0\", tidb_cluster=\"default-basic\"}" sample="unsupported value type"
level=debug ts=2022-03-13T15:41:46.3092888Z caller=writer.go:94 component=receive component=receive-writer msg="Out of bounds metric" lset="{__name__=\"tikv_resolved_ts_check_leader_duration_seconds_bucket\", cluster=\"basic\", component=\"tikv\", instance=\"basic-tikv-0\", job=\"default-basic-tikv\", kubernetes_namespace=\"default\", le=\"1310.72\", prometheus_replica=\"default_basic-monitor-0\", tidb_cluster=\"default-basic\"}" sample="unsupported value type"
level=debug ts=2022-03-13T15:41:46.3094778Z caller=writer.go:94 component=receive component=receive-writer msg="Out of bounds metric" lset="{__name__=\"tikv_scheduler_command_duration_seconds_sum\", cluster=\"basic\", component=\"tikv\", instance=\"basic-tikv-0\", job=\"default-basic-tikv\", kubernetes_namespace=\"default\", prometheus_replica=\"default_basic-monitor-0\", tidb_cluster=\"default-basic\", type=\"batch_get\"}" sample="unsupported value type"
level=debug ts=2022-03-13T15:41:46.3095329Z caller=writer.go:94 component=receive component=receive-writer msg="Out of bounds metric" lset="{__name__=\"tikv_scheduler_command_duration_seconds_bucket\", cluster=\"basic\", component=\"tikv\", instance=\"basic-tikv-0\", job=\"default-basic-tikv\", kubernetes_namespace=\"default\", le=\"0.032\", prometheus_replica=\"default_basic-monitor-0\", tidb_cluster=\"default-basic\", type=\"commit\"}" sample="unsupported value type"
level=debug ts=2022-03-13T15:41:46.3096178Z caller=writer.go:94 component=receive component=receive-writer msg="Out of bounds metric" lset="{__name__=\"tikv_scheduler_command_duration_seconds_bucket\", cluster=\"basic\", component=\"tikv\", instance=\"basic-tikv-0\", job=\"default-basic-tikv\", kubernetes_namespace=\"default\", le=\"8.192\", prometheus_replica=\"default_basic-monitor-0\", tidb_cluster=\"default-basic\", type=\"pause\"}" sample="unsupported value type"
level=debug ts=2022-03-13T15:41:46.3096708Z caller=writer.go:94 component=receive component=receive-writer msg="Out of bounds metric" lset="{__name__=\"tikv_scheduler_command_duration_seconds_count\", cluster=\"basic\", component=\"tikv\", instance=\"basic-tikv-0\", job=\"default-basic-tikv\", kubernetes_namespace=\"default\", prometheus_replica=\"default_basic-monitor-0\", tidb_cluster=\"default-basic\", type=\"raw_batch_delete\"}" sample="unsupported value type"
level=debug ts=2022-03-13T15:41:46.3097197Z caller=writer.go:94 component=receive component=receive-writer msg="Out of bounds metric" lset="{__name__=\"tikv_scheduler_command_duration_seconds_bucket\", cluster=\"basic\", component=\"tikv\", instance=\"basic-tikv-0\", job=\"default-basic-tikv\", kubernetes_namespace=\"default\", le=\"0.064\", prometheus_replica=\"default_basic-monitor-0\", tidb_cluster=\"default-basic\", type=\"raw_checksum\"}" sample="unsupported value type"
level=debug ts=2022-03-13T15:41:46.309847Z caller=writer.go:94 component=receive component=receive-writer msg="Out of bounds metric" lset="{__name__=\"tikv_scheduler_command_duration_seconds_bucket\", cluster=\"basic\", component=\"tikv\", instance=\"basic-tikv-0\", job=\"default-basic-tikv\", kubernetes_namespace=\"default\", le=\"16.384\", prometheus_replica=\"default_basic-monitor-0\", tidb_cluster=\"default-basic\", type=\"raw_get\"}" sample="unsupported value type"
level=debug ts=2022-03-13T15:41:46.3098982Z caller=writer.go:94 component=receive component=receive-writer msg="Out of bounds metric" lset="{__name__=\"tikv_scheduler_command_duration_seconds_bucket\", cluster=\"basic\", component=\"tikv\", instance=\"basic-tikv-0\", job=\"default-basic-tikv\", kubernetes_namespace=\"default\", le=\"0.0005\", prometheus_replica=\"default_basic-monitor-0\", tidb_cluster=\"default-basic\", type=\"resolve_lock_lite\"}" sample="unsupported value type"
level=debug ts=2022-03-13T15:41:46.3101026Z caller=writer.go:94 component=receive component=receive-writer msg="Out of bounds metric" lset="{__name__=\"tikv_scheduler_command_duration_seconds_bucket\", cluster=\"basic\", component=\"tikv\", instance=\"basic-tikv-0\", job=\"default-basic-tikv\", kubernetes_namespace=\"default\", le=\"0.128\", prometheus_replica=\"default_basic-monitor-0\", tidb_cluster=\"default-basic\", type=\"start_ts_mvcc\"}" sample="unsupported value type"
level=debug ts=2022-03-13T15:41:46.3101494Z caller=writer.go:94 component=receive component=receive-writer msg="Out of bounds metric" lset="{__name__=\"tikv_scheduler_kv_command_key_read_bucket\", cluster=\"basic\", component=\"tikv\", instance=\"basic-tikv-0\", job=\"default-basic-tikv\", kubernetes_namespace=\"default\", le=\"1024\", prometheus_replica=\"default_basic-monitor-0\", tidb_cluster=\"default-basic\", type=\"batch_get_command\"}" sample="unsupported value type"
level=debug ts=2022-03-13T15:41:46.3101947Z caller=writer.go:94 component=receive component=receive-writer msg="Out of bounds metric" lset="{__name__=\"tikv_scheduler_kv_command_key_read_bucket\", cluster=\"basic\", component=\"tikv\", instance=\"basic-tikv-0\", job=\"default-basic-tikv\", kubernetes_namespace=\"default\", le=\"16384\", prometheus_replica=\"default_basic-monitor-0\", tidb_cluster=\"default-basic\", type=\"commit\"}" sample="unsupported value type"
level=debug ts=2022-03-13T15:41:46.3102385Z caller=writer.go:94 component=receive component=receive-writer msg="Out of bounds metric" lset="{__name__=\"tikv_scheduler_kv_command_key_read_bucket\", cluster=\"basic\", component=\"tikv\", instance=\"basic-tikv-0\", job=\"default-basic-tikv\", kubernetes_namespace=\"default\", le=\"262144\", prometheus_replica=\"default_basic-monitor-0\", tidb_cluster=\"default-basic\", type=\"pause\"}" sample="unsupported value type"
level=debug ts=2022-03-13T15:41:46.3102866Z caller=writer.go:94 component=receive component=receive-writer msg="Out of bounds metric" lset="{__name__=\"tikv_scheduler_kv_command_key_read_sum\", cluster=\"basic\", component=\"tikv\", instance=\"basic-tikv-0\", job=\"default-basic-tikv\", kubernetes_namespace=\"default\", prometheus_replica=\"default_basic-monitor-0\", tidb_cluster=\"default-basic\", type=\"raw_batch_delete\"}" sample="unsupported value type"
level=debug ts=2022-03-13T15:41:46.3103658Z caller=writer.go:94 component=receive component=receive-writer msg="Out of bounds metric" lset="{__name__=\"tikv_scheduler_kv_command_key_read_bucket\", cluster=\"basic\", component=\"tikv\", instance=\"basic-tikv-0\", job=\"default-basic-tikv\", kubernetes_namespace=\"default\", le=\"4\", prometheus_replica=\"default_basic-monitor-0\", tidb_cluster=\"default-basic\", type=\"raw_checksum\"}" sample="unsupported value type"
level=debug ts=2022-03-13T15:41:46.3105573Z caller=writer.go:94 component=receive component=receive-writer msg="Out of bounds metric" lset="{__name__=\"tikv_scheduler_kv_command_key_read_bucket\", cluster=\"basic\", component=\"tikv\", instance=\"basic-tikv-0\", job=\"default-basic-tikv\", kubernetes_namespace=\"default\", le=\"64\", prometheus_replica=\"default_basic-monitor-0\", tidb_cluster=\"default-basic\", type=\"raw_get\"}" sample="unsupported value type"
level=debug ts=2022-03-13T15:41:46.3106317Z caller=writer.go:94 component=receive component=receive-writer msg="Out of bounds metric" lset="{__name__=\"tikv_scheduler_kv_command_key_read_bucket\", cluster=\"basic\", component=\"tikv\", instance=\"basic-tikv-0\", job=\"default-basic-tikv\", kubernetes_namespace=\"default\", le=\"1024\", prometheus_replica=\"default_basic-monitor-0\", tidb_cluster=\"default-basic\", type=\"resolve_lock\"}" sample="unsupported value type"
level=debug ts=2022-03-13T15:41:46.3106753Z caller=writer.go:94 component=receive component=receive-writer msg="Out of bounds metric" lset="{__name__=\"tikv_scheduler_kv_command_key_read_bucket\", cluster=\"basic\", component=\"tikv\", instance=\"basic-tikv-0\", job=\"default-basic-tikv\", kubernetes_namespace=\"default\", le=\"16384\", prometheus_replica=\"default_basic-monitor-0\", tidb_cluster=\"default-basic\", type=\"scan_lock\"}" sample="unsupported value type"
level=debug ts=2022-03-13T15:41:46.3108225Z caller=writer.go:94 component=receive component=receive-writer msg="Out of bounds metric" lset="{__name__=\"tikv_scheduler_kv_command_key_write_bucket\", cluster=\"basic\", component=\"tikv\", instance=\"basic-tikv-0\", job=\"default-basic-tikv\", kubernetes_namespace=\"default\", le=\"262144\", prometheus_replica=\"default_basic-monitor-0\", tidb_cluster=\"default-basic\", type=\"batch_get\"}" sample="unsupported value type"
level=debug ts=2022-03-13T15:41:46.3108912Z caller=writer.go:94 component=receive component=receive-writer msg="Out of bounds metric" lset="{__name__=\"tikv_scheduler_kv_command_key_write_sum\", cluster=\"basic\", component=\"tikv\", instance=\"basic-tikv-0\", job=\"default-basic-tikv\", kubernetes_namespace=\"default\", prometheus_replica=\"default_basic-monitor-0\", tidb_cluster=\"default-basic\", type=\"cleanup\"}" sample="unsupported value type"
level=debug ts=2022-03-13T15:41:46.3109425Z caller=writer.go:94 component=receive component=receive-writer msg="Out of bounds metric" lset="{__name__=\"tikv_scheduler_kv_command_key_write_bucket\", cluster=\"basic\", component=\"tikv\", instance=\"basic-tikv-0\", job=\"default-basic-tikv\", kubernetes_namespace=\"default\", le=\"4\", prometheus_replica=\"default_basic-monitor-0\", tidb_cluster=\"default-basic\", type=\"pause\"}" sample="unsupported value type"
level=debug ts=2022-03-13T15:41:46.3110006Z caller=writer.go:94 component=receive component=receive-writer msg="Out of bounds metric" lset="{__name__=\"tikv_scheduler_kv_command_key_write_bucket\", cluster=\"basic\", component=\"tikv\", instance=\"basic-tikv-0\", job=\"default-basic-tikv\", kubernetes_namespace=\"default\", le=\"64\", prometheus_replica=\"default_basic-monitor-0\", tidb_cluster=\"default-basic\", type=\"raw_batch_delete\"}" sample="unsupported value type"
level=debug ts=2022-03-13T15:41:46.3111129Z caller=writer.go:94 component=receive component=receive-writer msg="Out of bounds metric" lset="{__name__=\"tikv_scheduler_kv_command_key_write_bucket\", cluster=\"basic\", component=\"tikv\", instance=\"basic-tikv-0\", job=\"default-basic-tikv\", kubernetes_namespace=\"default\", le=\"1024\", prometheus_replica=\"default_basic-monitor-0\", tidb_cluster=\"default-basic\", type=\"raw_batch_scan\"}" sample="unsupported value type"
level=debug ts=2022-03-13T15:41:46.3111431Z caller=writer.go:94 component=receive component=receive-writer msg="Out of bounds metric" lset="{__name__=\"tikv_scheduler_kv_command_key_write_bucket\", cluster=\"basic\", component=\"tikv\", instance=\"basic-tikv-0\", job=\"default-basic-tikv\", kubernetes_namespace=\"default\", le=\"16384\", prometheus_replica=\"default_basic-monitor-0\", tidb_cluster=\"default-basic\", type=\"raw_delete_range\"}" sample="unsupported value type"
level=debug ts=2022-03-13T15:41:46.3111748Z caller=writer.go:94 component=receive component=receive-writer msg="Out of bounds metric" lset="{__name__=\"tikv_scheduler_kv_command_key_write_bucket\", cluster=\"basic\", component=\"tikv\", instance=\"basic-tikv-0\", job=\"default-basic-tikv\", kubernetes_namespace=\"default\", le=\"262144\", prometheus_replica=\"default_basic-monitor-0\", tidb_cluster=\"default-basic\", type=\"raw_scan\"}" sample="unsupported value type"
level=debug ts=2022-03-13T15:41:46.3112118Z caller=writer.go:94 component=receive component=receive-writer msg="Out of bounds metric" lset="{__name__=\"tikv_scheduler_kv_command_key_write_sum\", cluster=\"basic\", component=\"tikv\", instance=\"basic-tikv-0\", job=\"default-basic-tikv\", kubernetes_namespace=\"default\", prometheus_replica=\"default_basic-monitor-0\", tidb_cluster=\"default-basic\", type=\"scan\"}" sample="unsupported value type"
level=debug ts=2022-03-13T15:41:46.3112448Z caller=writer.go:94 component=receive component=receive-writer msg="Out of bounds metric" lset="{__name__=\"tikv_scheduler_kv_scan_details\", cf=\"default\", cluster=\"basic\", component=\"tikv\", instance=\"basic-tikv-0\", job=\"default-basic-tikv\", kubernetes_namespace=\"default\", prometheus_replica=\"default_basic-monitor-0\", req=\"batch_get_command\", tag=\"next_tombstone\", tidb_cluster=\"default-basic\"}" sample="unsupported value type"
level=debug ts=2022-03-13T15:41:46.3112759Z caller=writer.go:94 component=receive component=receive-writer msg="Out of bounds metric" lset="{__name__=\"tikv_scheduler_kv_scan_details\", cf=\"default\", cluster=\"basic\", component=\"tikv\", instance=\"basic-tikv-0\", job=\"default-basic-tikv\", kubernetes_namespace=\"default\", prometheus_replica=\"default_basic-monitor-0\", req=\"pause\", tag=\"processed_keys\", tidb_cluster=\"default-basic\"}" sample="unsupported value type"
level=warn ts=2022-03-13T15:41:46.3113989Z caller=writer.go:139 component=receive component=receive-writer msg="Error on ingesting samples that are too old or are too far into the future" numDropped=100
level=debug ts=2022-03-13T15:41:46.3114793Z caller=handler.go:491 component=receive component=receive-handler
